Archive member included to satisfy reference by file (symbol)

c:/st/stm32cubeide_1.11.2/stm32cubeide/plugins/com.st.stm32cube.ide.mcu.externaltools.gnu-tools-for-stm32.10.3-2021.10.win32_1.0.100.202210260954/tools/bin/../lib/gcc/arm-none-eabi/10.3.1/../../../../arm-none-eabi/lib/thumb/v7e-m+fp/hard\libstdc++_nano.a(pure.o)
                              ./Core/Src/mainpp.o (__cxa_pure_virtual)
c:/st/stm32cubeide_1.11.2/stm32cubeide/plugins/com.st.stm32cube.ide.mcu.externaltools.gnu-tools-for-stm32.10.3-2021.10.win32_1.0.100.202210260954/tools/bin/../lib/gcc/arm-none-eabi/10.3.1/../../../../arm-none-eabi/lib/thumb/v7e-m+fp/hard\libstdc++_nano.a(eh_terminate.o)
                              c:/st/stm32cubeide_1.11.2/stm32cubeide/plugins/com.st.stm32cube.ide.mcu.externaltools.gnu-tools-for-stm32.10.3-2021.10.win32_1.0.100.202210260954/tools/bin/../lib/gcc/arm-none-eabi/10.3.1/../../../../arm-none-eabi/lib/thumb/v7e-m+fp/hard\libstdc++_nano.a(pure.o) (std::terminate())
c:/st/stm32cubeide_1.11.2/stm32cubeide/plugins/com.st.stm32cube.ide.mcu.externaltools.gnu-tools-for-stm32.10.3-2021.10.win32_1.0.100.202210260954/tools/bin/../lib/gcc/arm-none-eabi/10.3.1/../../../../arm-none-eabi/lib/thumb/v7e-m+fp/hard\libstdc++_nano.a(eh_unex_handler.o)
                              c:/st/stm32cubeide_1.11.2/stm32cubeide/plugins/com.st.stm32cube.ide.mcu.externaltools.gnu-tools-for-stm32.10.3-2021.10.win32_1.0.100.202210260954/tools/bin/../lib/gcc/arm-none-eabi/10.3.1/../../../../arm-none-eabi/lib/thumb/v7e-m+fp/hard\libstdc++_nano.a(eh_terminate.o) (__cxxabiv1::__unexpected_handler)
c:/st/stm32cubeide_1.11.2/stm32cubeide/plugins/com.st.stm32cube.ide.mcu.externaltools.gnu-tools-for-stm32.10.3-2021.10.win32_1.0.100.202210260954/tools/bin/../lib/gcc/arm-none-eabi/10.3.1/../../../../arm-none-eabi/lib/thumb/v7e-m+fp/hard\libstdc++_nano.a(eh_term_handler.o)
                              c:/st/stm32cubeide_1.11.2/stm32cubeide/plugins/com.st.stm32cube.ide.mcu.externaltools.gnu-tools-for-stm32.10.3-2021.10.win32_1.0.100.202210260954/tools/bin/../lib/gcc/arm-none-eabi/10.3.1/../../../../arm-none-eabi/lib/thumb/v7e-m+fp/hard\libstdc++_nano.a(eh_terminate.o) (__cxxabiv1::__terminate_handler)
c:/st/stm32cubeide_1.11.2/stm32cubeide/plugins/com.st.stm32cube.ide.mcu.externaltools.gnu-tools-for-stm32.10.3-2021.10.win32_1.0.100.202210260954/tools/bin/../lib/gcc/arm-none-eabi/10.3.1/../../../../arm-none-eabi/lib/thumb/v7e-m+fp/hard\libm.a(lib_a-s_atan.o)
                              ./Core/Src/LMI_balance.o (atan)
c:/st/stm32cubeide_1.11.2/stm32cubeide/plugins/com.st.stm32cube.ide.mcu.externaltools.gnu-tools-for-stm32.10.3-2021.10.win32_1.0.100.202210260954/tools/bin/../lib/gcc/arm-none-eabi/10.3.1/../../../../arm-none-eabi/lib/thumb/v7e-m+fp/hard\libm.a(lib_a-s_cos.o)
                              ./Core/Src/EKF.o (cos)
c:/st/stm32cubeide_1.11.2/stm32cubeide/plugins/com.st.stm32cube.ide.mcu.externaltools.gnu-tools-for-stm32.10.3-2021.10.win32_1.0.100.202210260954/tools/bin/../lib/gcc/arm-none-eabi/10.3.1/../../../../arm-none-eabi/lib/thumb/v7e-m+fp/hard\libm.a(lib_a-s_fabs.o)
                              c:/st/stm32cubeide_1.11.2/stm32cubeide/plugins/com.st.stm32cube.ide.mcu.externaltools.gnu-tools-for-stm32.10.3-2021.10.win32_1.0.100.202210260954/tools/bin/../lib/gcc/arm-none-eabi/10.3.1/../../../../arm-none-eabi/lib/thumb/v7e-m+fp/hard\libm.a(lib_a-s_atan.o) (fabs)
c:/st/stm32cubeide_1.11.2/stm32cubeide/plugins/com.st.stm32cube.ide.mcu.externaltools.gnu-tools-for-stm32.10.3-2021.10.win32_1.0.100.202210260954/tools/bin/../lib/gcc/arm-none-eabi/10.3.1/../../../../arm-none-eabi/lib/thumb/v7e-m+fp/hard\libm.a(lib_a-s_sin.o)
                              ./Core/Src/EKF.o (sin)
c:/st/stm32cubeide_1.11.2/stm32cubeide/plugins/com.st.stm32cube.ide.mcu.externaltools.gnu-tools-for-stm32.10.3-2021.10.win32_1.0.100.202210260954/tools/bin/../lib/gcc/arm-none-eabi/10.3.1/../../../../arm-none-eabi/lib/thumb/v7e-m+fp/hard\libm.a(lib_a-s_tan.o)
                              ./Core/Src/EKF.o (tan)
c:/st/stm32cubeide_1.11.2/stm32cubeide/plugins/com.st.stm32cube.ide.mcu.externaltools.gnu-tools-for-stm32.10.3-2021.10.win32_1.0.100.202210260954/tools/bin/../lib/gcc/arm-none-eabi/10.3.1/../../../../arm-none-eabi/lib/thumb/v7e-m+fp/hard\libm.a(lib_a-sf_atan.o)
                              ./Core/Src/LMI_balance.o (atanf)
c:/st/stm32cubeide_1.11.2/stm32cubeide/plugins/com.st.stm32cube.ide.mcu.externaltools.gnu-tools-for-stm32.10.3-2021.10.win32_1.0.100.202210260954/tools/bin/../lib/gcc/arm-none-eabi/10.3.1/../../../../arm-none-eabi/lib/thumb/v7e-m+fp/hard\libm.a(lib_a-sf_cos.o)
                              ./Core/Src/CanLogger.o (cosf)
c:/st/stm32cubeide_1.11.2/stm32cubeide/plugins/com.st.stm32cube.ide.mcu.externaltools.gnu-tools-for-stm32.10.3-2021.10.win32_1.0.100.202210260954/tools/bin/../lib/gcc/arm-none-eabi/10.3.1/../../../../arm-none-eabi/lib/thumb/v7e-m+fp/hard\libm.a(lib_a-sf_fabs.o)
[...]
Memory Configuration

Name             Origin             Length             Attributes
RAM              0x0000000020000000 0x0000000000020000 xrw
FLASH            0x0000000008000000 0x0000000000080000 xr
*default*        0x0000000000000000 0xffffffffffffffff

Linker script and memory map

LOAD c:/st/stm32cubeide_1.11.2/stm32cubeide/plugins/com.st.stm32cube.ide.mcu.externaltools.gnu-tools-for-stm32.10.3-2021.10.win32_1.0.100.202210260954/tools/bin/../lib/gcc/arm-none-eabi/10.3.1/thumb/v7e-m+fp/hard/crti.o
LOAD c:/st/stm32cubeide_1.11.2/stm32cubeide/plugins/com.st.stm32cube.ide.mcu.externaltools.gnu-tools-for-stm32.10.3-2021.10.win32_1.0.100.202210260954/tools/bin/../lib/gcc/arm-none-eabi/10.3.1/thumb/v7e-m+fp/hard/crtbegin.o
LOAD c:/st/stm32cubeide_1.11.2/stm32cubeide/plugins/com.st.stm32cube.ide.mcu.externaltools.gnu-tools-for-stm32.10.3-2021.10.win32_1.0.100.202210260954/tools/bin/../lib/gcc/arm-none-eabi/10.3.1/../../../../arm-none-eabi/lib/thumb/v7e-m+fp/hard/crt0.o
LOAD ./Core/Inc/duration.o
LOAD ./Core/Inc/time.o
LOAD ./Core/Src/CanLogger.o
LOAD ./Core/Src/EKF.o
LOAD ./Core/Src/LCD.o
LOAD ./Core/Src/LMI_balance.o
LOAD ./Core/Src/MatrixCalculate.o
LOAD ./Core/Src/MxMotor.o
LOAD ./Core/Src/OpenIMU.o
LOAD ./Core/Src/PDcontrol.o
LOAD ./Core/Src/QuadrantAngle.o
LOAD ./Core/Src/Tracking.o
LOAD ./Core/Src/can.o
LOAD ./Core/Src/controller.o
LOAD ./Core/Src/dma.o
LOAD ./Core/Src/dxl_hal.o
LOAD ./Core/Src/dynamixel.o
LOAD ./Core/Src/estimator.o
LOAD ./Core/Src/gpio.o
LOAD ./Core/Src/main.o
LOAD ./Core/Src/mainpp.o
LOAD ./Core/Src/sensor_fusion.o
LOAD ./Core/Src/spi.o
LOAD ./Core/Src/stm32f4xx_hal_msp.o
LOAD ./Core/Src/stm32f4xx_it.o
LOAD ./Core/Src/syscalls.o
LOAD ./Core/Src/sysmem.o
LOAD ./Core/Src/system_stm32f4xx.o
LOAD ./Core/Src/tim.o
LOAD ./Core/Src/usart.o
LOAD ./Core/Startup/startup_stm32f446retx.o
LOAD ./Drivers/STM32F4xx_HAL_Driver/Src/stm32f4xx_hal.o
LOAD ./Drivers/STM32F4xx_HAL_Driver/Src/stm32f4xx_hal_can.o
LOAD ./Drivers/STM32F4xx_HAL_Driver/Src/stm32f4xx_hal_cortex.o
LOAD ./Drivers/STM32F4xx_HAL_Driver/Src/stm32f4xx_hal_dma.o
LOAD ./Drivers/STM32F4xx_HAL_Driver/Src/stm32f4xx_hal_dma_ex.o
LOAD ./Drivers/STM32F4xx_HAL_Driver/Src/stm32f4xx_hal_exti.o
LOAD ./Drivers/STM32F4xx_HAL_Driver/Src/stm32f4xx_hal_flash.o
LOAD ./Drivers/STM32F4xx_HAL_Driver/Src/stm32f4xx_hal_flash_ex.o
LOAD ./Drivers/STM32F4xx_HAL_Driver/Src/stm32f4xx_hal_flash_ramfunc.o
LOAD ./Drivers/STM32F4xx_HAL_Driver/Src/stm32f4xx_hal_gpio.o
LOAD ./Drivers/STM32F4xx_HAL_Driver/Src/stm32f4xx_hal_pwr.o
LOAD ./Drivers/STM32F4xx_HAL_Driver/Src/stm32f4xx_hal_pwr_ex.o
LOAD ./Drivers/STM32F4xx_HAL_Driver/Src/stm32f4xx_hal_rcc.o
LOAD ./Drivers/STM32F4xx_HAL_Driver/Src/stm32f4xx_hal_rcc_ex.o
LOAD ./Drivers/STM32F4xx_HAL_Driver/Src/stm32f4xx_hal_spi.o
LOAD ./Drivers/STM32F4xx_HAL_Driver/Src/stm32f4xx_hal_tim.o
LOAD ./Drivers/STM32F4xx_HAL_Driver/Src/stm32f4xx_hal_tim_ex.o
LOAD ./Drivers/STM32F4xx_HAL_Driver/Src/stm32f4xx_hal_uart.o
LOAD ./Drivers/STM32F4xx_HAL_Driver/Src/stm32f4xx_ll_dma.o
LOAD ./Drivers/STM32F4xx_HAL_Driver/Src/stm32f4xx_ll_exti.o
LOAD ./Drivers/STM32F4xx_HAL_Driver/Src/stm32f4xx_ll_gpio.o
LOAD ./Drivers/STM32F4xx_HAL_Driver/Src/stm32f4xx_ll_rcc.o
LOAD ./Drivers/STM32F4xx_HAL_Driver/Src/stm32f4xx_ll_tim.o
LOAD ./Drivers/STM32F4xx_HAL_Driver/Src/stm32f4xx_ll_usart.o
LOAD ./Drivers/STM32F4xx_HAL_Driver/Src/stm32f4xx_ll_utils.o
START GROUP
LOAD c:/st/stm32cubeide_1.11.2/stm32cubeide/plugins/com.st.stm32cube.ide.mcu.externaltools.gnu-tools-for-stm32.10.3-2021.10.win32_1.0.100.202210260954/tools/bin/../lib/gcc/arm-none-eabi/10.3.1/../../../../arm-none-eabi/lib/thumb/v7e-m+fp/hard\libstdc++_nano.a
LOAD c:/st/stm32cubeide_1.11.2/stm32cubeide/plugins/com.st.stm32cube.ide.mcu.externaltools.gnu-tools-for-stm32.10.3-2021.10.win32_1.0.100.202210260954/tools/bin/../lib/gcc/arm-none-eabi/10.3.1/../../../../arm-none-eabi/lib/thumb/v7e-m+fp/hard\libsupc++_nano.a
END GROUP
LOAD c:/st/stm32cubeide_1.11.2/stm32cubeide/plugins/com.st.stm32cube.ide.mcu.externaltools.gnu-tools-for-stm32.10.3-2021.10.win32_1.0.100.202210260954/tools/bin/../lib/gcc/arm-none-eabi/10.3.1/../../../../arm-none-eabi/lib/thumb/v7e-m+fp/hard\libstdc++_nano.a
LOAD c:/st/stm32cubeide_1.11.2/stm32cubeide/plugins/com.st.stm32cube.ide.mcu.externaltools.gnu-tools-for-stm32.10.3-2021.10.win32_1.0.100.202210260954/tools/bin/../lib/gcc/arm-none-eabi/10.3.1/../../../../arm-none-eabi/lib/thumb/v7e-m+fp/hard\libm.a
LOAD c:/st/stm32cubeide_1.11.2/stm32cubeide/plugins/com.st.stm32cube.ide.mcu.externaltools.gnu-tools-for-stm32.10.3-2021.10.win32_1.0.100.202210260954/tools/bin/../lib/gcc/arm-none-eabi/10.3.1/../../../../arm-none-eabi/lib/thumb/v7e-m+fp/hard\libc_nano.a
START GROUP
LOAD c:/st/stm32cubeide_1.11.2/stm32cubeide/plugins/com.st.stm32cube.ide.mcu.externaltools.gnu-tools-for-stm32.10.3-2021.10.win32_1.0.100.202210260954/tools/bin/../lib/gcc/arm-none-eabi/10.3.1/thumb/v7e-m+fp/hard\libgcc.a
LOAD c:/st/stm32cubeide_1.11.2/stm32cubeide/plugins/com.st.stm32cube.ide.mcu.externaltools.gnu-tools-for-stm32.10.3-2021.10.win32_1.0.100.202210260954/tools/bin/../lib/gcc/arm-none-eabi/10.3.1/../../../../arm-none-eabi/lib/thumb/v7e-m+fp/hard\libc_nano.a
END GROUP
START GROUP
LOAD c:/st/stm32cubeide_1.11.2/stm32cubeide/plugins/com.st.stm32cube.ide.mcu.externaltools.gnu-tools-for-stm32.10.3-2021.10.win32_1.0.100.202210260954/tools/bin/../lib/gcc/arm-none-eabi/10.3.1/thumb/v7e-m+fp/hard\libgcc.a
LOAD c:/st/stm32cubeide_1.11.2/stm32cubeide/plugins/com.st.stm32cube.ide.mcu.externaltools.gnu-tools-for-stm32.10.3-2021.10.win32_1.0.100.202210260954/tools/bin/../lib/gcc/arm-none-eabi/10.3.1/../../../../arm-none-eabi/lib/thumb/v7e-m+fp/hard\libc_nano.a
LOAD c:/st/stm32cubeide_1.11.2/stm32cubeide/plugins/com.st.stm32cube.ide.mcu.externaltools.gnu-tools-for-stm32.10.3-2021.10.win32_1.0.100.202210260954/tools/bin/../lib/gcc/arm-none-eabi/10.3.1/../../../../arm-none-eabi/lib/thumb/v7e-m+fp/hard\libnosys.a
END GROUP
START GROUP
LOAD c:/st/stm32cubeide_1.11.2/stm32cubeide/plugins/com.st.stm32cube.ide.mcu.externaltools.gnu-tools-for-stm32.10.3-2021.10.win32_1.0.100.202210260954/tools/bin/../lib/gcc/arm-none-eabi/10.3.1/thumb/v7e-m+fp/hard\libgcc.a
LOAD c:/st/stm32cubeide_1.11.2/stm32cubeide/plugins/com.st.stm32cube.ide.mcu.externaltools.gnu-tools-for-stm32.10.3-2021.10.win32_1.0.100.202210260954/tools/bin/../lib/gcc/arm-none-eabi/10.3.1/../../../../arm-none-eabi/lib/thumb/v7e-m+fp/hard\libc_nano.a
LOAD c:/st/stm32cubeide_1.11.2/stm32cubeide/plugins/com.st.stm32cube.ide.mcu.externaltools.gnu-tools-for-stm32.10.3-2021.10.win32_1.0.100.202210260954/tools/bin/../lib/gcc/arm-none-eabi/10.3.1/../../../../arm-none-eabi/lib/thumb/v7e-m+fp/hard\libnosys.a
END GROUP
LOAD c:/st/stm32cubeide_1.11.2/stm32cubeide/plugins/com.st.stm32cube.ide.mcu.externaltools.gnu-tools-for-stm32.10.3-2021.10.win32_1.0.100.202210260954/tools/bin/../lib/gcc/arm-none-eabi/10.3.1/thumb/v7e-m+fp/hard/crtend.o
LOAD c:/st/stm32cubeide_1.11.2/stm32cubeide/plugins/com.st.stm32cube.ide.mcu.externaltools.gnu-tools-for-stm32.10.3-2021.10.win32_1.0.100.202210260954/tools/bin/../lib/gcc/arm-none-eabi/10.3.1/thumb/v7e-m+fp/hard/crtn.o
                0x0000000020020000                _estack = (ORIGIN (RAM) + LENGTH (RAM))
                0x0000000000000200                _Min_Heap_Size = 0x200
                0x0000000000000400                _Min_Stack_Size = 0x400

.isr_vector     0x0000000008000000      0x1c4
                0x0000000008000000                . = ALIGN (0x4)
 *(.isr_vector)
 .isr_vector    0x0000000008000000      0x1c4 ./Core/Startup/startup_stm32f446retx.o
                0x0000000008000000                g_pfnVectors
                0x00000000080001c4                . = ALIGN (0x4)

.text           0x00000000080001c8    0x136e4
                0x00000000080001c8                . = ALIGN (0x4)
 *(.text)
 .text          0x00000000080001c8       0x40 c:/st/stm32cubeide_1.11.2/stm32cubeide/plugins/com.st.stm32cube.ide.mcu.externaltools.gnu-tools-for-stm32.10.3-2021.10.win32_1.0.100.202210260954/tools/bin/../lib/gcc/arm-none-eabi/10.3.1/thumb/v7e-m+fp/hard/crtbegin.o
 .text          0x0000000008000208       0x10 c:/st/stm32cubeide_1.11.2/stm32cubeide/plugins/com.st.stm32cube.ide.mcu.externaltools.gnu-tools-for-stm32.10.3-2021.10.win32_1.0.100.202210260954/tools/bin/../lib/gcc/arm-none-eabi/10.3.1/../../../../arm-none-eabi/lib/thumb/v7e-m+fp/hard\libc_nano.a(lib_a-strlen.o)
                0x0000000008000208                strlen
 .text          0x0000000008000218      0x378 c:/st/stm32cubeide_1.11.2/stm32cubeide/plugins/com.st.stm32cube.ide.mcu.externaltools.gnu-tools-for-stm32.10.3-2021.10.win32_1.0.100.202210260954/tools/bin/../lib/gcc/arm-none-eabi/10.3.1/thumb/v7e-m+fp/hard\libgcc.a(_arm_addsubdf3.o)
                0x0000000008000218                __aeabi_drsub
                0x0000000008000220                __aeabi_dsub
                0x0000000008000220                __subdf3
                0x0000000008000224                __aeabi_dadd
                0x0000000008000224                __adddf3
                0x000000000800049c                __floatunsidf
                0x000000000800049c                __aeabi_ui2d
                0x00000000080004bc                __floatsidf
                0x00000000080004bc                __aeabi_i2d
                0x00000000080004e0                __aeabi_f2d
                0x00000000080004e0                __extendsfdf2
                0x0000000008000524                __floatundidf
                0x0000000008000524                __aeabi_ul2d
                0x0000000008000534                __floatdidf
                0x0000000008000534                __aeabi_l2d
 .text          0x0000000008000590      0x424 c:/st/stm32cubeide_1.11.2/stm32cubeide/plugins/com.st.stm32cube.ide.mcu.externaltools.gnu-tools-for-stm32.10.3-2021.10.win32_1.0.100.202210260954/tools/bin/../lib/gcc/arm-none-eabi/10.3.1/thumb/v7e-m+fp/hard\libgcc.a(_arm_muldivdf3.o)
                0x0000000008000590                __aeabi_dmul
                0x0000000008000590                __muldf3
                0x00000000080007e4                __divdf3
                0x00000000080007e4                __aeabi_ddiv
 .text          0x00000000080009b4      0x110 c:/st/stm32cubeide_1.11.2/stm32cubeide/plugins/com.st.stm32cube.ide.mcu.externaltools.gnu-tools-for-stm32.10.3-2021.10.win32_1.0.100.202210260954/tools/bin/../lib/gcc/arm-none-eabi/10.3.1/thumb/v7e-m+fp/hard\libgcc.a(_arm_cmpdf2.o)
                0x00000000080009b4                __gtdf2
                0x00000000080009b4                __gedf2
                0x00000000080009bc                __ltdf2
                0x00000000080009bc                __ledf2
                0x00000000080009c4                __nedf2
                0x00000000080009c4                __eqdf2
                0x00000000080009c4                __cmpdf2
                0x0000000008000a40                __aeabi_cdrcmple
                0x0000000008000a50                __aeabi_cdcmpeq
                0x0000000008000a50                __aeabi_cdcmple
                0x0000000008000a60                __aeabi_dcmpeq
                0x0000000008000a74                __aeabi_dcmplt
                0x0000000008000a88                __aeabi_dcmple
                0x0000000008000a9c                __aeabi_dcmpge
                0x0000000008000ab0                __aeabi_dcmpgt
 .text          0x0000000008000ac4       0x2c c:/st/stm32cubeide_1.11.2/stm32cubeide/plugins/com.st.stm32cube.ide.mcu.externaltools.gnu-tools-for-stm32.10.3-2021.10.win32_1.0.100.202210260954/tools/bin/../lib/gcc/arm-none-eabi/10.3.1/thumb/v7e-m+fp/hard\libgcc.a(_arm_unorddf2.o)
                0x0000000008000ac4                __unorddf2
                0x0000000008000ac4                __aeabi_dcmpun
 .text          0x0000000008000af0       0x50 c:/st/stm32cubeide_1.11.2/stm32cubeide/plugins/com.st.stm32cube.ide.mcu.externaltools.gnu-tools-for-stm32.10.3-2021.10.win32_1.0.100.202210260954/tools/bin/../lib/gcc/arm-none-eabi/10.3.1/thumb/v7e-m+fp/hard\libgcc.a(_arm_fixdfsi.o)
                0x0000000008000af0                __aeabi_d2iz
                0x0000000008000af0                __fixdfsi
 .text          0x0000000008000b40       0x40 c:/st/stm32cubeide_1.11.2/stm32cubeide/plugins/com.st.stm32cube.ide.mcu.externaltools.gnu-tools-for-stm32.10.3-2021.10.win32_1.0.100.202210260954/tools/bin/../lib/gcc/arm-none-eabi/10.3.1/thumb/v7e-m+fp/hard\libgcc.a(_arm_fixunsdfsi.o)
                0x0000000008000b40                __aeabi_d2uiz
                0x0000000008000b40                __fixunsdfsi
 .text          0x0000000008000b80       0xa0 c:/st/stm32cubeide_1.11.2/stm32cubeide/plugins/com.st.stm32cube.ide.mcu.externaltools.gnu-tools-for-stm32.10.3-2021.10.win32_1.0.100.202210260954/tools/bin/../lib/gcc/arm-none-eabi/10.3.1/thumb/v7e-m+fp/hard\libgcc.a(_arm_truncdfsf2.o)
                0x0000000008000b80                __truncdfsf2
                0x0000000008000b80                __aeabi_d2f
 .text          0x0000000008000c20       0x30 c:/st/stm32cubeide_1.11.2/stm32cubeide/plugins/com.st.stm32cube.ide.mcu.externaltools.gnu-tools-for-stm32.10.3-2021.10.win32_1.0.100.202210260954/tools/bin/../lib/gcc/arm-none-eabi/10.3.1/thumb/v7e-m+fp/hard\libgcc.a(_aeabi_uldivmod.o)
                0x0000000008000c20                __aeabi_uldivmod
 .text          0x0000000008000c50      0x2d0 c:/st/stm32cubeide_1.11.2/stm32cubeide/plugins/com.st.stm32cube.ide.mcu.externaltools.gnu-tools-for-stm32.10.3-2021.10.win32_1.0.100.202210260954/tools/bin/../lib/gcc/arm-none-eabi/10.3.1/thumb/v7e-m+fp/hard\libgcc.a(_udivmoddi4.o)
                0x0000000008000c50                __udivmoddi4
 .text          0x0000000008000f20        0x4 c:/st/stm32cubeide_1.11.2/stm32cubeide/plugins/com.st.stm32cube.ide.mcu.externaltools.gnu-tools-for-stm32.10.3-2021.10.win32_1.0.100.202210260954/tools/bin/../lib/gcc/arm-none-eabi/10.3.1/thumb/v7e-m+fp/hard\libgcc.a(_dvmd_tls.o)
                0x0000000008000f20                __aeabi_idiv0
                0x0000000008000f20                __aeabi_ldiv0
 *(.text*)
 .text._ZN3ros16normalizeSecNSecERmS0_
                0x0000000008000f24       0x58 ./Core/Inc/time.o
                0x0000000008000f24                ros::normalizeSecNSec(unsigned long&, unsigned long&)
 *fill*         0x0000000008000f7c        0x4 
 .text.CanLogger
                0x0000000008000f80      0xd38 ./Core/Src/CanLogger.o
                0x0000000008000f80                CanLogger
 .text.readGPS  0x0000000008001cb8       0x94 ./Core/Src/EKF.o
                0x0000000008001cb8                readGPS
 *fill*         0x0000000008001d4c        0x4 
 .text.ReadAccuracyEstimate
                0x0000000008001d50       0xa4 ./Core/Src/EKF.o
                0x0000000008001d50                ReadAccuracyEstimate
 *fill*         0x0000000008001df4        0x4 
 .text.gpsXY    0x0000000008001df8      0xa10 ./Core/Src/EKF.o
                0x0000000008001df8                gpsXY
 .text.LcdData  0x0000000008002808      0x2ec ./Core/Src/LCD.o
                0x0000000008002808                LcdData
 .text.LL_TIM_OC_SetCompareCH1
                0x0000000008002af4       0x1c ./Core/Src/MxMotor.o
 .text.LL_TIM_OC_GetCompareCH1
                0x0000000008002b10       0x18 ./Core/Src/MxMotor.o
 .text.LL_TIM_ClearFlag_CC1
                0x0000000008002b28       0x1c ./Core/Src/MxMotor.o
 .text.LL_TIM_IsActiveFlag_CC1
                0x0000000008002b44       0x26 ./Core/Src/MxMotor.o
 .text.LL_USART_IsActiveFlag_TC
                0x0000000008002b6a       0x26 ./Core/Src/MxMotor.o
 .text.LL_USART_IsActiveFlag_TXE
                0x0000000008002b90       0x26 ./Core/Src/MxMotor.o
 .text.LL_USART_IsEnabledIT_RXNE
                0x0000000008002bb6       0x26 ./Core/Src/MxMotor.o
 .text.LL_USART_ReceiveData8
                0x0000000008002bdc       0x1a ./Core/Src/MxMotor.o
 .text.LL_USART_TransmitData8
                0x0000000008002bf6       0x1e ./Core/Src/MxMotor.o
 .text.ClearBuffer256
                0x0000000008002c14       0x24 ./Core/Src/MxMotor.o
                0x0000000008002c14                ClearBuffer256
 .text.CheckNewArrive
                0x0000000008002c38       0x2c ./Core/Src/MxMotor.o
                0x0000000008002c38                CheckNewArrive
 .text.TxDByte_DXL
                0x0000000008002c64       0x38 ./Core/Src/MxMotor.o
                0x0000000008002c64                TxDByte_DXL
 .text.RxDByte_DXL
                0x0000000008002c9c       0x50 ./Core/Src/MxMotor.o
                0x0000000008002c9c                RxDByte_DXL
 .text.PrintCommStatus
                0x0000000008002cec       0x14 ./Core/Src/MxMotor.o
                0x0000000008002cec                PrintCommStatus
 .text.PrintErrorCode
                0x0000000008002d00        0xe ./Core/Src/MxMotor.o
                0x0000000008002d00                PrintErrorCode
 .text.TxDWord16
                0x0000000008002d0e       0x2a ./Core/Src/MxMotor.o
                0x0000000008002d0e                TxDWord16
 .text.TxDByte16
                0x0000000008002d38       0x50 ./Core/Src/MxMotor.o
                0x0000000008002d38                TxDByte16
 .text.TxDByte_PC
                0x0000000008002d88       0x30 ./Core/Src/MxMotor.o
                0x0000000008002d88                TxDByte_PC
 .text.TimerInterrupt_1ms
                0x0000000008002db8       0x64 ./Core/Src/MxMotor.o
                0x0000000008002db8                TimerInterrupt_1ms
 .text.RxD0Interrupt
                0x0000000008002e1c       0x40 ./Core/Src/MxMotor.o
                0x0000000008002e1c                RxD0Interrupt
 .text.StartDiscount
                0x0000000008002e5c       0x20 ./Core/Src/MxMotor.o
                0x0000000008002e5c                StartDiscount
 .text.CheckTimeOut
                0x0000000008002e7c       0x20 ./Core/Src/MxMotor.o
                0x0000000008002e7c                CheckTimeOut
 .text.Motor    0x0000000008002e9c       0x9c ./Core/Src/MxMotor.o
                0x0000000008002e9c                Motor
 .text.AngleLimit
                0x0000000008002f38       0x30 ./Core/Src/MxMotor.o
                0x0000000008002f38                AngleLimit
 .text.LL_GPIO_SetOutputPin
                0x0000000008002f68       0x1c ./Core/Src/OpenIMU.o
 .text.LL_GPIO_ResetOutputPin
                0x0000000008002f84       0x1e ./Core/Src/OpenIMU.o
 .text.LL_GPIO_TogglePin
                0x0000000008002fa2       0x32 ./Core/Src/OpenIMU.o
 .text.SPIdelay
                0x0000000008002fd4       0x30 ./Core/Src/OpenIMU.o
                0x0000000008002fd4                SPIdelay
 .text.openIMU  0x0000000008003004      0x37c ./Core/Src/OpenIMU.o
                0x0000000008003004                openIMU
 .text.PDD      0x0000000008003380      0x434 ./Core/Src/PDcontrol.o
                0x0000000008003380                PDD
 .text.LowpassFilter
                0x00000000080037b4       0x68 ./Core/Src/PDcontrol.o
                0x00000000080037b4                LowpassFilter
 .text.MX_CAN1_Init
                0x000000000800381c       0x6c ./Core/Src/can.o
                0x000000000800381c                MX_CAN1_Init
 .text.HAL_CAN_MspInit
                0x0000000008003888       0xb0 ./Core/Src/can.o
                0x0000000008003888                HAL_CAN_MspInit
 .text.CAN_Filter_Init
                0x0000000008003938       0x50 ./Core/Src/can.o
                0x0000000008003938                CAN_Filter_Init
 .text.__NVIC_GetPriorityGrouping
                0x0000000008003988       0x1c ./Core/Src/dma.o
 .text.__NVIC_EnableIRQ
                0x00000000080039a4       0x3c ./Core/Src/dma.o
 .text.__NVIC_SetPriority
                0x00000000080039e0       0x54 ./Core/Src/dma.o
 .text.NVIC_EncodePriority
                0x0000000008003a34       0x66 ./Core/Src/dma.o
 *fill*         0x0000000008003a9a        0x2 
 .text.LL_AHB1_GRP1_EnableClock
                0x0000000008003a9c       0x30 ./Core/Src/dma.o
 .text.MX_DMA_Init
                0x0000000008003acc       0x70 ./Core/Src/dma.o
                0x0000000008003acc                MX_DMA_Init
 .text.LL_GPIO_SetOutputPin
                0x0000000008003b3c       0x1c ./Core/Src/dxl_hal.o
 .text.LL_GPIO_ResetOutputPin
                0x0000000008003b58       0x1e ./Core/Src/dxl_hal.o
 .text.dxl_hal_open
                0x0000000008003b76       0x18 ./Core/Src/dxl_hal.o
                0x0000000008003b76                dxl_hal_open
 .text.dxl_hal_clear
                0x0000000008003b8e        0xc ./Core/Src/dxl_hal.o
                0x0000000008003b8e                dxl_hal_clear
 *fill*         0x0000000008003b9a        0x2 
 .text.dxl_hal_tx
                0x0000000008003b9c       0x4c ./Core/Src/dxl_hal.o
                0x0000000008003b9c                dxl_hal_tx
 .text.dxl_hal_rx
                0x0000000008003be8       0x46 ./Core/Src/dxl_hal.o
                0x0000000008003be8                dxl_hal_rx
 .text.dxl_hal_set_timeout
                0x0000000008003c2e       0x1e ./Core/Src/dxl_hal.o
                0x0000000008003c2e                dxl_hal_set_timeout
 .text.dxl_hal_timeout
                0x0000000008003c4c        0xe ./Core/Src/dxl_hal.o
                0x0000000008003c4c                dxl_hal_timeout
 *fill*         0x0000000008003c5a        0x2 
 .text.dxl_initialize
                0x0000000008003c5c       0x4c ./Core/Src/dynamixel.o
                0x0000000008003c5c                dxl_initialize
 .text.dxl_tx_packet
                0x0000000008003ca8      0x130 ./Core/Src/dynamixel.o
                0x0000000008003ca8                dxl_tx_packet
 .text.dxl_rx_packet
                0x0000000008003dd8      0x230 ./Core/Src/dynamixel.o
                0x0000000008003dd8                dxl_rx_packet
 .text.dxl_txrx_packet
                0x0000000008004008       0x28 ./Core/Src/dynamixel.o
                0x0000000008004008                dxl_txrx_packet
 .text.dxl_get_result
                0x0000000008004030       0x18 ./Core/Src/dynamixel.o
                0x0000000008004030                dxl_get_result
 .text.dxl_makeword
                0x0000000008004048       0x2c ./Core/Src/dynamixel.o
                0x0000000008004048                dxl_makeword
 .text.dxl_get_lowbyte
                0x0000000008004074       0x1e ./Core/Src/dynamixel.o
                0x0000000008004074                dxl_get_lowbyte
 .text.dxl_get_highbyte
                0x0000000008004092       0x26 ./Core/Src/dynamixel.o
                0x0000000008004092                dxl_get_highbyte
 .text.dxl_read_byte
                0x00000000080040b8       0x54 ./Core/Src/dynamixel.o
                0x00000000080040b8                dxl_read_byte
 .text.dxl_read_word
                0x000000000800410c       0x64 ./Core/Src/dynamixel.o
                0x000000000800410c                dxl_read_word
 .text.dxl_write_word
                0x0000000008004170       0x64 ./Core/Src/dynamixel.o
                0x0000000008004170                dxl_write_word
 *fill*         0x00000000080041d4        0x4 
 .text.estimator
                0x00000000080041d8      0x550 ./Core/Src/estimator.o
                0x00000000080041d8                estimator
 .text.LL_AHB1_GRP1_EnableClock
                0x0000000008004728       0x30 ./Core/Src/gpio.o
 .text.LL_SYSCFG_SetEXTISource
                0x0000000008004758       0x5c ./Core/Src/gpio.o
 .text.LL_GPIO_SetPinMode
                0x00000000080047b4       0x5e ./Core/Src/gpio.o
 .text.LL_GPIO_SetPinPull
                0x0000000008004812       0x5e ./Core/Src/gpio.o
 .text.LL_GPIO_ResetOutputPin
                0x0000000008004870       0x1e ./Core/Src/gpio.o
 *fill*         0x000000000800488e        0x2 
 .text.MX_GPIO_Init
                0x0000000008004890      0x148 ./Core/Src/gpio.o
                0x0000000008004890                MX_GPIO_Init
 .text.LL_DMA_SetDataLength
                0x00000000080049d8       0x48 ./Core/Src/main.o
 .text.LL_DMA_SetMemoryAddress
                0x0000000008004a20       0x30 ./Core/Src/main.o
 .text.LL_DMA_SetPeriphAddress
                0x0000000008004a50       0x30 ./Core/Src/main.o
 .text.LL_RCC_HSE_EnableBypass
                0x0000000008004a80       0x20 ./Core/Src/main.o
 .text.LL_RCC_HSE_Enable
                0x0000000008004aa0       0x20 ./Core/Src/main.o
 .text.LL_RCC_HSE_IsReady
                0x0000000008004ac0       0x28 ./Core/Src/main.o
 .text.LL_RCC_SetSysClkSource
                0x0000000008004ae8       0x28 ./Core/Src/main.o
 .text.LL_RCC_GetSysClkSource
                0x0000000008004b10       0x1c ./Core/Src/main.o
 .text.LL_RCC_SetAHBPrescaler
                0x0000000008004b2c       0x28 ./Core/Src/main.o
 .text.LL_RCC_SetAPB1Prescaler
                0x0000000008004b54       0x28 ./Core/Src/main.o
 .text.LL_RCC_SetAPB2Prescaler
                0x0000000008004b7c       0x28 ./Core/Src/main.o
 .text.LL_RCC_SetTIMPrescaler
                0x0000000008004ba4       0x2c ./Core/Src/main.o
 .text.LL_RCC_PLL_Enable
                0x0000000008004bd0       0x20 ./Core/Src/main.o
 .text.LL_RCC_PLL_IsReady
                0x0000000008004bf0       0x28 ./Core/Src/main.o
 .text.LL_RCC_PLL_ConfigDomain_SYS
                0x0000000008004c18       0x5c ./Core/Src/main.o
 .text.LL_FLASH_SetLatency
                0x0000000008004c74       0x28 ./Core/Src/main.o
 .text.LL_FLASH_GetLatency
                0x0000000008004c9c       0x1c ./Core/Src/main.o
 .text.LL_EXTI_EnableIT_0_31
                0x0000000008004cb8       0x24 ./Core/Src/main.o
 .text.LL_EXTI_EnableRisingTrig_0_31
                0x0000000008004cdc       0x24 ./Core/Src/main.o
 .text.LL_EXTI_ReadFlag_0_31
                0x0000000008004d00       0x20 ./Core/Src/main.o
 .text.LL_EXTI_ClearFlag_0_31
                0x0000000008004d20       0x20 ./Core/Src/main.o
 .text.LL_SYSTICK_SetClkSource
                0x0000000008004d40       0x38 ./Core/Src/main.o
 .text.LL_SYSTICK_EnableIT
                0x0000000008004d78       0x20 ./Core/Src/main.o
 .text.LL_PWR_EnableOverDriveMode
                0x0000000008004d98       0x20 ./Core/Src/main.o
 .text.LL_PWR_SetRegulVoltageScaling
                0x0000000008004db8       0x28 ./Core/Src/main.o
 .text.LL_TIM_EnableCounter
                0x0000000008004de0       0x20 ./Core/Src/main.o
 .text.LL_TIM_CC_EnableChannel
                0x0000000008004e00       0x22 ./Core/Src/main.o
 .text.LL_TIM_IC_GetCaptureCH1
                0x0000000008004e22       0x18 ./Core/Src/main.o
 .text.LL_TIM_IC_GetCaptureCH3
                0x0000000008004e3a       0x18 ./Core/Src/main.o
 .text.LL_TIM_IC_GetCaptureCH4
                0x0000000008004e52       0x18 ./Core/Src/main.o
 .text.LL_TIM_EnableIT_CC1
                0x0000000008004e6a       0x20 ./Core/Src/main.o
 .text.LL_USART_EnableIT_RXNE
                0x0000000008004e8a       0x46 ./Core/Src/main.o
 .text.LL_USART_DMA_GetRegAddr
                0x0000000008004ed0       0x18 ./Core/Src/main.o
 .text.LL_GPIO_SetOutputPin
                0x0000000008004ee8       0x1c ./Core/Src/main.o
 .text.LL_GPIO_ResetOutputPin
                0x0000000008004f04       0x1e ./Core/Src/main.o
 .text.TxMSG_Init
                0x0000000008004f22       0x2c ./Core/Src/main.o
 *fill*         0x0000000008004f4e        0x2 
 .text.main     0x0000000008004f50      0xa0c ./Core/Src/main.o
                0x0000000008004f50                main
 .text.SystemClock_Config
                0x000000000800595c       0xa4 ./Core/Src/main.o
                0x000000000800595c                SystemClock_Config
 .text.start_read
                0x0000000008005a00       0x44 ./Core/Src/main.o
                0x0000000008005a00                start_read
 .text.check_sum
                0x0000000008005a44       0x70 ./Core/Src/main.o
                0x0000000008005a44                check_sum
 .text.EmergencyBrake
                0x0000000008005ab4       0xa4 ./Core/Src/main.o
                0x0000000008005ab4                EmergencyBrake
 .text.HAL_TIM_PeriodElapsedCallback
                0x0000000008005b58       0xd0 ./Core/Src/main.o
                0x0000000008005b58                HAL_TIM_PeriodElapsedCallback
 .text.Error_Handler
                0x0000000008005c28        0xa ./Core/Src/main.o
                0x0000000008005c28                Error_Handler
 .text._ZN3ros4TimeC2Ev
                0x0000000008005c32       0x22 ./Core/Src/mainpp.o
                0x0000000008005c32                ros::Time::Time()
                0x0000000008005c32                ros::Time::Time()
 .text._ZN3ros3MsgC2Ev
                0x0000000008005c54       0x20 ./Core/Src/mainpp.o
                0x0000000008005c54                ros::Msg::Msg()
                0x0000000008005c54                ros::Msg::Msg()
 .text._ZN8std_msgs4TimeC2Ev
                0x0000000008005c74       0x30 ./Core/Src/mainpp.o
                0x0000000008005c74                std_msgs::Time::Time()
                0x0000000008005c74                std_msgs::Time::Time()
 .text._ZNK8std_msgs4Time9serializeEPh
                0x0000000008005ca4       0xb0 ./Core/Src/mainpp.o
                0x0000000008005ca4                std_msgs::Time::serialize(unsigned char*) const
 .text._ZN8std_msgs4Time11deserializeEPh
                0x0000000008005d54       0xc8 ./Core/Src/mainpp.o
                0x0000000008005d54                std_msgs::Time::deserialize(unsigned char*)
 .text._ZN8std_msgs4Time7getTypeEv
                0x0000000008005e1c       0x1c ./Core/Src/mainpp.o
                0x0000000008005e1c                std_msgs::Time::getType()
 .text._ZN8std_msgs4Time6getMD5Ev
                0x0000000008005e38       0x1c ./Core/Src/mainpp.o
                0x0000000008005e38                std_msgs::Time::getMD5()
 .text._ZN14rosserial_msgs9TopicInfoC2Ev
                0x0000000008005e54       0x48 ./Core/Src/mainpp.o
                0x0000000008005e54                rosserial_msgs::TopicInfo::TopicInfo()
                0x0000000008005e54                rosserial_msgs::TopicInfo::TopicInfo()
 .text._ZNK14rosserial_msgs9TopicInfo9serializeEPh
                0x0000000008005e9c      0x136 ./Core/Src/mainpp.o
                0x0000000008005e9c                rosserial_msgs::TopicInfo::serialize(unsigned char*) const
 .text._ZN14rosserial_msgs9TopicInfo11deserializeEPh
                0x0000000008005fd2      0x1d0 ./Core/Src/mainpp.o
                0x0000000008005fd2                rosserial_msgs::TopicInfo::deserialize(unsigned char*)
 *fill*         0x00000000080061a2        0x2 
 .text._ZN14rosserial_msgs9TopicInfo7getTypeEv
                0x00000000080061a4       0x1c ./Core/Src/mainpp.o
                0x00000000080061a4                rosserial_msgs::TopicInfo::getType()
 .text._ZN14rosserial_msgs9TopicInfo6getMD5Ev
                0x00000000080061c0       0x1c ./Core/Src/mainpp.o
                0x00000000080061c0                rosserial_msgs::TopicInfo::getMD5()
 .text._ZN14rosserial_msgs3LogC2Ev
                0x00000000080061dc       0x34 ./Core/Src/mainpp.o
                0x00000000080061dc                rosserial_msgs::Log::Log()
                0x00000000080061dc                rosserial_msgs::Log::Log()
 .text._ZNK14rosserial_msgs3Log9serializeEPh
                0x0000000008006210       0x64 ./Core/Src/mainpp.o
                0x0000000008006210                rosserial_msgs::Log::serialize(unsigned char*) const
 .text._ZN14rosserial_msgs3Log11deserializeEPh
                0x0000000008006274       0x90 ./Core/Src/mainpp.o
                0x0000000008006274                rosserial_msgs::Log::deserialize(unsigned char*)
 .text._ZN14rosserial_msgs3Log7getTypeEv
                0x0000000008006304       0x1c ./Core/Src/mainpp.o
                0x0000000008006304                rosserial_msgs::Log::getType()
 .text._ZN14rosserial_msgs3Log6getMD5Ev
                0x0000000008006320       0x1c ./Core/Src/mainpp.o
                0x0000000008006320                rosserial_msgs::Log::getMD5()
 .text._ZN14rosserial_msgs20RequestParamResponseC2Ev
                0x000000000800633c       0x48 ./Core/Src/mainpp.o
                0x000000000800633c                rosserial_msgs::RequestParamResponse::RequestParamResponse()
                0x000000000800633c                rosserial_msgs::RequestParamResponse::RequestParamResponse()
 .text._ZNK14rosserial_msgs20RequestParamResponse9serializeEPh
                0x0000000008006384      0x222 ./Core/Src/mainpp.o
                0x0000000008006384                rosserial_msgs::RequestParamResponse::serialize(unsigned char*) const
 .text._ZN14rosserial_msgs20RequestParamResponse11deserializeEPh
                0x00000000080065a6      0x2e2 ./Core/Src/mainpp.o
                0x00000000080065a6                rosserial_msgs::RequestParamResponse::deserialize(unsigned char*)
 .text._ZN14rosserial_msgs20RequestParamResponse7getTypeEv
                0x0000000008006888       0x1c ./Core/Src/mainpp.o
                0x0000000008006888                rosserial_msgs::RequestParamResponse::getType()
 .text._ZN14rosserial_msgs20RequestParamResponse6getMD5Ev
                0x00000000080068a4       0x1c ./Core/Src/mainpp.o
                0x00000000080068a4                rosserial_msgs::RequestParamResponse::getMD5()
 .text._ZN3ros9PublisherC2EPKcPNS_3MsgEi
                0x00000000080068c0       0x2e ./Core/Src/mainpp.o
                0x00000000080068c0                ros::Publisher::Publisher(char const*, ros::Msg*, int)
                0x00000000080068c0                ros::Publisher::Publisher(char const*, ros::Msg*, int)
 .text._ZN3ros9Publisher7publishEPKNS_3MsgE
                0x00000000080068ee       0x28 ./Core/Src/mainpp.o
                0x00000000080068ee                ros::Publisher::publish(ros::Msg const*)
 .text._ZN3ros9Publisher15getEndpointTypeEv
                0x0000000008006916       0x18 ./Core/Src/mainpp.o
                0x0000000008006916                ros::Publisher::getEndpointType()
 .text._ZN13STM32Hardware10getRdmaIndEv
                0x000000000800692e       0x26 ./Core/Src/mainpp.o
                0x000000000800692e                STM32Hardware::getRdmaInd()
 .text._ZN13STM32HardwareC2Ev
                0x0000000008006954       0x38 ./Core/Src/mainpp.o
                0x0000000008006954                STM32Hardware::STM32Hardware()
                0x0000000008006954                STM32Hardware::STM32Hardware()
 .text._ZN13STM32Hardware4initEv
                0x000000000800698c       0x16 ./Core/Src/mainpp.o
                0x000000000800698c                STM32Hardware::init()
 .text._ZN13STM32Hardware10reset_rbufEv
                0x00000000080069a2       0x22 ./Core/Src/mainpp.o
                0x00000000080069a2                STM32Hardware::reset_rbuf()
 .text._ZN13STM32Hardware4readEv
                0x00000000080069c4       0x5a ./Core/Src/mainpp.o
                0x00000000080069c4                STM32Hardware::read()
 *fill*         0x0000000008006a1e        0x2 
 .text._ZN13STM32Hardware5flushEv
                0x0000000008006a20       0xf0 ./Core/Src/mainpp.o
                0x0000000008006a20                STM32Hardware::flush()
 .text._ZN13STM32Hardware5writeEPhi
                0x0000000008006b10       0x8c ./Core/Src/mainpp.o
                0x0000000008006b10                STM32Hardware::write(unsigned char*, int)
 .text._ZN13STM32Hardware4timeEv
                0x0000000008006b9c       0x16 ./Core/Src/mainpp.o
                0x0000000008006b9c                STM32Hardware::time()
 *fill*         0x0000000008006bb2        0x2 
 .text._ZN13geometry_msgs7Vector3C2Ev
                0x0000000008006bb4       0x50 ./Core/Src/mainpp.o
                0x0000000008006bb4                geometry_msgs::Vector3::Vector3()
                0x0000000008006bb4                geometry_msgs::Vector3::Vector3()
 .text._ZNK13geometry_msgs7Vector39serializeEPh
                0x0000000008006c04      0x2e6 ./Core/Src/mainpp.o
                0x0000000008006c04                geometry_msgs::Vector3::serialize(unsigned char*) const
 .text._ZN13geometry_msgs7Vector311deserializeEPh
                0x0000000008006eea      0x6be ./Core/Src/mainpp.o
                0x0000000008006eea                geometry_msgs::Vector3::deserialize(unsigned char*)
 .text._ZN13geometry_msgs7Vector37getTypeEv
                0x00000000080075a8       0x1c ./Core/Src/mainpp.o
                0x00000000080075a8                geometry_msgs::Vector3::getType()
 .text._ZN13geometry_msgs7Vector36getMD5Ev
                0x00000000080075c4       0x1c ./Core/Src/mainpp.o
                0x00000000080075c4                geometry_msgs::Vector3::getMD5()
 .text._ZN13geometry_msgs5TwistC2Ev
                0x00000000080075e0       0x38 ./Core/Src/mainpp.o
                0x00000000080075e0                geometry_msgs::Twist::Twist()
                0x00000000080075e0                geometry_msgs::Twist::Twist()
 .text._ZNK13geometry_msgs5Twist9serializeEPh
                0x0000000008007618       0x4c ./Core/Src/mainpp.o
                0x0000000008007618                geometry_msgs::Twist::serialize(unsigned char*) const
 .text._ZN13geometry_msgs5Twist11deserializeEPh
                0x0000000008007664       0x4c ./Core/Src/mainpp.o
                0x0000000008007664                geometry_msgs::Twist::deserialize(unsigned char*)
 .text._ZN13geometry_msgs5Twist7getTypeEv
                0x00000000080076b0       0x1c ./Core/Src/mainpp.o
                0x00000000080076b0                geometry_msgs::Twist::getType()
 .text._ZN13geometry_msgs5Twist6getMD5Ev
                0x00000000080076cc       0x1c ./Core/Src/mainpp.o
                0x00000000080076cc                geometry_msgs::Twist::getMD5()
 .text._ZN3ros3MsgaSERKS0_
                0x00000000080076e8       0x18 ./Core/Src/mainpp.o
                0x00000000080076e8                ros::Msg::operator=(ros::Msg const&)
 .text._ZN13geometry_msgs7Vector3aSERKS0_
                0x0000000008007700       0x44 ./Core/Src/mainpp.o
                0x0000000008007700                geometry_msgs::Vector3::operator=(geometry_msgs::Vector3 const&)
 .text._ZN13geometry_msgs5TwistaSERKS0_
                0x0000000008007744       0x44 ./Core/Src/mainpp.o
                0x0000000008007744                geometry_msgs::Twist::operator=(geometry_msgs::Twist const&)
 .text._Z10command_cbRKN13geometry_msgs5TwistE
                0x0000000008007788       0x1c ./Core/Src/mainpp.o
                0x0000000008007788                command_cb(geometry_msgs::Twist const&)
 .text.HAL_UART_TxCpltCallback
                0x00000000080077a4       0x24 ./Core/Src/mainpp.o
                0x00000000080077a4                HAL_UART_TxCpltCallback
 .text.HAL_UART_RxCpltCallback
                0x00000000080077c8       0x24 ./Core/Src/mainpp.o
                0x00000000080077c8                HAL_UART_RxCpltCallback
 .text.setup    0x00000000080077ec       0x38 ./Core/Src/mainpp.o
                0x00000000080077ec                setup
 .text.loop2    0x0000000008007824      0x160 ./Core/Src/mainpp.o
                0x0000000008007824                loop2
 .text._ZN3ros3Msg8varToArrIPhmEEvT_T0_
                0x0000000008007984       0x3c ./Core/Src/mainpp.o
                0x0000000008007984                void ros::Msg::varToArr<unsigned char*, unsigned long>(unsigned char*, unsigned long)
 .text._ZN3ros3Msg8arrToVarImPhEEvRT_T0_
                0x00000000080079c0       0x4a ./Core/Src/mainpp.o
                0x00000000080079c0                void ros::Msg::arrToVar<unsigned long, unsigned char*>(unsigned long&, unsigned char*)
 *fill*         0x0000000008007a0a        0x2 
 .text._ZN3ros15NodeHandleBase_C2Ev
                0x0000000008007a0c       0x20 ./Core/Src/mainpp.o
                0x0000000008007a0c                ros::NodeHandleBase_::NodeHandleBase_()
                0x0000000008007a0c                ros::NodeHandleBase_::NodeHandleBase_()
 .text._ZN3ros11NodeHandle_I13STM32HardwareLi25ELi25ELi512ELi512EEC2Ev
                0x0000000008007a2c      0x100 ./Core/Src/mainpp.o
                0x0000000008007a2c                ros::NodeHandle_<STM32Hardware, 25, 25, 512, 512>::NodeHandle_()
                0x0000000008007a2c                ros::NodeHandle_<STM32Hardware, 25, 25, 512, 512>::NodeHandle_()
 .text._ZN3ros11Subscriber_C2Ev
                0x0000000008007b2c       0x20 ./Core/Src/mainpp.o
                0x0000000008007b2c                ros::Subscriber_::Subscriber_()
                0x0000000008007b2c                ros::Subscriber_::Subscriber_()
 .text._ZN3ros10SubscriberIN13geometry_msgs5TwistEvEC2EPKcPFvRKS2_Ei
                0x0000000008007b4c       0x48 ./Core/Src/mainpp.o
                0x0000000008007b4c                ros::Subscriber<geometry_msgs::Twist, void>::Subscriber(char const*, void (*)(geometry_msgs::Twist const&), int)
                0x0000000008007b4c                ros::Subscriber<geometry_msgs::Twist, void>::Subscriber(char const*, void (*)(geometry_msgs::Twist const&), int)
 .text._ZN3ros11NodeHandle_I13STM32HardwareLi25ELi25ELi512ELi512EE11getHardwareEv
                0x0000000008007b94       0x18 ./Core/Src/mainpp.o
                0x0000000008007b94                ros::NodeHandle_<STM32Hardware, 25, 25, 512, 512>::getHardware()
 .text._ZN3ros11NodeHandle_I13STM32HardwareLi25ELi25ELi512ELi512EE8initNodeEv
                0x0000000008007bac       0x3a ./Core/Src/mainpp.o
                0x0000000008007bac                ros::NodeHandle_<STM32Hardware, 25, 25, 512, 512>::initNode()
 .text._ZN3ros11NodeHandle_I13STM32HardwareLi25ELi25ELi512ELi512EE9advertiseERNS_9PublisherE
                0x0000000008007be6       0x60 ./Core/Src/mainpp.o
                0x0000000008007be6                ros::NodeHandle_<STM32Hardware, 25, 25, 512, 512>::advertise(ros::Publisher&)
 .text._ZN3ros11NodeHandle_I13STM32HardwareLi25ELi25ELi512ELi512EE9subscribeINS_10SubscriberIN13geometry_msgs5TwistEvEEEEbRT_
                0x0000000008007c46       0x56 ./Core/Src/mainpp.o
                0x0000000008007c46                bool ros::NodeHandle_<STM32Hardware, 25, 25, 512, 512>::subscribe<ros::Subscriber<geometry_msgs::Twist, void> >(ros::Subscriber<geometry_msgs::Twist, void>&)
 .text._ZN3ros11NodeHandle_I13STM32HardwareLi25ELi25ELi512ELi512EE9connectedEv
                0x0000000008007c9c       0x1a ./Core/Src/mainpp.o
                0x0000000008007c9c                ros::NodeHandle_<STM32Hardware, 25, 25, 512, 512>::connected()
 .text._ZN3ros11NodeHandle_I13STM32HardwareLi25ELi25ELi512ELi512EE8spinOnceEv
                0x0000000008007cb6      0x3b2 ./Core/Src/mainpp.o
                0x0000000008007cb6                ros::NodeHandle_<STM32Hardware, 25, 25, 512, 512>::spinOnce()
 .text._ZN3ros11NodeHandle_I13STM32HardwareLi25ELi25ELi512ELi512EE15requestSyncTimeEv
                0x0000000008008068       0x3c ./Core/Src/mainpp.o
                0x0000000008008068                ros::NodeHandle_<STM32Hardware, 25, 25, 512, 512>::requestSyncTime()
 .text._ZN3ros11NodeHandle_I13STM32HardwareLi25ELi25ELi512ELi512EE15negotiateTopicsEv
                0x00000000080080a4      0x1be ./Core/Src/mainpp.o
                0x00000000080080a4                ros::NodeHandle_<STM32Hardware, 25, 25, 512, 512>::negotiateTopics()
 *fill*         0x0000000008008262        0x2 
 .text._ZN3ros11NodeHandle_I13STM32HardwareLi25ELi25ELi512ELi512EE8syncTimeEPh
                0x0000000008008264       0x98 ./Core/Src/mainpp.o
                0x0000000008008264                ros::NodeHandle_<STM32Hardware, 25, 25, 512, 512>::syncTime(unsigned char*)
 .text._ZN3ros11NodeHandle_I13STM32HardwareLi25ELi25ELi512ELi512EE7publishEiPKNS_3MsgE
                0x00000000080082fc      0x128 ./Core/Src/mainpp.o
                0x00000000080082fc                ros::NodeHandle_<STM32Hardware, 25, 25, 512, 512>::publish(int, ros::Msg const*)
 .text._ZN3ros11NodeHandle_I13STM32HardwareLi25ELi25ELi512ELi512EE6setNowERNS_4TimeE
                0x0000000008008424       0x80 ./Core/Src/mainpp.o
                0x0000000008008424                ros::NodeHandle_<STM32Hardware, 25, 25, 512, 512>::setNow(ros::Time&)
 .text._ZN3ros11NodeHandle_I13STM32HardwareLi25ELi25ELi512ELi512EE8logerrorEPKc
                0x00000000080084a4       0x1c ./Core/Src/mainpp.o
                0x00000000080084a4                ros::NodeHandle_<STM32Hardware, 25, 25, 512, 512>::logerror(char const*)
 .text._ZN3ros11NodeHandle_I13STM32HardwareLi25ELi25ELi512ELi512EE3logEcPKc
                0x00000000080084c0       0x38 ./Core/Src/mainpp.o
                0x00000000080084c0                ros::NodeHandle_<STM32Hardware, 25, 25, 512, 512>::log(char, char const*)
 .text._Z41__static_initialization_and_destruction_0ii
                0x00000000080084f8       0x8c ./Core/Src/mainpp.o
 .text._ZN3ros10SubscriberIN13geometry_msgs5TwistEvE8callbackEPh
                0x0000000008008584       0x2a ./Core/Src/mainpp.o
                0x0000000008008584                ros::Subscriber<geometry_msgs::Twist, void>::callback(unsigned char*)
 .text._ZN3ros10SubscriberIN13geometry_msgs5TwistEvE15getEndpointTypeEv
                0x00000000080085ae       0x18 ./Core/Src/mainpp.o
                0x00000000080085ae                ros::Subscriber<geometry_msgs::Twist, void>::getEndpointType()
 .text._ZN3ros10SubscriberIN13geometry_msgs5TwistEvE10getMsgTypeEv
                0x00000000080085c6       0x1c ./Core/Src/mainpp.o
                0x00000000080085c6                ros::Subscriber<geometry_msgs::Twist, void>::getMsgType()
 .text._ZN3ros10SubscriberIN13geometry_msgs5TwistEvE9getMsgMD5Ev
                0x00000000080085e2       0x1c ./Core/Src/mainpp.o
                0x00000000080085e2                ros::Subscriber<geometry_msgs::Twist, void>::getMsgMD5()
 .text._GLOBAL__sub_I_nh
                0x00000000080085fe       0x10 ./Core/Src/mainpp.o
 *fill*         0x000000000800860e        0x2 
 .text.MX_SPI2_Init
                0x0000000008008610       0x70 ./Core/Src/spi.o
                0x0000000008008610                MX_SPI2_Init
 .text.HAL_SPI_MspInit
                0x0000000008008680       0x90 ./Core/Src/spi.o
                0x0000000008008680                HAL_SPI_MspInit
 .text.HAL_MspInit
                0x0000000008008710       0x50 ./Core/Src/stm32f4xx_hal_msp.o
                0x0000000008008710                HAL_MspInit
 .text.LL_DMA_EnableStream
                0x0000000008008760       0x40 ./Core/Src/stm32f4xx_it.o
 .text.LL_DMA_DisableStream
                0x00000000080087a0       0x40 ./Core/Src/stm32f4xx_it.o
 .text.LL_DMA_IsActiveFlag_TC3
                0x00000000080087e0       0x28 ./Core/Src/stm32f4xx_it.o
 .text.LL_DMA_ClearFlag_TC3
                0x0000000008008808       0x1c ./Core/Src/stm32f4xx_it.o
 .text.LL_TIM_ClearFlag_CC1
                0x0000000008008824       0x1c ./Core/Src/stm32f4xx_it.o
 .text.LL_TIM_IsActiveFlag_CC1
                0x0000000008008840       0x26 ./Core/Src/stm32f4xx_it.o
 .text.LL_USART_IsActiveFlag_RXNE
                0x0000000008008866       0x26 ./Core/Src/stm32f4xx_it.o
 .text.LL_USART_ClearFlag_RXNE
                0x000000000800888c       0x1c ./Core/Src/stm32f4xx_it.o
 .text.LL_USART_EnableDMAReq_RX
                0x00000000080088a8       0x46 ./Core/Src/stm32f4xx_it.o
 .text.LL_USART_DisableDMAReq_RX
                0x00000000080088ee       0x46 ./Core/Src/stm32f4xx_it.o
 .text.LL_GPIO_TogglePin
                0x0000000008008934       0x32 ./Core/Src/stm32f4xx_it.o
 .text.NMI_Handler
                0x0000000008008966        0x6 ./Core/Src/stm32f4xx_it.o
                0x0000000008008966                NMI_Handler
 .text.HardFault_Handler
                0x000000000800896c        0x6 ./Core/Src/stm32f4xx_it.o
                0x000000000800896c                HardFault_Handler
 .text.MemManage_Handler
                0x0000000008008972        0x6 ./Core/Src/stm32f4xx_it.o
                0x0000000008008972                MemManage_Handler
 .text.BusFault_Handler
                0x0000000008008978        0x6 ./Core/Src/stm32f4xx_it.o
                0x0000000008008978                BusFault_Handler
 .text.UsageFault_Handler
                0x000000000800897e        0x6 ./Core/Src/stm32f4xx_it.o
                0x000000000800897e                UsageFault_Handler
 .text.SVC_Handler
                0x0000000008008984        0xe ./Core/Src/stm32f4xx_it.o
                0x0000000008008984                SVC_Handler
 .text.DebugMon_Handler
                0x0000000008008992        0xe ./Core/Src/stm32f4xx_it.o
                0x0000000008008992                DebugMon_Handler
 .text.PendSV_Handler
                0x00000000080089a0        0xe ./Core/Src/stm32f4xx_it.o
                0x00000000080089a0                PendSV_Handler
 .text.SysTick_Handler
                0x00000000080089ae        0xc ./Core/Src/stm32f4xx_it.o
                0x00000000080089ae                SysTick_Handler
 .text.DMA1_Stream1_IRQHandler
                0x00000000080089ba        0xe ./Core/Src/stm32f4xx_it.o
                0x00000000080089ba                DMA1_Stream1_IRQHandler
 .text.DMA1_Stream3_IRQHandler
                0x00000000080089c8       0x28 ./Core/Src/stm32f4xx_it.o
                0x00000000080089c8                DMA1_Stream3_IRQHandler
 .text.DMA1_Stream5_IRQHandler
                0x00000000080089f0       0x14 ./Core/Src/stm32f4xx_it.o
                0x00000000080089f0                DMA1_Stream5_IRQHandler
 .text.DMA1_Stream6_IRQHandler
                0x0000000008008a04       0x14 ./Core/Src/stm32f4xx_it.o
                0x0000000008008a04                DMA1_Stream6_IRQHandler
 .text.CAN1_RX0_IRQHandler
                0x0000000008008a18       0x78 ./Core/Src/stm32f4xx_it.o
                0x0000000008008a18                CAN1_RX0_IRQHandler
 .text.TIM1_TRG_COM_TIM11_IRQHandler
                0x0000000008008a90       0x14 ./Core/Src/stm32f4xx_it.o
                0x0000000008008a90                TIM1_TRG_COM_TIM11_IRQHandler
 .text.TIM2_IRQHandler
                0x0000000008008aa4        0xc ./Core/Src/stm32f4xx_it.o
                0x0000000008008aa4                TIM2_IRQHandler
 .text.USART2_IRQHandler
                0x0000000008008ab0       0x14 ./Core/Src/stm32f4xx_it.o
                0x0000000008008ab0                USART2_IRQHandler
 .text.USART3_IRQHandler
                0x0000000008008ac4       0x78 ./Core/Src/stm32f4xx_it.o
                0x0000000008008ac4                USART3_IRQHandler
 .text.TIM8_BRK_TIM12_IRQHandler
                0x0000000008008b3c       0x14 ./Core/Src/stm32f4xx_it.o
                0x0000000008008b3c                TIM8_BRK_TIM12_IRQHandler
 .text.TIM8_TRG_COM_TIM14_IRQHandler
                0x0000000008008b50       0x14 ./Core/Src/stm32f4xx_it.o
                0x0000000008008b50                TIM8_TRG_COM_TIM14_IRQHandler
 .text.TIM8_CC_IRQHandler
                0x0000000008008b64       0x20 ./Core/Src/stm32f4xx_it.o
                0x0000000008008b64                TIM8_CC_IRQHandler
 .text.UART4_IRQHandler
                0x0000000008008b84        0xc ./Core/Src/stm32f4xx_it.o
                0x0000000008008b84                UART4_IRQHandler
 .text._getpid  0x0000000008008b90       0x10 ./Core/Src/syscalls.o
                0x0000000008008b90                _getpid
 .text._kill    0x0000000008008ba0       0x20 ./Core/Src/syscalls.o
                0x0000000008008ba0                _kill
 .text._exit    0x0000000008008bc0       0x14 ./Core/Src/syscalls.o
                0x0000000008008bc0                _exit
 .text._sbrk    0x0000000008008bd4       0x6c ./Core/Src/sysmem.o
                0x0000000008008bd4                _sbrk
 .text.SystemInit
                0x0000000008008c40       0x24 ./Core/Src/system_stm32f4xx.o
                0x0000000008008c40                SystemInit
 .text.__NVIC_GetPriorityGrouping
                0x0000000008008c64       0x1c ./Core/Src/tim.o
 .text.__NVIC_EnableIRQ
                0x0000000008008c80       0x3c ./Core/Src/tim.o
 .text.__NVIC_SetPriority
                0x0000000008008cbc       0x54 ./Core/Src/tim.o
 .text.NVIC_EncodePriority
                0x0000000008008d10       0x66 ./Core/Src/tim.o
 *fill*         0x0000000008008d76        0x2 
 .text.LL_AHB1_GRP1_EnableClock
                0x0000000008008d78       0x30 ./Core/Src/tim.o
 .text.LL_APB1_GRP1_EnableClock
                0x0000000008008da8       0x30 ./Core/Src/tim.o
 .text.LL_APB2_GRP1_EnableClock
                0x0000000008008dd8       0x30 ./Core/Src/tim.o
 .text.LL_TIM_DisableARRPreload
                0x0000000008008e08       0x20 ./Core/Src/tim.o
 .text.LL_TIM_CC_DisableChannel
                0x0000000008008e28       0x24 ./Core/Src/tim.o
 .text.LL_TIM_OC_DisableFast
                0x0000000008008e4c       0x8c ./Core/Src/tim.o
 .text.LL_TIM_IC_SetActiveInput
                0x0000000008008ed8       0x9c ./Core/Src/tim.o
 .text.LL_TIM_IC_SetPrescaler
                0x0000000008008f74       0x9c ./Core/Src/tim.o
 .text.LL_TIM_IC_SetFilter
                0x0000000008009010       0x9c ./Core/Src/tim.o
 .text.LL_TIM_IC_SetPolarity
                0x00000000080090ac       0x88 ./Core/Src/tim.o
 .text.LL_TIM_SetClockSource
                0x0000000008009134       0x2a ./Core/Src/tim.o
 .text.LL_TIM_SetTriggerOutput
                0x000000000800915e       0x26 ./Core/Src/tim.o
 .text.LL_TIM_SetSlaveMode
                0x0000000008009184       0x26 ./Core/Src/tim.o
 .text.LL_TIM_SetTriggerInput
                0x00000000080091aa       0x26 ./Core/Src/tim.o
 .text.LL_TIM_DisableMasterSlaveMode
                0x00000000080091d0       0x20 ./Core/Src/tim.o
 .text.LL_TIM_DisableIT_TRIG
                0x00000000080091f0       0x20 ./Core/Src/tim.o
 .text.LL_TIM_DisableDMAReq_TRIG
                0x0000000008009210       0x20 ./Core/Src/tim.o
 .text.MX_TIM2_Init
                0x0000000008009230       0xf8 ./Core/Src/tim.o
                0x0000000008009230                MX_TIM2_Init
 .text.MX_TIM5_Init
                0x0000000008009328       0xac ./Core/Src/tim.o
                0x0000000008009328                MX_TIM5_Init
 .text.MX_TIM8_Init
                0x00000000080093d4      0x1e8 ./Core/Src/tim.o
                0x00000000080093d4                MX_TIM8_Init
 .text.MX_TIM11_Init
                0x00000000080095bc       0x48 ./Core/Src/tim.o
                0x00000000080095bc                MX_TIM11_Init
 .text.MX_TIM12_Init
                0x0000000008009604       0x74 ./Core/Src/tim.o
                0x0000000008009604                MX_TIM12_Init
 .text.MX_TIM14_Init
                0x0000000008009678       0x48 ./Core/Src/tim.o
                0x0000000008009678                MX_TIM14_Init
 .text.HAL_TIM_OC_MspInit
                0x00000000080096c0       0x44 ./Core/Src/tim.o
                0x00000000080096c0                HAL_TIM_OC_MspInit
 .text.HAL_TIM_Base_MspInit
                0x0000000008009704       0xc8 ./Core/Src/tim.o
                0x0000000008009704                HAL_TIM_Base_MspInit
 .text.__NVIC_GetPriorityGrouping
                0x00000000080097cc       0x1c ./Core/Src/usart.o
 .text.__NVIC_EnableIRQ
                0x00000000080097e8       0x3c ./Core/Src/usart.o
 .text.__NVIC_SetPriority
                0x0000000008009824       0x54 ./Core/Src/usart.o
 .text.NVIC_EncodePriority
                0x0000000008009878       0x66 ./Core/Src/usart.o
 *fill*         0x00000000080098de        0x2 
 .text.LL_DMA_SetDataTransferDirection
                0x00000000080098e0       0x48 ./Core/Src/usart.o
 .text.LL_DMA_SetMode
                0x0000000008009928       0x48 ./Core/Src/usart.o
 .text.LL_DMA_SetPeriphIncMode
                0x0000000008009970       0x48 ./Core/Src/usart.o
 .text.LL_DMA_SetMemoryIncMode
                0x00000000080099b8       0x48 ./Core/Src/usart.o
 .text.LL_DMA_SetPeriphSize
                0x0000000008009a00       0x48 ./Core/Src/usart.o
 .text.LL_DMA_SetMemorySize
                0x0000000008009a48       0x48 ./Core/Src/usart.o
 .text.LL_DMA_SetStreamPriorityLevel
                0x0000000008009a90       0x48 ./Core/Src/usart.o
 .text.LL_DMA_SetChannelSelection
                0x0000000008009ad8       0x48 ./Core/Src/usart.o
 .text.LL_DMA_DisableFifoMode
                0x0000000008009b20       0x40 ./Core/Src/usart.o
 .text.LL_AHB1_GRP1_EnableClock
                0x0000000008009b60       0x30 ./Core/Src/usart.o
 .text.LL_APB1_GRP1_EnableClock
                0x0000000008009b90       0x30 ./Core/Src/usart.o
 .text.LL_USART_Enable
                0x0000000008009bc0       0x20 ./Core/Src/usart.o
 .text.LL_USART_ConfigAsyncMode
                0x0000000008009be0       0x2c ./Core/Src/usart.o
 .text.MX_UART4_Init
                0x0000000008009c0c       0xc4 ./Core/Src/usart.o
                0x0000000008009c0c                MX_UART4_Init
 .text.MX_UART5_Init
                0x0000000008009cd0       0x54 ./Core/Src/usart.o
                0x0000000008009cd0                MX_UART5_Init
 .text.MX_USART2_UART_Init
                0x0000000008009d24       0x54 ./Core/Src/usart.o
                0x0000000008009d24                MX_USART2_UART_Init
 .text.MX_USART3_UART_Init
                0x0000000008009d78      0x180 ./Core/Src/usart.o
                0x0000000008009d78                MX_USART3_UART_Init
 .text.HAL_UART_MspInit
                0x0000000008009ef8      0x1dc ./Core/Src/usart.o
                0x0000000008009ef8                HAL_UART_MspInit
 .text.Reset_Handler
                0x000000000800a0d4       0x50 ./Core/Startup/startup_stm32f446retx.o
                0x000000000800a0d4                Reset_Handler
 .text.Default_Handler
                0x000000000800a124        0x2 ./Core/Startup/startup_stm32f446retx.o
                0x000000000800a124                RTC_Alarm_IRQHandler
                0x000000000800a124                EXTI2_IRQHandler
                0x000000000800a124                FMPI2C1_EV_IRQHandler
                0x000000000800a124                SPI4_IRQHandler
                0x000000000800a124                TIM1_CC_IRQHandler
                0x000000000800a124                DMA2_Stream5_IRQHandler
                0x000000000800a124                PVD_IRQHandler
                0x000000000800a124                SDIO_IRQHandler
                0x000000000800a124                TAMP_STAMP_IRQHandler
                0x000000000800a124                CAN2_RX1_IRQHandler
                0x000000000800a124                EXTI3_IRQHandler
                0x000000000800a124                TIM1_UP_TIM10_IRQHandler
                0x000000000800a124                TIM8_UP_TIM13_IRQHandler
                0x000000000800a124                I2C3_ER_IRQHandler
                0x000000000800a124                EXTI0_IRQHandler
                0x000000000800a124                I2C2_EV_IRQHandler
                0x000000000800a124                DMA1_Stream2_IRQHandler
                0x000000000800a124                FPU_IRQHandler
                0x000000000800a124                OTG_HS_WKUP_IRQHandler
                0x000000000800a124                CAN2_SCE_IRQHandler
                0x000000000800a124                DMA2_Stream2_IRQHandler
                0x000000000800a124                SPI1_IRQHandler
                0x000000000800a124                TIM6_DAC_IRQHandler
                0x000000000800a124                TIM1_BRK_TIM9_IRQHandler
                0x000000000800a124                DCMI_IRQHandler
                0x000000000800a124                CAN2_RX0_IRQHandler
                0x000000000800a124                DMA2_Stream3_IRQHandler
                0x000000000800a124                SAI2_IRQHandler
                0x000000000800a124                USART6_IRQHandler
                0x000000000800a124                CAN1_RX1_IRQHandler
                0x000000000800a124                UART5_IRQHandler
                0x000000000800a124                DMA2_Stream0_IRQHandler
                0x000000000800a124                TIM4_IRQHandler
                0x000000000800a124                QUADSPI_IRQHandler
                0x000000000800a124                I2C1_EV_IRQHandler
                0x000000000800a124                TIM3_IRQHandler
                0x000000000800a124                RCC_IRQHandler
                0x000000000800a124                Default_Handler
                0x000000000800a124                CEC_IRQHandler
                0x000000000800a124                EXTI15_10_IRQHandler
                0x000000000800a124                ADC_IRQHandler
                0x000000000800a124                DMA1_Stream7_IRQHandler
                0x000000000800a124                TIM7_IRQHandler
                0x000000000800a124                CAN2_TX_IRQHandler
                0x000000000800a124                TIM5_IRQHandler
                0x000000000800a124                DMA2_Stream7_IRQHandler
                0x000000000800a124                I2C3_EV_IRQHandler
                0x000000000800a124                EXTI9_5_IRQHandler
                0x000000000800a124                RTC_WKUP_IRQHandler
                0x000000000800a124                SPDIF_RX_IRQHandler
                0x000000000800a124                SPI2_IRQHandler
                0x000000000800a124                OTG_HS_EP1_IN_IRQHandler
                0x000000000800a124                DMA1_Stream0_IRQHandler
                0x000000000800a124                CAN1_TX_IRQHandler
                0x000000000800a124                FMPI2C1_ER_IRQHandler
                0x000000000800a124                EXTI4_IRQHandler
                0x000000000800a124                OTG_HS_EP1_OUT_IRQHandler
                0x000000000800a124                WWDG_IRQHandler
                0x000000000800a124                OTG_FS_WKUP_IRQHandler
                0x000000000800a124                OTG_HS_IRQHandler
                0x000000000800a124                EXTI1_IRQHandler
                0x000000000800a124                I2C2_ER_IRQHandler
                0x000000000800a124                DMA2_Stream1_IRQHandler
                0x000000000800a124                CAN1_SCE_IRQHandler
                0x000000000800a124                FLASH_IRQHandler
                0x000000000800a124                DMA2_Stream4_IRQHandler
                0x000000000800a124                USART1_IRQHandler
                0x000000000800a124                OTG_FS_IRQHandler
                0x000000000800a124                SPI3_IRQHandler
                0x000000000800a124                DMA1_Stream4_IRQHandler
                0x000000000800a124                I2C1_ER_IRQHandler
                0x000000000800a124                FMC_IRQHandler
                0x000000000800a124                DMA2_Stream6_IRQHandler
                0x000000000800a124                SAI1_IRQHandler
 *fill*         0x000000000800a126        0x2 
 .text.HAL_Init
                0x000000000800a128       0x44 ./Drivers/STM32F4xx_HAL_Driver/Src/stm32f4xx_hal.o
                0x000000000800a128                HAL_Init
 .text.HAL_InitTick
                0x000000000800a16c       0x60 ./Drivers/STM32F4xx_HAL_Driver/Src/stm32f4xx_hal.o
                0x000000000800a16c                HAL_InitTick
 .text.HAL_IncTick
                0x000000000800a1cc       0x28 ./Drivers/STM32F4xx_HAL_Driver/Src/stm32f4xx_hal.o
                0x000000000800a1cc                HAL_IncTick
 .text.HAL_GetTick
                0x000000000800a1f4       0x18 ./Drivers/STM32F4xx_HAL_Driver/Src/stm32f4xx_hal.o
                0x000000000800a1f4                HAL_GetTick
 .text.HAL_Delay
                0x000000000800a20c       0x48 ./Drivers/STM32F4xx_HAL_Driver/Src/stm32f4xx_hal.o
                0x000000000800a20c                HAL_Delay
 .text.HAL_CAN_Init
                0x000000000800a254      0x1f6 ./Drivers/STM32F4xx_HAL_Driver/Src/stm32f4xx_hal_can.o
                0x000000000800a254                HAL_CAN_Init
 *fill*         0x000000000800a44a        0x2 
 .text.HAL_CAN_ConfigFilter
                0x000000000800a44c      0x1c0 ./Drivers/STM32F4xx_HAL_Driver/Src/stm32f4xx_hal_can.o
                0x000000000800a44c                HAL_CAN_ConfigFilter
 .text.HAL_CAN_Start
                0x000000000800a60c       0x88 ./Drivers/STM32F4xx_HAL_Driver/Src/stm32f4xx_hal_can.o
                0x000000000800a60c                HAL_CAN_Start
 .text.HAL_CAN_AddTxMessage
                0x000000000800a694      0x1b6 ./Drivers/STM32F4xx_HAL_Driver/Src/stm32f4xx_hal_can.o
                0x000000000800a694                HAL_CAN_AddTxMessage
 .text.HAL_CAN_GetTxMailboxesFreeLevel
                0x000000000800a84a       0x6a ./Drivers/STM32F4xx_HAL_Driver/Src/stm32f4xx_hal_can.o
                0x000000000800a84a                HAL_CAN_GetTxMailboxesFreeLevel
 .text.HAL_CAN_GetRxMessage
                0x000000000800a8b4      0x224 ./Drivers/STM32F4xx_HAL_Driver/Src/stm32f4xx_hal_can.o
                0x000000000800a8b4                HAL_CAN_GetRxMessage
 .text.HAL_CAN_ActivateNotification
                0x000000000800aad8       0x4c ./Drivers/STM32F4xx_HAL_Driver/Src/stm32f4xx_hal_can.o
                0x000000000800aad8                HAL_CAN_ActivateNotification
 .text.HAL_CAN_IRQHandler
                0x000000000800ab24      0x36e ./Drivers/STM32F4xx_HAL_Driver/Src/stm32f4xx_hal_can.o
                0x000000000800ab24                HAL_CAN_IRQHandler
 .text.HAL_CAN_TxMailbox0CompleteCallback
                0x000000000800ae92       0x14 ./Drivers/STM32F4xx_HAL_Driver/Src/stm32f4xx_hal_can.o
                0x000000000800ae92                HAL_CAN_TxMailbox0CompleteCallback
 .text.HAL_CAN_TxMailbox1CompleteCallback
                0x000000000800aea6       0x14 ./Drivers/STM32F4xx_HAL_Driver/Src/stm32f4xx_hal_can.o
                0x000000000800aea6                HAL_CAN_TxMailbox1CompleteCallback
 .text.HAL_CAN_TxMailbox2CompleteCallback
                0x000000000800aeba       0x14 ./Drivers/STM32F4xx_HAL_Driver/Src/stm32f4xx_hal_can.o
                0x000000000800aeba                HAL_CAN_TxMailbox2CompleteCallback
 .text.HAL_CAN_TxMailbox0AbortCallback
                0x000000000800aece       0x14 ./Drivers/STM32F4xx_HAL_Driver/Src/stm32f4xx_hal_can.o
                0x000000000800aece                HAL_CAN_TxMailbox0AbortCallback
 .text.HAL_CAN_TxMailbox1AbortCallback
                0x000000000800aee2       0x14 ./Drivers/STM32F4xx_HAL_Driver/Src/stm32f4xx_hal_can.o
                0x000000000800aee2                HAL_CAN_TxMailbox1AbortCallback
 .text.HAL_CAN_TxMailbox2AbortCallback
                0x000000000800aef6       0x14 ./Drivers/STM32F4xx_HAL_Driver/Src/stm32f4xx_hal_can.o
                0x000000000800aef6                HAL_CAN_TxMailbox2AbortCallback
 .text.HAL_CAN_RxFifo0MsgPendingCallback
                0x000000000800af0a       0x14 ./Drivers/STM32F4xx_HAL_Driver/Src/stm32f4xx_hal_can.o
                0x000000000800af0a                HAL_CAN_RxFifo0MsgPendingCallback
 .text.HAL_CAN_RxFifo0FullCallback
                0x000000000800af1e       0x14 ./Drivers/STM32F4xx_HAL_Driver/Src/stm32f4xx_hal_can.o
                0x000000000800af1e                HAL_CAN_RxFifo0FullCallback
 .text.HAL_CAN_RxFifo1MsgPendingCallback
                0x000000000800af32       0x14 ./Drivers/STM32F4xx_HAL_Driver/Src/stm32f4xx_hal_can.o
                0x000000000800af32                HAL_CAN_RxFifo1MsgPendingCallback
 .text.HAL_CAN_RxFifo1FullCallback
                0x000000000800af46       0x14 ./Drivers/STM32F4xx_HAL_Driver/Src/stm32f4xx_hal_can.o
                0x000000000800af46                HAL_CAN_RxFifo1FullCallback
 .text.HAL_CAN_SleepCallback
                0x000000000800af5a       0x14 ./Drivers/STM32F4xx_HAL_Driver/Src/stm32f4xx_hal_can.o
                0x000000000800af5a                HAL_CAN_SleepCallback
 .text.HAL_CAN_WakeUpFromRxMsgCallback
                0x000000000800af6e       0x14 ./Drivers/STM32F4xx_HAL_Driver/Src/stm32f4xx_hal_can.o
                0x000000000800af6e                HAL_CAN_WakeUpFromRxMsgCallback
 .text.HAL_CAN_ErrorCallback
                0x000000000800af82       0x14 ./Drivers/STM32F4xx_HAL_Driver/Src/stm32f4xx_hal_can.o
                0x000000000800af82                HAL_CAN_ErrorCallback
 *fill*         0x000000000800af96        0x2 
 .text.__NVIC_SetPriorityGrouping
                0x000000000800af98       0x48 ./Drivers/STM32F4xx_HAL_Driver/Src/stm32f4xx_hal_cortex.o
 .text.__NVIC_GetPriorityGrouping
                0x000000000800afe0       0x1c ./Drivers/STM32F4xx_HAL_Driver/Src/stm32f4xx_hal_cortex.o
 .text.__NVIC_EnableIRQ
                0x000000000800affc       0x3c ./Drivers/STM32F4xx_HAL_Driver/Src/stm32f4xx_hal_cortex.o
 .text.__NVIC_SetPriority
                0x000000000800b038       0x54 ./Drivers/STM32F4xx_HAL_Driver/Src/stm32f4xx_hal_cortex.o
 .text.NVIC_EncodePriority
                0x000000000800b08c       0x66 ./Drivers/STM32F4xx_HAL_Driver/Src/stm32f4xx_hal_cortex.o
 *fill*         0x000000000800b0f2        0x2 
 .text.SysTick_Config
                0x000000000800b0f4       0x44 ./Drivers/STM32F4xx_HAL_Driver/Src/stm32f4xx_hal_cortex.o
 .text.HAL_NVIC_SetPriorityGrouping
                0x000000000800b138       0x16 ./Drivers/STM32F4xx_HAL_Driver/Src/stm32f4xx_hal_cortex.o
                0x000000000800b138                HAL_NVIC_SetPriorityGrouping
 .text.HAL_NVIC_SetPriority
                0x000000000800b14e       0x38 ./Drivers/STM32F4xx_HAL_Driver/Src/stm32f4xx_hal_cortex.o
                0x000000000800b14e                HAL_NVIC_SetPriority
 .text.HAL_NVIC_EnableIRQ
                0x000000000800b186       0x1c ./Drivers/STM32F4xx_HAL_Driver/Src/stm32f4xx_hal_cortex.o
                0x000000000800b186                HAL_NVIC_EnableIRQ
 .text.HAL_SYSTICK_Config
                0x000000000800b1a2       0x18 ./Drivers/STM32F4xx_HAL_Driver/Src/stm32f4xx_hal_cortex.o
                0x000000000800b1a2                HAL_SYSTICK_Config
 *fill*         0x000000000800b1ba        0x2 
 .text.HAL_DMA_Init
                0x000000000800b1bc      0x15c ./Drivers/STM32F4xx_HAL_Driver/Src/stm32f4xx_hal_dma.o
                0x000000000800b1bc                HAL_DMA_Init
 .text.HAL_DMA_Start_IT
                0x000000000800b318       0xb0 ./Drivers/STM32F4xx_HAL_Driver/Src/stm32f4xx_hal_dma.o
                0x000000000800b318                HAL_DMA_Start_IT
 .text.HAL_DMA_Abort
                0x000000000800b3c8       0xe0 ./Drivers/STM32F4xx_HAL_Driver/Src/stm32f4xx_hal_dma.o
                0x000000000800b3c8                HAL_DMA_Abort
 .text.HAL_DMA_Abort_IT
                0x000000000800b4a8       0x44 ./Drivers/STM32F4xx_HAL_Driver/Src/stm32f4xx_hal_dma.o
                0x000000000800b4a8                HAL_DMA_Abort_IT
 .text.HAL_DMA_IRQHandler
                0x000000000800b4ec      0x314 ./Drivers/STM32F4xx_HAL_Driver/Src/stm32f4xx_hal_dma.o
                0x000000000800b4ec                HAL_DMA_IRQHandler
 .text.DMA_SetConfig
                0x000000000800b800       0x5c ./Drivers/STM32F4xx_HAL_Driver/Src/stm32f4xx_hal_dma.o
 .text.DMA_CalcBaseAndBitshift
                0x000000000800b85c       0x6c ./Drivers/STM32F4xx_HAL_Driver/Src/stm32f4xx_hal_dma.o
 .text.DMA_CheckFifoParam
                0x000000000800b8c8       0xf8 ./Drivers/STM32F4xx_HAL_Driver/Src/stm32f4xx_hal_dma.o
 .text.HAL_GPIO_Init
                0x000000000800b9c0      0x328 ./Drivers/STM32F4xx_HAL_Driver/Src/stm32f4xx_hal_gpio.o
                0x000000000800b9c0                HAL_GPIO_Init
 .text.HAL_GPIO_WritePin
                0x000000000800bce8       0x32 ./Drivers/STM32F4xx_HAL_Driver/Src/stm32f4xx_hal_gpio.o
                0x000000000800bce8                HAL_GPIO_WritePin
 *fill*         0x000000000800bd1a        0x2 
 .text.HAL_RCC_GetHCLKFreq
                0x000000000800bd1c       0x18 ./Drivers/STM32F4xx_HAL_Driver/Src/stm32f4xx_hal_rcc.o
                0x000000000800bd1c                HAL_RCC_GetHCLKFreq
 .text.HAL_RCC_GetPCLK1Freq
                0x000000000800bd34       0x28 ./Drivers/STM32F4xx_HAL_Driver/Src/stm32f4xx_hal_rcc.o
                0x000000000800bd34                HAL_RCC_GetPCLK1Freq
 .text.HAL_RCC_GetPCLK2Freq
                0x000000000800bd5c       0x28 ./Drivers/STM32F4xx_HAL_Driver/Src/stm32f4xx_hal_rcc.o
                0x000000000800bd5c                HAL_RCC_GetPCLK2Freq
 .text.HAL_SPI_Init
                0x000000000800bd84      0x112 ./Drivers/STM32F4xx_HAL_Driver/Src/stm32f4xx_hal_spi.o
                0x000000000800bd84                HAL_SPI_Init
 .text.HAL_SPI_TransmitReceive
                0x000000000800be96      0x344 ./Drivers/STM32F4xx_HAL_Driver/Src/stm32f4xx_hal_spi.o
                0x000000000800be96                HAL_SPI_TransmitReceive
 *fill*         0x000000000800c1da        0x2 
 .text.SPI_WaitFlagStateUntilTimeout
                0x000000000800c1dc      0x110 ./Drivers/STM32F4xx_HAL_Driver/Src/stm32f4xx_hal_spi.o
 .text.SPI_EndRxTxTransaction
                0x000000000800c2ec       0x84 ./Drivers/STM32F4xx_HAL_Driver/Src/stm32f4xx_hal_spi.o
 .text.HAL_TIM_Base_Init
                0x000000000800c370       0x9e ./Drivers/STM32F4xx_HAL_Driver/Src/stm32f4xx_hal_tim.o
                0x000000000800c370                HAL_TIM_Base_Init
 *fill*         0x000000000800c40e        0x2 
 .text.HAL_TIM_Base_Start_IT
                0x000000000800c410       0xe0 ./Drivers/STM32F4xx_HAL_Driver/Src/stm32f4xx_hal_tim.o
                0x000000000800c410                HAL_TIM_Base_Start_IT
 .text.HAL_TIM_OC_Init
                0x000000000800c4f0       0x9e ./Drivers/STM32F4xx_HAL_Driver/Src/stm32f4xx_hal_tim.o
                0x000000000800c4f0                HAL_TIM_OC_Init
 .text.HAL_TIM_IRQHandler
                0x000000000800c58e      0x210 ./Drivers/STM32F4xx_HAL_Driver/Src/stm32f4xx_hal_tim.o
                0x000000000800c58e                HAL_TIM_IRQHandler
 *fill*         0x000000000800c79e        0x2 
 .text.HAL_TIM_OC_ConfigChannel
                0x000000000800c7a0       0xb8 ./Drivers/STM32F4xx_HAL_Driver/Src/stm32f4xx_hal_tim.o
                0x000000000800c7a0                HAL_TIM_OC_ConfigChannel
 .text.HAL_TIM_ConfigClockSource
                0x000000000800c858      0x18e ./Drivers/STM32F4xx_HAL_Driver/Src/stm32f4xx_hal_tim.o
                0x000000000800c858                HAL_TIM_ConfigClockSource
 .text.HAL_TIM_OC_DelayElapsedCallback
                0x000000000800c9e6       0x14 ./Drivers/STM32F4xx_HAL_Driver/Src/stm32f4xx_hal_tim.o
                0x000000000800c9e6                HAL_TIM_OC_DelayElapsedCallback
 .text.HAL_TIM_IC_CaptureCallback
                0x000000000800c9fa       0x14 ./Drivers/STM32F4xx_HAL_Driver/Src/stm32f4xx_hal_tim.o
                0x000000000800c9fa                HAL_TIM_IC_CaptureCallback
 .text.HAL_TIM_PWM_PulseFinishedCallback
                0x000000000800ca0e       0x14 ./Drivers/STM32F4xx_HAL_Driver/Src/stm32f4xx_hal_tim.o
                0x000000000800ca0e                HAL_TIM_PWM_PulseFinishedCallback
 .text.HAL_TIM_TriggerCallback
                0x000000000800ca22       0x14 ./Drivers/STM32F4xx_HAL_Driver/Src/stm32f4xx_hal_tim.o
                0x000000000800ca22                HAL_TIM_TriggerCallback
 *fill*         0x000000000800ca36        0x2 
 .text.TIM_Base_SetConfig
                0x000000000800ca38      0x140 ./Drivers/STM32F4xx_HAL_Driver/Src/stm32f4xx_hal_tim.o
                0x000000000800ca38                TIM_Base_SetConfig
 .text.TIM_OC1_SetConfig
                0x000000000800cb78       0xe0 ./Drivers/STM32F4xx_HAL_Driver/Src/stm32f4xx_hal_tim.o
 .text.TIM_OC2_SetConfig
                0x000000000800cc58       0xec ./Drivers/STM32F4xx_HAL_Driver/Src/stm32f4xx_hal_tim.o
                0x000000000800cc58                TIM_OC2_SetConfig
 .text.TIM_OC3_SetConfig
                0x000000000800cd44       0xe8 ./Drivers/STM32F4xx_HAL_Driver/Src/stm32f4xx_hal_tim.o
 .text.TIM_OC4_SetConfig
                0x000000000800ce2c       0xac ./Drivers/STM32F4xx_HAL_Driver/Src/stm32f4xx_hal_tim.o
 .text.TIM_TI1_ConfigInputStage
                0x000000000800ced8       0x5e ./Drivers/STM32F4xx_HAL_Driver/Src/stm32f4xx_hal_tim.o
 .text.TIM_TI2_ConfigInputStage
                0x000000000800cf36       0x60 ./Drivers/STM32F4xx_HAL_Driver/Src/stm32f4xx_hal_tim.o
 .text.TIM_ITRx_SetConfig
                0x000000000800cf96       0x36 ./Drivers/STM32F4xx_HAL_Driver/Src/stm32f4xx_hal_tim.o
 .text.TIM_ETR_SetConfig
                0x000000000800cfcc       0x40 ./Drivers/STM32F4xx_HAL_Driver/Src/stm32f4xx_hal_tim.o
                0x000000000800cfcc                TIM_ETR_SetConfig
 .text.HAL_TIMEx_MasterConfigSynchronization
                0x000000000800d00c       0xf8 ./Drivers/STM32F4xx_HAL_Driver/Src/stm32f4xx_hal_tim_ex.o
                0x000000000800d00c                HAL_TIMEx_MasterConfigSynchronization
 .text.HAL_TIMEx_CommutCallback
                0x000000000800d104       0x14 ./Drivers/STM32F4xx_HAL_Driver/Src/stm32f4xx_hal_tim_ex.o
                0x000000000800d104                HAL_TIMEx_CommutCallback
 .text.HAL_TIMEx_BreakCallback
                0x000000000800d118       0x14 ./Drivers/STM32F4xx_HAL_Driver/Src/stm32f4xx_hal_tim_ex.o
                0x000000000800d118                HAL_TIMEx_BreakCallback
 .text.HAL_UART_Init
                0x000000000800d12c       0x9a ./Drivers/STM32F4xx_HAL_Driver/Src/stm32f4xx_hal_uart.o
                0x000000000800d12c                HAL_UART_Init
 .text.HAL_HalfDuplex_Init
                0x000000000800d1c6       0xaa ./Drivers/STM32F4xx_HAL_Driver/Src/stm32f4xx_hal_uart.o
                0x000000000800d1c6                HAL_HalfDuplex_Init
 .text.HAL_UART_Transmit
                0x000000000800d270      0x124 ./Drivers/STM32F4xx_HAL_Driver/Src/stm32f4xx_hal_uart.o
                0x000000000800d270                HAL_UART_Transmit
 .text.HAL_UART_Transmit_DMA
                0x000000000800d394       0xfc ./Drivers/STM32F4xx_HAL_Driver/Src/stm32f4xx_hal_uart.o
                0x000000000800d394                HAL_UART_Transmit_DMA
 .text.HAL_UART_Receive_DMA
                0x000000000800d490       0x60 ./Drivers/STM32F4xx_HAL_Driver/Src/stm32f4xx_hal_uart.o
                0x000000000800d490                HAL_UART_Receive_DMA
 .text.HAL_UART_IRQHandler
                0x000000000800d4f0      0x51c ./Drivers/STM32F4xx_HAL_Driver/Src/stm32f4xx_hal_uart.o
                0x000000000800d4f0                HAL_UART_IRQHandler
 .text.HAL_UART_TxHalfCpltCallback
                0x000000000800da0c       0x14 ./Drivers/STM32F4xx_HAL_Driver/Src/stm32f4xx_hal_uart.o
                0x000000000800da0c                HAL_UART_TxHalfCpltCallback
 .text.HAL_UART_RxHalfCpltCallback
                0x000000000800da20       0x14 ./Drivers/STM32F4xx_HAL_Driver/Src/stm32f4xx_hal_uart.o
                0x000000000800da20                HAL_UART_RxHalfCpltCallback
 .text.HAL_UART_ErrorCallback
                0x000000000800da34       0x14 ./Drivers/STM32F4xx_HAL_Driver/Src/stm32f4xx_hal_uart.o
                0x000000000800da34                HAL_UART_ErrorCallback
 .text.HAL_UARTEx_RxEventCallback
                0x000000000800da48       0x18 ./Drivers/STM32F4xx_HAL_Driver/Src/stm32f4xx_hal_uart.o
                0x000000000800da48                HAL_UARTEx_RxEventCallback
 .text.HAL_HalfDuplex_EnableTransmitter
                0x000000000800da60       0x68 ./Drivers/STM32F4xx_HAL_Driver/Src/stm32f4xx_hal_uart.o
                0x000000000800da60                HAL_HalfDuplex_EnableTransmitter
 .text.UART_DMATransmitCplt
                0x000000000800dac8       0x9a ./Drivers/STM32F4xx_HAL_Driver/Src/stm32f4xx_hal_uart.o
 .text.UART_DMATxHalfCplt
                0x000000000800db62       0x1c ./Drivers/STM32F4xx_HAL_Driver/Src/stm32f4xx_hal_uart.o
 .text.UART_DMAReceiveCplt
                0x000000000800db7e      0x126 ./Drivers/STM32F4xx_HAL_Driver/Src/stm32f4xx_hal_uart.o
 .text.UART_DMARxHalfCplt
                0x000000000800dca4       0x36 ./Drivers/STM32F4xx_HAL_Driver/Src/stm32f4xx_hal_uart.o
 .text.UART_DMAError
                0x000000000800dcda       0x94 ./Drivers/STM32F4xx_HAL_Driver/Src/stm32f4xx_hal_uart.o
 .text.UART_WaitOnFlagUntilTimeout
                0x000000000800dd6e       0xdc ./Drivers/STM32F4xx_HAL_Driver/Src/stm32f4xx_hal_uart.o
 *fill*         0x000000000800de4a        0x2 
 .text.UART_Start_Receive_DMA
                0x000000000800de4c      0x13c ./Drivers/STM32F4xx_HAL_Driver/Src/stm32f4xx_hal_uart.o
                0x000000000800de4c                UART_Start_Receive_DMA
 .text.UART_EndTxTransfer
                0x000000000800df88       0x50 ./Drivers/STM32F4xx_HAL_Driver/Src/stm32f4xx_hal_uart.o
 .text.UART_EndRxTransfer
                0x000000000800dfd8       0xc6 ./Drivers/STM32F4xx_HAL_Driver/Src/stm32f4xx_hal_uart.o
 .text.UART_DMAAbortOnError
                0x000000000800e09e       0x28 ./Drivers/STM32F4xx_HAL_Driver/Src/stm32f4xx_hal_uart.o
 .text.UART_Transmit_IT
                0x000000000800e0c6       0xa0 ./Drivers/STM32F4xx_HAL_Driver/Src/stm32f4xx_hal_uart.o
 .text.UART_EndTransmit_IT
                0x000000000800e166       0x30 ./Drivers/STM32F4xx_HAL_Driver/Src/stm32f4xx_hal_uart.o
 .text.UART_Receive_IT
                0x000000000800e196      0x176 ./Drivers/STM32F4xx_HAL_Driver/Src/stm32f4xx_hal_uart.o
 .text.UART_SetConfig
                0x000000000800e30c      0x4e8 ./Drivers/STM32F4xx_HAL_Driver/Src/stm32f4xx_hal_uart.o
 .text.LL_EXTI_EnableIT_0_31
                0x000000000800e7f4       0x24 ./Drivers/STM32F4xx_HAL_Driver/Src/stm32f4xx_ll_exti.o
 .text.LL_EXTI_DisableIT_0_31
                0x000000000800e818       0x28 ./Drivers/STM32F4xx_HAL_Driver/Src/stm32f4xx_ll_exti.o
 .text.LL_EXTI_EnableEvent_0_31
                0x000000000800e840       0x24 ./Drivers/STM32F4xx_HAL_Driver/Src/stm32f4xx_ll_exti.o
 .text.LL_EXTI_DisableEvent_0_31
                0x000000000800e864       0x28 ./Drivers/STM32F4xx_HAL_Driver/Src/stm32f4xx_ll_exti.o
 .text.LL_EXTI_EnableRisingTrig_0_31
                0x000000000800e88c       0x24 ./Drivers/STM32F4xx_HAL_Driver/Src/stm32f4xx_ll_exti.o
 .text.LL_EXTI_DisableRisingTrig_0_31
                0x000000000800e8b0       0x28 ./Drivers/STM32F4xx_HAL_Driver/Src/stm32f4xx_ll_exti.o
 .text.LL_EXTI_EnableFallingTrig_0_31
                0x000000000800e8d8       0x24 ./Drivers/STM32F4xx_HAL_Driver/Src/stm32f4xx_ll_exti.o
 .text.LL_EXTI_DisableFallingTrig_0_31
                0x000000000800e8fc       0x28 ./Drivers/STM32F4xx_HAL_Driver/Src/stm32f4xx_ll_exti.o
 .text.LL_EXTI_Init
                0x000000000800e924      0x102 ./Drivers/STM32F4xx_HAL_Driver/Src/stm32f4xx_ll_exti.o
                0x000000000800e924                LL_EXTI_Init
 .text.LL_GPIO_SetPinMode
                0x000000000800ea26       0x5e ./Drivers/STM32F4xx_HAL_Driver/Src/stm32f4xx_ll_gpio.o
 .text.LL_GPIO_SetPinOutputType
                0x000000000800ea84       0x30 ./Drivers/STM32F4xx_HAL_Driver/Src/stm32f4xx_ll_gpio.o
 .text.LL_GPIO_SetPinSpeed
                0x000000000800eab4       0x5e ./Drivers/STM32F4xx_HAL_Driver/Src/stm32f4xx_ll_gpio.o
 .text.LL_GPIO_SetPinPull
                0x000000000800eb12       0x5e ./Drivers/STM32F4xx_HAL_Driver/Src/stm32f4xx_ll_gpio.o
 .text.LL_GPIO_SetAFPin_0_7
                0x000000000800eb70       0x5e ./Drivers/STM32F4xx_HAL_Driver/Src/stm32f4xx_ll_gpio.o
 .text.LL_GPIO_SetAFPin_8_15
                0x000000000800ebce       0x62 ./Drivers/STM32F4xx_HAL_Driver/Src/stm32f4xx_ll_gpio.o
 .text.LL_GPIO_Init
                0x000000000800ec30       0xe6 ./Drivers/STM32F4xx_HAL_Driver/Src/stm32f4xx_ll_gpio.o
                0x000000000800ec30                LL_GPIO_Init
 *fill*         0x000000000800ed16        0x2 
 .text.LL_RCC_GetSysClkSource
                0x000000000800ed18       0x1c ./Drivers/STM32F4xx_HAL_Driver/Src/stm32f4xx_ll_rcc.o
 .text.LL_RCC_GetAHBPrescaler
                0x000000000800ed34       0x1c ./Drivers/STM32F4xx_HAL_Driver/Src/stm32f4xx_ll_rcc.o
 .text.LL_RCC_GetAPB1Prescaler
                0x000000000800ed50       0x1c ./Drivers/STM32F4xx_HAL_Driver/Src/stm32f4xx_ll_rcc.o
 .text.LL_RCC_GetAPB2Prescaler
                0x000000000800ed6c       0x1c ./Drivers/STM32F4xx_HAL_Driver/Src/stm32f4xx_ll_rcc.o
 .text.LL_RCC_PLL_GetMainSource
                0x000000000800ed88       0x1c ./Drivers/STM32F4xx_HAL_Driver/Src/stm32f4xx_ll_rcc.o
 .text.LL_RCC_PLL_GetN
                0x000000000800eda4       0x1c ./Drivers/STM32F4xx_HAL_Driver/Src/stm32f4xx_ll_rcc.o
 .text.LL_RCC_PLL_GetP
                0x000000000800edc0       0x1c ./Drivers/STM32F4xx_HAL_Driver/Src/stm32f4xx_ll_rcc.o
 .text.LL_RCC_PLL_GetR
                0x000000000800eddc       0x1c ./Drivers/STM32F4xx_HAL_Driver/Src/stm32f4xx_ll_rcc.o
 .text.LL_RCC_PLL_GetDivider
                0x000000000800edf8       0x1c ./Drivers/STM32F4xx_HAL_Driver/Src/stm32f4xx_ll_rcc.o
 .text.LL_RCC_GetSystemClocksFreq
                0x000000000800ee14       0x4a ./Drivers/STM32F4xx_HAL_Driver/Src/stm32f4xx_ll_rcc.o
                0x000000000800ee14                LL_RCC_GetSystemClocksFreq
 *fill*         0x000000000800ee5e        0x2 
 .text.RCC_GetSystemClockFreq
                0x000000000800ee60       0x88 ./Drivers/STM32F4xx_HAL_Driver/Src/stm32f4xx_ll_rcc.o
                0x000000000800ee60                RCC_GetSystemClockFreq
 .text.RCC_GetHCLKClockFreq
                0x000000000800eee8       0x2c ./Drivers/STM32F4xx_HAL_Driver/Src/stm32f4xx_ll_rcc.o
                0x000000000800eee8                RCC_GetHCLKClockFreq
 .text.RCC_GetPCLK1ClockFreq
                0x000000000800ef14       0x28 ./Drivers/STM32F4xx_HAL_Driver/Src/stm32f4xx_ll_rcc.o
                0x000000000800ef14                RCC_GetPCLK1ClockFreq
 .text.RCC_GetPCLK2ClockFreq
                0x000000000800ef3c       0x28 ./Drivers/STM32F4xx_HAL_Driver/Src/stm32f4xx_ll_rcc.o
                0x000000000800ef3c                RCC_GetPCLK2ClockFreq
 .text.RCC_PLL_GetFreqDomain_SYS
                0x000000000800ef64       0xa4 ./Drivers/STM32F4xx_HAL_Driver/Src/stm32f4xx_ll_rcc.o
                0x000000000800ef64                RCC_PLL_GetFreqDomain_SYS
 .text.LL_TIM_SetPrescaler
                0x000000000800f008       0x1c ./Drivers/STM32F4xx_HAL_Driver/Src/stm32f4xx_ll_tim.o
 .text.LL_TIM_SetAutoReload
                0x000000000800f024       0x1c ./Drivers/STM32F4xx_HAL_Driver/Src/stm32f4xx_ll_tim.o
 .text.LL_TIM_SetRepetitionCounter
                0x000000000800f040       0x1c ./Drivers/STM32F4xx_HAL_Driver/Src/stm32f4xx_ll_tim.o
 .text.LL_TIM_OC_SetCompareCH1
                0x000000000800f05c       0x1c ./Drivers/STM32F4xx_HAL_Driver/Src/stm32f4xx_ll_tim.o
 .text.LL_TIM_OC_SetCompareCH2
                0x000000000800f078       0x1c ./Drivers/STM32F4xx_HAL_Driver/Src/stm32f4xx_ll_tim.o
 .text.LL_TIM_OC_SetCompareCH3
                0x000000000800f094       0x1c ./Drivers/STM32F4xx_HAL_Driver/Src/stm32f4xx_ll_tim.o
 .text.LL_TIM_OC_SetCompareCH4
                0x000000000800f0b0       0x1c ./Drivers/STM32F4xx_HAL_Driver/Src/stm32f4xx_ll_tim.o
 .text.LL_TIM_GenerateEvent_UPDATE
                0x000000000800f0cc       0x20 ./Drivers/STM32F4xx_HAL_Driver/Src/stm32f4xx_ll_tim.o
 .text.LL_TIM_Init
                0x000000000800f0ec      0x134 ./Drivers/STM32F4xx_HAL_Driver/Src/stm32f4xx_ll_tim.o
                0x000000000800f0ec                LL_TIM_Init
 .text.LL_TIM_OC_Init
                0x000000000800f220       0x82 ./Drivers/STM32F4xx_HAL_Driver/Src/stm32f4xx_ll_tim.o
                0x000000000800f220                LL_TIM_OC_Init
 *fill*         0x000000000800f2a2        0x2 
 .text.OC1Config
                0x000000000800f2a4       0xd8 ./Drivers/STM32F4xx_HAL_Driver/Src/stm32f4xx_ll_tim.o
 .text.OC2Config
                0x000000000800f37c       0xe0 ./Drivers/STM32F4xx_HAL_Driver/Src/stm32f4xx_ll_tim.o
 .text.OC3Config
                0x000000000800f45c       0xe0 ./Drivers/STM32F4xx_HAL_Driver/Src/stm32f4xx_ll_tim.o
 .text.OC4Config
                0x000000000800f53c       0xb0 ./Drivers/STM32F4xx_HAL_Driver/Src/stm32f4xx_ll_tim.o
 .text.LL_USART_IsEnabled
                0x000000000800f5ec       0x28 ./Drivers/STM32F4xx_HAL_Driver/Src/stm32f4xx_ll_usart.o
 .text.LL_USART_SetStopBitsLength
                0x000000000800f614       0x26 ./Drivers/STM32F4xx_HAL_Driver/Src/stm32f4xx_ll_usart.o
 .text.LL_USART_SetHWFlowCtrl
                0x000000000800f63a       0x26 ./Drivers/STM32F4xx_HAL_Driver/Src/stm32f4xx_ll_usart.o
 .text.LL_USART_SetBaudRate
                0x000000000800f660      0x458 ./Drivers/STM32F4xx_HAL_Driver/Src/stm32f4xx_ll_usart.o
 .text.LL_USART_Init
                0x000000000800fab8      0x100 ./Drivers/STM32F4xx_HAL_Driver/Src/stm32f4xx_ll_usart.o
                0x000000000800fab8                LL_USART_Init
 .text.LL_InitTick
                0x000000000800fbb8       0x34 ./Drivers/STM32F4xx_HAL_Driver/Src/stm32f4xx_ll_utils.o
 .text.LL_Init1msTick
                0x000000000800fbec       0x1a ./Drivers/STM32F4xx_HAL_Driver/Src/stm32f4xx_ll_utils.o
                0x000000000800fbec                LL_Init1msTick
 *fill*         0x000000000800fc06        0x2 
 .text.LL_SetSystemCoreClock
                0x000000000800fc08       0x20 ./Drivers/STM32F4xx_HAL_Driver/Src/stm32f4xx_ll_utils.o
                0x000000000800fc08                LL_SetSystemCoreClock
 .text.__cxa_pure_virtual
                0x000000000800fc28        0x6 c:/st/stm32cubeide_1.11.2/stm32cubeide/plugins/com.st.stm32cube.ide.mcu.externaltools.gnu-tools-for-stm32.10.3-2021.10.win32_1.0.100.202210260954/tools/bin/../lib/gcc/arm-none-eabi/10.3.1/../../../../arm-none-eabi/lib/thumb/v7e-m+fp/hard\libstdc++_nano.a(pure.o)
                0x000000000800fc28                __cxa_pure_virtual
 .text._ZN10__cxxabiv111__terminateEPFvvE
                0x000000000800fc2e        0x8 c:/st/stm32cubeide_1.11.2/stm32cubeide/plugins/com.st.stm32cube.ide.mcu.externaltools.gnu-tools-for-stm32.10.3-2021.10.win32_1.0.100.202210260954/tools/bin/../lib/gcc/arm-none-eabi/10.3.1/../../../../arm-none-eabi/lib/thumb/v7e-m+fp/hard\libstdc++_nano.a(eh_terminate.o)
                0x000000000800fc2e                __cxxabiv1::__terminate(void (*)())
 *fill*         0x000000000800fc36        0x2 
 .text._ZSt13get_terminatev
                0x000000000800fc38       0x10 c:/st/stm32cubeide_1.11.2/stm32cubeide/plugins/com.st.stm32cube.ide.mcu.externaltools.gnu-tools-for-stm32.10.3-2021.10.win32_1.0.100.202210260954/tools/bin/../lib/gcc/arm-none-eabi/10.3.1/../../../../arm-none-eabi/lib/thumb/v7e-m+fp/hard\libstdc++_nano.a(eh_terminate.o)
                0x000000000800fc38                std::get_terminate()
 .text._ZSt9terminatev
                0x000000000800fc48        0xa c:/st/stm32cubeide_1.11.2/stm32cubeide/plugins/com.st.stm32cube.ide.mcu.externaltools.gnu-tools-for-stm32.10.3-2021.10.win32_1.0.100.202210260954/tools/bin/../lib/gcc/arm-none-eabi/10.3.1/../../../../arm-none-eabi/lib/thumb/v7e-m+fp/hard\libstdc++_nano.a(eh_terminate.o)
                0x000000000800fc48                std::terminate()
 *fill*         0x000000000800fc52        0x6 
 .text.atan     0x000000000800fc58      0x340 c:/st/stm32cubeide_1.11.2/stm32cubeide/plugins/com.st.stm32cube.ide.mcu.externaltools.gnu-tools-for-stm32.10.3-2021.10.win32_1.0.100.202210260954/tools/bin/../lib/gcc/arm-none-eabi/10.3.1/../../../../arm-none-eabi/lib/thumb/v7e-m+fp/hard\libm.a(lib_a-s_atan.o)
                0x000000000800fc58                atan
 .text.cos      0x000000000800ff98       0xa8 c:/st/stm32cubeide_1.11.2/stm32cubeide/plugins/com.st.stm32cube.ide.mcu.externaltools.gnu-tools-for-stm32.10.3-2021.10.win32_1.0.100.202210260954/tools/bin/../lib/gcc/arm-none-eabi/10.3.1/../../../../arm-none-eabi/lib/thumb/v7e-m+fp/hard\libm.a(lib_a-s_cos.o)
                0x000000000800ff98                cos
 .text.fabs     0x0000000008010040       0x12 c:/st/stm32cubeide_1.11.2/stm32cubeide/plugins/com.st.stm32cube.ide.mcu.externaltools.gnu-tools-for-stm32.10.3-2021.10.win32_1.0.100.202210260954/tools/bin/../lib/gcc/arm-none-eabi/10.3.1/../../../../arm-none-eabi/lib/thumb/v7e-m+fp/hard\libm.a(lib_a-s_fabs.o)
                0x0000000008010040                fabs
 *fill*         0x0000000008010052        0x6 
 .text.sin      0x0000000008010058       0xb0 c:/st/stm32cubeide_1.11.2/stm32cubeide/plugins/com.st.stm32cube.ide.mcu.externaltools.gnu-tools-for-stm32.10.3-2021.10.win32_1.0.100.202210260954/tools/bin/../lib/gcc/arm-none-eabi/10.3.1/../../../../arm-none-eabi/lib/thumb/v7e-m+fp/hard\libm.a(lib_a-s_sin.o)
                0x0000000008010058                sin
 .text.tan      0x0000000008010108       0x68 c:/st/stm32cubeide_1.11.2/stm32cubeide/plugins/com.st.stm32cube.ide.mcu.externaltools.gnu-tools-for-stm32.10.3-2021.10.win32_1.0.100.202210260954/tools/bin/../lib/gcc/arm-none-eabi/10.3.1/../../../../arm-none-eabi/lib/thumb/v7e-m+fp/hard\libm.a(lib_a-s_tan.o)
                0x0000000008010108                tan
 .text.cosf     0x0000000008010170       0x88 c:/st/stm32cubeide_1.11.2/stm32cubeide/plugins/com.st.stm32cube.ide.mcu.externaltools.gnu-tools-for-stm32.10.3-2021.10.win32_1.0.100.202210260954/tools/bin/../lib/gcc/arm-none-eabi/10.3.1/../../../../arm-none-eabi/lib/thumb/v7e-m+fp/hard\libm.a(lib_a-sf_cos.o)
                0x0000000008010170                cosf
 .text.fabsf    0x00000000080101f8        0xe c:/st/stm32cubeide_1.11.2/stm32cubeide/plugins/com.st.stm32cube.ide.mcu.externaltools.gnu-tools-for-stm32.10.3-2021.10.win32_1.0.100.202210260954/tools/bin/../lib/gcc/arm-none-eabi/10.3.1/../../../../arm-none-eabi/lib/thumb/v7e-m+fp/hard\libm.a(lib_a-sf_fabs.o)
                0x00000000080101f8                fabsf
 *fill*         0x0000000008010206        0x2 
 .text.sinf     0x0000000008010208       0x8c c:/st/stm32cubeide_1.11.2/stm32cubeide/plugins/com.st.stm32cube.ide.mcu.externaltools.gnu-tools-for-stm32.10.3-2021.10.win32_1.0.100.202210260954/tools/bin/../lib/gcc/arm-none-eabi/10.3.1/../../../../arm-none-eabi/lib/thumb/v7e-m+fp/hard\libm.a(lib_a-sf_sin.o)
                0x0000000008010208                sinf
 .text.pow      0x0000000008010294       0xe0 c:/st/stm32cubeide_1.11.2/stm32cubeide/plugins/com.st.stm32cube.ide.mcu.externaltools.gnu-tools-for-stm32.10.3-2021.10.win32_1.0.100.202210260954/tools/bin/../lib/gcc/arm-none-eabi/10.3.1/../../../../arm-none-eabi/lib/thumb/v7e-m+fp/hard\libm.a(lib_a-w_pow.o)
                0x0000000008010294                pow