Archive member included to satisfy reference by file (symbol)

c:/st/stm32cubeide_1.11.2/stm32cubeide/plugins/com.st.stm32cube.ide.mcu.externaltools.gnu-tools-for-stm32.10.3-2021.10.win32_1.0.100.202210260954/tools/bin/../lib/gcc/arm-none-eabi/10.3.1/../../../../arm-none-eabi/lib/thumb/v7e-m+fp/hard\libstdc++_nano.a(pure.o)
                              ./Core/Src/mainpp.o (__cxa_pure_virtual)
c:/st/stm32cubeide_1.11.2/stm32cubeide/plugins/com.st.stm32cube.ide.mcu.externaltools.gnu-tools-for-stm32.10.3-2021.10.win32_1.0.100.202210260954/tools/bin/../lib/gcc/arm-none-eabi/10.3.1/../../../../arm-none-eabi/lib/thumb/v7e-m+fp/hard\libstdc++_nano.a(eh_terminate.o)
                              c:/st/stm32cubeide_1.11.2/stm32cubeide/plugins/com.st.stm32cube.ide.mcu.externaltools.gnu-tools-for-stm32.10.3-2021.10.win32_1.0.100.202210260954/tools/bin/../lib/gcc/arm-none-eabi/10.3.1/../../../../arm-none-eabi/lib/thumb/v7e-m+fp/hard\libstdc++_nano.a(pure.o) (std::terminate())
c:/st/stm32cubeide_1.11.2/stm32cubeide/plugins/com.st.stm32cube.ide.mcu.externaltools.gnu-tools-for-stm32.10.3-2021.10.win32_1.0.100.202210260954/tools/bin/../lib/gcc/arm-none-eabi/10.3.1/../../../../arm-none-eabi/lib/thumb/v7e-m+fp/hard\libstdc++_nano.a(eh_unex_handler.o)
                              c:/st/stm32cubeide_1.11.2/stm32cubeide/plugins/com.st.stm32cube.ide.mcu.externaltools.gnu-tools-for-stm32.10.3-2021.10.win32_1.0.100.202210260954/tools/bin/../lib/gcc/arm-none-eabi/10.3.1/../../../../arm-none-eabi/lib/thumb/v7e-m+fp/hard\libstdc++_nano.a(eh_terminate.o) (__cxxabiv1::__unexpected_handler)
c:/st/stm32cubeide_1.11.2/stm32cubeide/plugins/com.st.stm32cube.ide.mcu.externaltools.gnu-tools-for-stm32.10.3-2021.10.win32_1.0.100.202210260954/tools/bin/../lib/gcc/arm-none-eabi/10.3.1/../../../../arm-none-eabi/lib/thumb/v7e-m+fp/hard\libstdc++_nano.a(eh_term_handler.o)
                              c:/st/stm32cubeide_1.11.2/stm32cubeide/plugins/com.st.stm32cube.ide.mcu.externaltools.gnu-tools-for-stm32.10.3-2021.10.win32_1.0.100.202210260954/tools/bin/../lib/gcc/arm-none-eabi/10.3.1/../../../../arm-none-eabi/lib/thumb/v7e-m+fp/hard\libstdc++_nano.a(eh_terminate.o) (__cxxabiv1::__terminate_handler)
c:/st/stm32cubeide_1.11.2/stm32cubeide/plugins/com.st.stm32cube.ide.mcu.externaltools.gnu-tools-for-stm32.10.3-2021.10.win32_1.0.100.202210260954/tools/bin/../lib/gcc/arm-none-eabi/10.3.1/../../../../arm-none-eabi/lib/thumb/v7e-m+fp/hard\libm.a(lib_a-s_atan.o)
                              ./Core/Src/LMI_balance.o (atan)
c:/st/stm32cubeide_1.11.2/stm32cubeide/plugins/com.st.stm32cube.ide.mcu.externaltools.gnu-tools-for-stm32.10.3-2021.10.win32_1.0.100.202210260954/tools/bin/../lib/gcc/arm-none-eabi/10.3.1/../../../../arm-none-eabi/lib/thumb/v7e-m+fp/hard\libm.a(lib_a-s_cos.o)
                              ./Core/Src/EKF.o (cos)
c:/st/stm32cubeide_1.11.2/stm32cubeide/plugins/com.st.stm32cube.ide.mcu.externaltools.gnu-tools-for-stm32.10.3-2021.10.win32_1.0.100.202210260954/tools/bin/../lib/gcc/arm-none-eabi/10.3.1/../../../../arm-none-eabi/lib/thumb/v7e-m+fp/hard\libm.a(lib_a-s_fabs.o)
                              c:/st/stm32cubeide_1.11.2/stm32cubeide/plugins/com.st.stm32cube.ide.mcu.externaltools.gnu-tools-for-stm32.10.3-2021.10.win32_1.0.100.202210260954/tools/bin/../lib/gcc/arm-none-eabi/10.3.1/../../../../arm-none-eabi/lib/thumb/v7e-m+fp/hard\libm.a(lib_a-s_atan.o) (fabs)
c:/st/stm32cubeide_1.11.2/stm32cubeide/plugins/com.st.stm32cube.ide.mcu.externaltools.gnu-tools-for-stm32.10.3-2021.10.win32_1.0.100.202210260954/tools/bin/../lib/gcc/arm-none-eabi/10.3.1/../../../../arm-none-eabi/lib/thumb/v7e-m+fp/hard\libm.a(lib_a-s_sin.o)
                              ./Core/Src/EKF.o (sin)
c:/st/stm32cubeide_1.11.2/stm32cubeide/plugins/com.st.stm32cube.ide.mcu.externaltools.gnu-tools-for-stm32.10.3-2021.10.win32_1.0.100.202210260954/tools/bin/../lib/gcc/arm-none-eabi/10.3.1/../../../../arm-none-eabi/lib/thumb/v7e-m+fp/hard\libm.a(lib_a-s_tan.o)
                              ./Core/Src/EKF.o (tan)
c:/st/stm32cubeide_1.11.2/stm32cubeide/plugins/com.st.stm32cube.ide.mcu.externaltools.gnu-tools-for-stm32.10.3-2021.10.win32_1.0.100.202210260954/tools/bin/../lib/gcc/arm-none-eabi/10.3.1/../../../../arm-none-eabi/lib/thumb/v7e-m+fp/hard\libm.a(lib_a-sf_atan.o)
                              ./Core/Src/LMI_balance.o (atanf)
c:/st/stm32cubeide_1.11.2/stm32cubeide/plugins/com.st.stm32cube.ide.mcu.externaltools.gnu-tools-for-stm32.10.3-2021.10.win32_1.0.100.202210260954/tools/bin/../lib/gcc/arm-none-eabi/10.3.1/../../../../arm-none-eabi/lib/thumb/v7e-m+fp/hard\libm.a(lib_a-sf_cos.o)
                              ./Core/Src/CanLogger.o (cosf)
c:/st/stm32cubeide_1.11.2/stm32cubeide/plugins/com.st.stm32cube.ide.mcu.externaltools.gnu-tools-for-stm32.10.3-2021.10.win32_1.0.100.202210260954/tools/bin/../lib/gcc/arm-none-eabi/10.3.1/../../../../arm-none-eabi/lib/thumb/v7e-m+fp/hard\libm.a(lib_a-sf_fabs.o)
[...]
Memory Configuration

Name             Origin             Length             Attributes
RAM              0x0000000020000000 0x0000000000020000 xrw
FLASH            0x0000000008000000 0x0000000000080000 xr
*default*        0x0000000000000000 0xffffffffffffffff

Linker script and memory map

LOAD c:/st/stm32cubeide_1.11.2/stm32cubeide/plugins/com.st.stm32cube.ide.mcu.externaltools.gnu-tools-for-stm32.10.3-2021.10.win32_1.0.100.202210260954/tools/bin/../lib/gcc/arm-none-eabi/10.3.1/thumb/v7e-m+fp/hard/crti.o
LOAD c:/st/stm32cubeide_1.11.2/stm32cubeide/plugins/com.st.stm32cube.ide.mcu.externaltools.gnu-tools-for-stm32.10.3-2021.10.win32_1.0.100.202210260954/tools/bin/../lib/gcc/arm-none-eabi/10.3.1/thumb/v7e-m+fp/hard/crtbegin.o
LOAD c:/st/stm32cubeide_1.11.2/stm32cubeide/plugins/com.st.stm32cube.ide.mcu.externaltools.gnu-tools-for-stm32.10.3-2021.10.win32_1.0.100.202210260954/tools/bin/../lib/gcc/arm-none-eabi/10.3.1/../../../../arm-none-eabi/lib/thumb/v7e-m+fp/hard/crt0.o
LOAD ./Core/Inc/duration.o
LOAD ./Core/Inc/time.o
LOAD ./Core/Src/CanLogger.o
LOAD ./Core/Src/EKF.o
LOAD ./Core/Src/LCD.o
LOAD ./Core/Src/LMI_balance.o
LOAD ./Core/Src/MatrixCalculate.o
LOAD ./Core/Src/MxMotor.o
LOAD ./Core/Src/OpenIMU.o
LOAD ./Core/Src/PDcontrol.o
LOAD ./Core/Src/QuadrantAngle.o
LOAD ./Core/Src/Tracking.o
LOAD ./Core/Src/can.o
LOAD ./Core/Src/controller.o
LOAD ./Core/Src/dma.o
LOAD ./Core/Src/dxl_hal.o
LOAD ./Core/Src/dynamixel.o
LOAD ./Core/Src/estimator.o
LOAD ./Core/Src/gpio.o
LOAD ./Core/Src/main.o
LOAD ./Core/Src/mainpp.o
LOAD ./Core/Src/sensor_fusion.o
LOAD ./Core/Src/spi.o
LOAD ./Core/Src/stm32f4xx_hal_msp.o
LOAD ./Core/Src/stm32f4xx_it.o
LOAD ./Core/Src/syscalls.o
LOAD ./Core/Src/sysmem.o
LOAD ./Core/Src/system_stm32f4xx.o
LOAD ./Core/Src/tim.o
LOAD ./Core/Src/usart.o
LOAD ./Core/Startup/startup_stm32f446retx.o
LOAD ./Drivers/STM32F4xx_HAL_Driver/Src/stm32f4xx_hal.o
LOAD ./Drivers/STM32F4xx_HAL_Driver/Src/stm32f4xx_hal_can.o
LOAD ./Drivers/STM32F4xx_HAL_Driver/Src/stm32f4xx_hal_cortex.o
LOAD ./Drivers/STM32F4xx_HAL_Driver/Src/stm32f4xx_hal_dma.o
LOAD ./Drivers/STM32F4xx_HAL_Driver/Src/stm32f4xx_hal_dma_ex.o
LOAD ./Drivers/STM32F4xx_HAL_Driver/Src/stm32f4xx_hal_exti.o
LOAD ./Drivers/STM32F4xx_HAL_Driver/Src/stm32f4xx_hal_flash.o
LOAD ./Drivers/STM32F4xx_HAL_Driver/Src/stm32f4xx_hal_flash_ex.o
LOAD ./Drivers/STM32F4xx_HAL_Driver/Src/stm32f4xx_hal_flash_ramfunc.o
LOAD ./Drivers/STM32F4xx_HAL_Driver/Src/stm32f4xx_hal_gpio.o
LOAD ./Drivers/STM32F4xx_HAL_Driver/Src/stm32f4xx_hal_pwr.o
LOAD ./Drivers/STM32F4xx_HAL_Driver/Src/stm32f4xx_hal_pwr_ex.o
LOAD ./Drivers/STM32F4xx_HAL_Driver/Src/stm32f4xx_hal_rcc.o
LOAD ./Drivers/STM32F4xx_HAL_Driver/Src/stm32f4xx_hal_rcc_ex.o
LOAD ./Drivers/STM32F4xx_HAL_Driver/Src/stm32f4xx_hal_spi.o
LOAD ./Drivers/STM32F4xx_HAL_Driver/Src/stm32f4xx_hal_tim.o
LOAD ./Drivers/STM32F4xx_HAL_Driver/Src/stm32f4xx_hal_tim_ex.o
LOAD ./Drivers/STM32F4xx_HAL_Driver/Src/stm32f4xx_hal_uart.o
LOAD ./Drivers/STM32F4xx_HAL_Driver/Src/stm32f4xx_ll_dma.o
LOAD ./Drivers/STM32F4xx_HAL_Driver/Src/stm32f4xx_ll_exti.o
LOAD ./Drivers/STM32F4xx_HAL_Driver/Src/stm32f4xx_ll_gpio.o
LOAD ./Drivers/STM32F4xx_HAL_Driver/Src/stm32f4xx_ll_rcc.o
LOAD ./Drivers/STM32F4xx_HAL_Driver/Src/stm32f4xx_ll_tim.o
LOAD ./Drivers/STM32F4xx_HAL_Driver/Src/stm32f4xx_ll_usart.o
LOAD ./Drivers/STM32F4xx_HAL_Driver/Src/stm32f4xx_ll_utils.o
START GROUP
LOAD c:/st/stm32cubeide_1.11.2/stm32cubeide/plugins/com.st.stm32cube.ide.mcu.externaltools.gnu-tools-for-stm32.10.3-2021.10.win32_1.0.100.202210260954/tools/bin/../lib/gcc/arm-none-eabi/10.3.1/../../../../arm-none-eabi/lib/thumb/v7e-m+fp/hard\libstdc++_nano.a
LOAD c:/st/stm32cubeide_1.11.2/stm32cubeide/plugins/com.st.stm32cube.ide.mcu.externaltools.gnu-tools-for-stm32.10.3-2021.10.win32_1.0.100.202210260954/tools/bin/../lib/gcc/arm-none-eabi/10.3.1/../../../../arm-none-eabi/lib/thumb/v7e-m+fp/hard\libsupc++_nano.a
END GROUP
LOAD c:/st/stm32cubeide_1.11.2/stm32cubeide/plugins/com.st.stm32cube.ide.mcu.externaltools.gnu-tools-for-stm32.10.3-2021.10.win32_1.0.100.202210260954/tools/bin/../lib/gcc/arm-none-eabi/10.3.1/../../../../arm-none-eabi/lib/thumb/v7e-m+fp/hard\libstdc++_nano.a
LOAD c:/st/stm32cubeide_1.11.2/stm32cubeide/plugins/com.st.stm32cube.ide.mcu.externaltools.gnu-tools-for-stm32.10.3-2021.10.win32_1.0.100.202210260954/tools/bin/../lib/gcc/arm-none-eabi/10.3.1/../../../../arm-none-eabi/lib/thumb/v7e-m+fp/hard\libm.a
LOAD c:/st/stm32cubeide_1.11.2/stm32cubeide/plugins/com.st.stm32cube.ide.mcu.externaltools.gnu-tools-for-stm32.10.3-2021.10.win32_1.0.100.202210260954/tools/bin/../lib/gcc/arm-none-eabi/10.3.1/../../../../arm-none-eabi/lib/thumb/v7e-m+fp/hard\libc_nano.a
START GROUP
LOAD c:/st/stm32cubeide_1.11.2/stm32cubeide/plugins/com.st.stm32cube.ide.mcu.externaltools.gnu-tools-for-stm32.10.3-2021.10.win32_1.0.100.202210260954/tools/bin/../lib/gcc/arm-none-eabi/10.3.1/thumb/v7e-m+fp/hard\libgcc.a
LOAD c:/st/stm32cubeide_1.11.2/stm32cubeide/plugins/com.st.stm32cube.ide.mcu.externaltools.gnu-tools-for-stm32.10.3-2021.10.win32_1.0.100.202210260954/tools/bin/../lib/gcc/arm-none-eabi/10.3.1/../../../../arm-none-eabi/lib/thumb/v7e-m+fp/hard\libc_nano.a
END GROUP
START GROUP
LOAD c:/st/stm32cubeide_1.11.2/stm32cubeide/plugins/com.st.stm32cube.ide.mcu.externaltools.gnu-tools-for-stm32.10.3-2021.10.win32_1.0.100.202210260954/tools/bin/../lib/gcc/arm-none-eabi/10.3.1/thumb/v7e-m+fp/hard\libgcc.a
LOAD c:/st/stm32cubeide_1.11.2/stm32cubeide/plugins/com.st.stm32cube.ide.mcu.externaltools.gnu-tools-for-stm32.10.3-2021.10.win32_1.0.100.202210260954/tools/bin/../lib/gcc/arm-none-eabi/10.3.1/../../../../arm-none-eabi/lib/thumb/v7e-m+fp/hard\libc_nano.a
LOAD c:/st/stm32cubeide_1.11.2/stm32cubeide/plugins/com.st.stm32cube.ide.mcu.externaltools.gnu-tools-for-stm32.10.3-2021.10.win32_1.0.100.202210260954/tools/bin/../lib/gcc/arm-none-eabi/10.3.1/../../../../arm-none-eabi/lib/thumb/v7e-m+fp/hard\libnosys.a
END GROUP
START GROUP
LOAD c:/st/stm32cubeide_1.11.2/stm32cubeide/plugins/com.st.stm32cube.ide.mcu.externaltools.gnu-tools-for-stm32.10.3-2021.10.win32_1.0.100.202210260954/tools/bin/../lib/gcc/arm-none-eabi/10.3.1/thumb/v7e-m+fp/hard\libgcc.a
LOAD c:/st/stm32cubeide_1.11.2/stm32cubeide/plugins/com.st.stm32cube.ide.mcu.externaltools.gnu-tools-for-stm32.10.3-2021.10.win32_1.0.100.202210260954/tools/bin/../lib/gcc/arm-none-eabi/10.3.1/../../../../arm-none-eabi/lib/thumb/v7e-m+fp/hard\libc_nano.a
LOAD c:/st/stm32cubeide_1.11.2/stm32cubeide/plugins/com.st.stm32cube.ide.mcu.externaltools.gnu-tools-for-stm32.10.3-2021.10.win32_1.0.100.202210260954/tools/bin/../lib/gcc/arm-none-eabi/10.3.1/../../../../arm-none-eabi/lib/thumb/v7e-m+fp/hard\libnosys.a
END GROUP
LOAD c:/st/stm32cubeide_1.11.2/stm32cubeide/plugins/com.st.stm32cube.ide.mcu.externaltools.gnu-tools-for-stm32.10.3-2021.10.win32_1.0.100.202210260954/tools/bin/../lib/gcc/arm-none-eabi/10.3.1/thumb/v7e-m+fp/hard/crtend.o
LOAD c:/st/stm32cubeide_1.11.2/stm32cubeide/plugins/com.st.stm32cube.ide.mcu.externaltools.gnu-tools-for-stm32.10.3-2021.10.win32_1.0.100.202210260954/tools/bin/../lib/gcc/arm-none-eabi/10.3.1/thumb/v7e-m+fp/hard/crtn.o
                0x0000000020020000                _estack = (ORIGIN (RAM) + LENGTH (RAM))
                0x0000000000000200                _Min_Heap_Size = 0x200
                0x0000000000000400                _Min_Stack_Size = 0x400

.isr_vector     0x0000000008000000      0x1c4
                0x0000000008000000                . = ALIGN (0x4)
 *(.isr_vector)
 .isr_vector    0x0000000008000000      0x1c4 ./Core/Startup/startup_stm32f446retx.o
                0x0000000008000000                g_pfnVectors
                0x00000000080001c4                . = ALIGN (0x4)

.text           0x00000000080001c8    0x136f4
                0x00000000080001c8                . = ALIGN (0x4)
 *(.text)
 .text          0x00000000080001c8       0x40 c:/st/stm32cubeide_1.11.2/stm32cubeide/plugins/com.st.stm32cube.ide.mcu.externaltools.gnu-tools-for-stm32.10.3-2021.10.win32_1.0.100.202210260954/tools/bin/../lib/gcc/arm-none-eabi/10.3.1/thumb/v7e-m+fp/hard/crtbegin.o
 .text          0x0000000008000208       0x10 c:/st/stm32cubeide_1.11.2/stm32cubeide/plugins/com.st.stm32cube.ide.mcu.externaltools.gnu-tools-for-stm32.10.3-2021.10.win32_1.0.100.202210260954/tools/bin/../lib/gcc/arm-none-eabi/10.3.1/../../../../arm-none-eabi/lib/thumb/v7e-m+fp/hard\libc_nano.a(lib_a-strlen.o)
                0x0000000008000208                strlen
 .text          0x0000000008000218      0x378 c:/st/stm32cubeide_1.11.2/stm32cubeide/plugins/com.st.stm32cube.ide.mcu.externaltools.gnu-tools-for-stm32.10.3-2021.10.win32_1.0.100.202210260954/tools/bin/../lib/gcc/arm-none-eabi/10.3.1/thumb/v7e-m+fp/hard\libgcc.a(_arm_addsubdf3.o)
                0x0000000008000218                __aeabi_drsub
                0x0000000008000220                __aeabi_dsub
                0x0000000008000220                __subdf3
                0x0000000008000224                __aeabi_dadd
                0x0000000008000224                __adddf3
                0x000000000800049c                __floatunsidf
                0x000000000800049c                __aeabi_ui2d
                0x00000000080004bc                __floatsidf
                0x00000000080004bc                __aeabi_i2d
                0x00000000080004e0                __aeabi_f2d
                0x00000000080004e0                __extendsfdf2
                0x0000000008000524                __floatundidf
                0x0000000008000524                __aeabi_ul2d
                0x0000000008000534                __floatdidf
                0x0000000008000534                __aeabi_l2d
 .text          0x0000000008000590      0x424 c:/st/stm32cubeide_1.11.2/stm32cubeide/plugins/com.st.stm32cube.ide.mcu.externaltools.gnu-tools-for-stm32.10.3-2021.10.win32_1.0.100.202210260954/tools/bin/../lib/gcc/arm-none-eabi/10.3.1/thumb/v7e-m+fp/hard\libgcc.a(_arm_muldivdf3.o)
                0x0000000008000590                __aeabi_dmul
                0x0000000008000590                __muldf3
                0x00000000080007e4                __divdf3
                0x00000000080007e4                __aeabi_ddiv
 .text          0x00000000080009b4      0x110 c:/st/stm32cubeide_1.11.2/stm32cubeide/plugins/com.st.stm32cube.ide.mcu.externaltools.gnu-tools-for-stm32.10.3-2021.10.win32_1.0.100.202210260954/tools/bin/../lib/gcc/arm-none-eabi/10.3.1/thumb/v7e-m+fp/hard\libgcc.a(_arm_cmpdf2.o)
                0x00000000080009b4                __gtdf2
                0x00000000080009b4                __gedf2
                0x00000000080009bc                __ltdf2
                0x00000000080009bc                __ledf2
                0x00000000080009c4                __nedf2
                0x00000000080009c4                __eqdf2
                0x00000000080009c4                __cmpdf2
                0x0000000008000a40                __aeabi_cdrcmple
                0x0000000008000a50                __aeabi_cdcmpeq
                0x0000000008000a50                __aeabi_cdcmple
                0x0000000008000a60                __aeabi_dcmpeq
                0x0000000008000a74                __aeabi_dcmplt
                0x0000000008000a88                __aeabi_dcmple
                0x0000000008000a9c                __aeabi_dcmpge
                0x0000000008000ab0                __aeabi_dcmpgt
 .text          0x0000000008000ac4       0x2c c:/st/stm32cubeide_1.11.2/stm32cubeide/plugins/com.st.stm32cube.ide.mcu.externaltools.gnu-tools-for-stm32.10.3-2021.10.win32_1.0.100.202210260954/tools/bin/../lib/gcc/arm-none-eabi/10.3.1/thumb/v7e-m+fp/hard\libgcc.a(_arm_unorddf2.o)
                0x0000000008000ac4                __unorddf2
                0x0000000008000ac4                __aeabi_dcmpun
 .text          0x0000000008000af0       0x50 c:/st/stm32cubeide_1.11.2/stm32cubeide/plugins/com.st.stm32cube.ide.mcu.externaltools.gnu-tools-for-stm32.10.3-2021.10.win32_1.0.100.202210260954/tools/bin/../lib/gcc/arm-none-eabi/10.3.1/thumb/v7e-m+fp/hard\libgcc.a(_arm_fixdfsi.o)
                0x0000000008000af0                __aeabi_d2iz
                0x0000000008000af0                __fixdfsi
 .text          0x0000000008000b40       0x40 c:/st/stm32cubeide_1.11.2/stm32cubeide/plugins/com.st.stm32cube.ide.mcu.externaltools.gnu-tools-for-stm32.10.3-2021.10.win32_1.0.100.202210260954/tools/bin/../lib/gcc/arm-none-eabi/10.3.1/thumb/v7e-m+fp/hard\libgcc.a(_arm_fixunsdfsi.o)
                0x0000000008000b40                __aeabi_d2uiz
                0x0000000008000b40                __fixunsdfsi
 .text          0x0000000008000b80       0xa0 c:/st/stm32cubeide_1.11.2/stm32cubeide/plugins/com.st.stm32cube.ide.mcu.externaltools.gnu-tools-for-stm32.10.3-2021.10.win32_1.0.100.202210260954/tools/bin/../lib/gcc/arm-none-eabi/10.3.1/thumb/v7e-m+fp/hard\libgcc.a(_arm_truncdfsf2.o)
                0x0000000008000b80                __truncdfsf2
                0x0000000008000b80                __aeabi_d2f
 .text          0x0000000008000c20       0x30 c:/st/stm32cubeide_1.11.2/stm32cubeide/plugins/com.st.stm32cube.ide.mcu.externaltools.gnu-tools-for-stm32.10.3-2021.10.win32_1.0.100.202210260954/tools/bin/../lib/gcc/arm-none-eabi/10.3.1/thumb/v7e-m+fp/hard\libgcc.a(_aeabi_uldivmod.o)
                0x0000000008000c20                __aeabi_uldivmod
 .text          0x0000000008000c50      0x2d0 c:/st/stm32cubeide_1.11.2/stm32cubeide/plugins/com.st.stm32cube.ide.mcu.externaltools.gnu-tools-for-stm32.10.3-2021.10.win32_1.0.100.202210260954/tools/bin/../lib/gcc/arm-none-eabi/10.3.1/thumb/v7e-m+fp/hard\libgcc.a(_udivmoddi4.o)
                0x0000000008000c50                __udivmoddi4
 .text          0x0000000008000f20        0x4 c:/st/stm32cubeide_1.11.2/stm32cubeide/plugins/com.st.stm32cube.ide.mcu.externaltools.gnu-tools-for-stm32.10.3-2021.10.win32_1.0.100.202210260954/tools/bin/../lib/gcc/arm-none-eabi/10.3.1/thumb/v7e-m+fp/hard\libgcc.a(_dvmd_tls.o)
                0x0000000008000f20                __aeabi_idiv0
                0x0000000008000f20                __aeabi_ldiv0
 *(.text*)
 .text._ZN3ros16normalizeSecNSecERmS0_
                0x0000000008000f24       0x58 ./Core/Inc/time.o
                0x0000000008000f24                ros::normalizeSecNSec(unsigned long&, unsigned long&)
 *fill*         0x0000000008000f7c        0x4 
 .text.CanLogger
                0x0000000008000f80      0xd38 ./Core/Src/CanLogger.o
                0x0000000008000f80                CanLogger
 .text.readGPS  0x0000000008001cb8       0x94 ./Core/Src/EKF.o
                0x0000000008001cb8                readGPS
 *fill*         0x0000000008001d4c        0x4 
 .text.ReadAccuracyEstimate
                0x0000000008001d50       0xa4 ./Core/Src/EKF.o
                0x0000000008001d50                ReadAccuracyEstimate
 *fill*         0x0000000008001df4        0x4 
 .text.gpsXY    0x0000000008001df8      0xa10 ./Core/Src/EKF.o
                0x0000000008001df8                gpsXY
 .text.LcdData  0x0000000008002808      0x2ec ./Core/Src/LCD.o
                0x0000000008002808                LcdData
 .text.LL_TIM_OC_SetCompareCH1
                0x0000000008002af4       0x1c ./Core/Src/MxMotor.o
 .text.LL_TIM_OC_GetCompareCH1
                0x0000000008002b10       0x18 ./Core/Src/MxMotor.o
 .text.LL_TIM_ClearFlag_CC1
                0x0000000008002b28       0x1c ./Core/Src/MxMotor.o
 .text.LL_TIM_IsActiveFlag_CC1
                0x0000000008002b44       0x26 ./Core/Src/MxMotor.o
 .text.LL_USART_IsActiveFlag_TC
                0x0000000008002b6a       0x26 ./Core/Src/MxMotor.o
 .text.LL_USART_IsActiveFlag_TXE
                0x0000000008002b90       0x26 ./Core/Src/MxMotor.o
 .text.LL_USART_IsEnabledIT_RXNE
                0x0000000008002bb6       0x26 ./Core/Src/MxMotor.o
 .text.LL_USART_ReceiveData8
                0x0000000008002bdc       0x1a ./Core/Src/MxMotor.o
 .text.LL_USART_TransmitData8
                0x0000000008002bf6       0x1e ./Core/Src/MxMotor.o
 .text.ClearBuffer256
                0x0000000008002c14       0x24 ./Core/Src/MxMotor.o
                0x0000000008002c14                ClearBuffer256
 .text.CheckNewArrive
                0x0000000008002c38       0x2c ./Core/Src/MxMotor.o
                0x0000000008002c38                CheckNewArrive
 .text.TxDByte_DXL
                0x0000000008002c64       0x38 ./Core/Src/MxMotor.o
                0x0000000008002c64                TxDByte_DXL
 .text.RxDByte_DXL
                0x0000000008002c9c       0x50 ./Core/Src/MxMotor.o
                0x0000000008002c9c                RxDByte_DXL
 .text.PrintCommStatus
                0x0000000008002cec       0x14 ./Core/Src/MxMotor.o
                0x0000000008002cec                PrintCommStatus
 .text.PrintErrorCode
                0x0000000008002d00        0xe ./Core/Src/MxMotor.o
                0x0000000008002d00                PrintErrorCode
 .text.TxDWord16
                0x0000000008002d0e       0x2a ./Core/Src/MxMotor.o
                0x0000000008002d0e                TxDWord16
 .text.TxDByte16
                0x0000000008002d38       0x50 ./Core/Src/MxMotor.o
                0x0000000008002d38                TxDByte16
 .text.TxDByte_PC
                0x0000000008002d88       0x30 ./Core/Src/MxMotor.o
                0x0000000008002d88                TxDByte_PC
 .text.TimerInterrupt_1ms
                0x0000000008002db8       0x64 ./Core/Src/MxMotor.o
                0x0000000008002db8                TimerInterrupt_1ms
 .text.RxD0Interrupt
                0x0000000008002e1c       0x40 ./Core/Src/MxMotor.o
                0x0000000008002e1c                RxD0Interrupt
 .text.StartDiscount
                0x0000000008002e5c       0x20 ./Core/Src/MxMotor.o
                0x0000000008002e5c                StartDiscount
 .text.CheckTimeOut
                0x0000000008002e7c       0x20 ./Core/Src/MxMotor.o
                0x0000000008002e7c                CheckTimeOut
 .text.Motor    0x0000000008002e9c       0x9c ./Core/Src/MxMotor.o
                0x0000000008002e9c                Motor
 .text.AngleLimit
                0x0000000008002f38       0x30 ./Core/Src/MxMotor.o
                0x0000000008002f38                AngleLimit
 .text.LL_GPIO_SetOutputPin
                0x0000000008002f68       0x1c ./Core/Src/OpenIMU.o
 .text.LL_GPIO_ResetOutputPin
                0x0000000008002f84       0x1e ./Core/Src/OpenIMU.o
 .text.LL_GPIO_TogglePin
                0x0000000008002fa2       0x32 ./Core/Src/OpenIMU.o
 .text.SPIdelay
                0x0000000008002fd4       0x30 ./Core/Src/OpenIMU.o
                0x0000000008002fd4                SPIdelay
 .text.openIMU  0x0000000008003004      0x37c ./Core/Src/OpenIMU.o
                0x0000000008003004                openIMU
 .text.PDD      0x0000000008003380      0x444 ./Core/Src/PDcontrol.o
                0x0000000008003380                PDD
 .text.LowpassFilter
                0x00000000080037c4       0x68 ./Core/Src/PDcontrol.o
                0x00000000080037c4                LowpassFilter
 .text.MX_CAN1_Init
                0x000000000800382c       0x6c ./Core/Src/can.o
                0x000000000800382c                MX_CAN1_Init
 .text.HAL_CAN_MspInit
                0x0000000008003898       0xb0 ./Core/Src/can.o
                0x0000000008003898                HAL_CAN_MspInit
 .text.CAN_Filter_Init
                0x0000000008003948       0x50 ./Core/Src/can.o
                0x0000000008003948                CAN_Filter_Init
 .text.__NVIC_GetPriorityGrouping
                0x0000000008003998       0x1c ./Core/Src/dma.o
 .text.__NVIC_EnableIRQ
                0x00000000080039b4       0x3c ./Core/Src/dma.o
 .text.__NVIC_SetPriority
                0x00000000080039f0       0x54 ./Core/Src/dma.o
 .text.NVIC_EncodePriority
                0x0000000008003a44       0x66 ./Core/Src/dma.o
 *fill*         0x0000000008003aaa        0x2 
 .text.LL_AHB1_GRP1_EnableClock
                0x0000000008003aac       0x30 ./Core/Src/dma.o
 .text.MX_DMA_Init
                0x0000000008003adc       0x70 ./Core/Src/dma.o
                0x0000000008003adc                MX_DMA_Init
 .text.LL_GPIO_SetOutputPin
                0x0000000008003b4c       0x1c ./Core/Src/dxl_hal.o
 .text.LL_GPIO_ResetOutputPin
                0x0000000008003b68       0x1e ./Core/Src/dxl_hal.o
 .text.dxl_hal_open
                0x0000000008003b86       0x18 ./Core/Src/dxl_hal.o
                0x0000000008003b86                dxl_hal_open
 .text.dxl_hal_clear
                0x0000000008003b9e        0xc ./Core/Src/dxl_hal.o
                0x0000000008003b9e                dxl_hal_clear
 *fill*         0x0000000008003baa        0x2 
 .text.dxl_hal_tx
                0x0000000008003bac       0x4c ./Core/Src/dxl_hal.o
                0x0000000008003bac                dxl_hal_tx
 .text.dxl_hal_rx
                0x0000000008003bf8       0x46 ./Core/Src/dxl_hal.o
                0x0000000008003bf8                dxl_hal_rx
 .text.dxl_hal_set_timeout
                0x0000000008003c3e       0x1e ./Core/Src/dxl_hal.o
                0x0000000008003c3e                dxl_hal_set_timeout
 .text.dxl_hal_timeout
                0x0000000008003c5c        0xe ./Core/Src/dxl_hal.o
                0x0000000008003c5c                dxl_hal_timeout
 *fill*         0x0000000008003c6a        0x2 
 .text.dxl_initialize
                0x0000000008003c6c       0x4c ./Core/Src/dynamixel.o
                0x0000000008003c6c                dxl_initialize
 .text.dxl_tx_packet
                0x0000000008003cb8      0x130 ./Core/Src/dynamixel.o
                0x0000000008003cb8                dxl_tx_packet
 .text.dxl_rx_packet
                0x0000000008003de8      0x230 ./Core/Src/dynamixel.o
                0x0000000008003de8                dxl_rx_packet
 .text.dxl_txrx_packet
                0x0000000008004018       0x28 ./Core/Src/dynamixel.o
                0x0000000008004018                dxl_txrx_packet
 .text.dxl_get_result
                0x0000000008004040       0x18 ./Core/Src/dynamixel.o
                0x0000000008004040                dxl_get_result
 .text.dxl_makeword
                0x0000000008004058       0x2c ./Core/Src/dynamixel.o
                0x0000000008004058                dxl_makeword
 .text.dxl_get_lowbyte
                0x0000000008004084       0x1e ./Core/Src/dynamixel.o
                0x0000000008004084                dxl_get_lowbyte
 .text.dxl_get_highbyte
                0x00000000080040a2       0x26 ./Core/Src/dynamixel.o
                0x00000000080040a2                dxl_get_highbyte
 .text.dxl_read_byte
                0x00000000080040c8       0x54 ./Core/Src/dynamixel.o
                0x00000000080040c8                dxl_read_byte
 .text.dxl_read_word
                0x000000000800411c       0x64 ./Core/Src/dynamixel.o
                0x000000000800411c                dxl_read_word
 .text.dxl_write_word
                0x0000000008004180       0x64 ./Core/Src/dynamixel.o
                0x0000000008004180                dxl_write_word
 *fill*         0x00000000080041e4        0x4 
 .text.estimator
                0x00000000080041e8      0x550 ./Core/Src/estimator.o
                0x00000000080041e8                estimator
 .text.LL_AHB1_GRP1_EnableClock
                0x0000000008004738       0x30 ./Core/Src/gpio.o
 .text.LL_SYSCFG_SetEXTISource
                0x0000000008004768       0x5c ./Core/Src/gpio.o
 .text.LL_GPIO_SetPinMode
                0x00000000080047c4       0x5e ./Core/Src/gpio.o
 .text.LL_GPIO_SetPinPull
                0x0000000008004822       0x5e ./Core/Src/gpio.o
 .text.LL_GPIO_ResetOutputPin
                0x0000000008004880       0x1e ./Core/Src/gpio.o
 *fill*         0x000000000800489e        0x2 
 .text.MX_GPIO_Init
                0x00000000080048a0      0x148 ./Core/Src/gpio.o
                0x00000000080048a0                MX_GPIO_Init
 .text.LL_DMA_SetDataLength
                0x00000000080049e8       0x48 ./Core/Src/main.o
 .text.LL_DMA_SetMemoryAddress
                0x0000000008004a30       0x30 ./Core/Src/main.o
 .text.LL_DMA_SetPeriphAddress
                0x0000000008004a60       0x30 ./Core/Src/main.o
 .text.LL_RCC_HSE_EnableBypass
                0x0000000008004a90       0x20 ./Core/Src/main.o
 .text.LL_RCC_HSE_Enable
                0x0000000008004ab0       0x20 ./Core/Src/main.o
 .text.LL_RCC_HSE_IsReady
                0x0000000008004ad0       0x28 ./Core/Src/main.o
 .text.LL_RCC_SetSysClkSource
                0x0000000008004af8       0x28 ./Core/Src/main.o
 .text.LL_RCC_GetSysClkSource
                0x0000000008004b20       0x1c ./Core/Src/main.o
 .text.LL_RCC_SetAHBPrescaler
                0x0000000008004b3c       0x28 ./Core/Src/main.o
 .text.LL_RCC_SetAPB1Prescaler
                0x0000000008004b64       0x28 ./Core/Src/main.o
 .text.LL_RCC_SetAPB2Prescaler
                0x0000000008004b8c       0x28 ./Core/Src/main.o
 .text.LL_RCC_SetTIMPrescaler
                0x0000000008004bb4       0x2c ./Core/Src/main.o
 .text.LL_RCC_PLL_Enable
                0x0000000008004be0       0x20 ./Core/Src/main.o
 .text.LL_RCC_PLL_IsReady
                0x0000000008004c00       0x28 ./Core/Src/main.o
 .text.LL_RCC_PLL_ConfigDomain_SYS
                0x0000000008004c28       0x5c ./Core/Src/main.o
 .text.LL_FLASH_SetLatency
                0x0000000008004c84       0x28 ./Core/Src/main.o
 .text.LL_FLASH_GetLatency
                0x0000000008004cac       0x1c ./Core/Src/main.o
 .text.LL_EXTI_EnableIT_0_31
                0x0000000008004cc8       0x24 ./Core/Src/main.o
 .text.LL_EXTI_EnableRisingTrig_0_31
                0x0000000008004cec       0x24 ./Core/Src/main.o
 .text.LL_EXTI_ReadFlag_0_31
                0x0000000008004d10       0x20 ./Core/Src/main.o
 .text.LL_EXTI_ClearFlag_0_31
                0x0000000008004d30       0x20 ./Core/Src/main.o
 .text.LL_SYSTICK_SetClkSource
                0x0000000008004d50       0x38 ./Core/Src/main.o
 .text.LL_SYSTICK_EnableIT
                0x0000000008004d88       0x20 ./Core/Src/main.o
 .text.LL_PWR_EnableOverDriveMode
                0x0000000008004da8       0x20 ./Core/Src/main.o
 .text.LL_PWR_SetRegulVoltageScaling
                0x0000000008004dc8       0x28 ./Core/Src/main.o
 .text.LL_TIM_EnableCounter
                0x0000000008004df0       0x20 ./Core/Src/main.o
 .text.LL_TIM_CC_EnableChannel
                0x0000000008004e10       0x22 ./Core/Src/main.o
 .text.LL_TIM_IC_GetCaptureCH1
                0x0000000008004e32       0x18 ./Core/Src/main.o
 .text.LL_TIM_IC_GetCaptureCH3
                0x0000000008004e4a       0x18 ./Core/Src/main.o
 .text.LL_TIM_IC_GetCaptureCH4
                0x0000000008004e62       0x18 ./Core/Src/main.o
 .text.LL_TIM_EnableIT_CC1
                0x0000000008004e7a       0x20 ./Core/Src/main.o
 .text.LL_USART_EnableIT_RXNE
                0x0000000008004e9a       0x46 ./Core/Src/main.o
 .text.LL_USART_DMA_GetRegAddr
                0x0000000008004ee0       0x18 ./Core/Src/main.o
 .text.LL_GPIO_SetOutputPin
                0x0000000008004ef8       0x1c ./Core/Src/main.o
 .text.LL_GPIO_ResetOutputPin
                0x0000000008004f14       0x1e ./Core/Src/main.o
 .text.TxMSG_Init
                0x0000000008004f32       0x2c ./Core/Src/main.o
 *fill*         0x0000000008004f5e        0x2 
 .text.main     0x0000000008004f60      0xa0c ./Core/Src/main.o
                0x0000000008004f60                main
 .text.SystemClock_Config
                0x000000000800596c       0xa4 ./Core/Src/main.o
                0x000000000800596c                SystemClock_Config
 .text.start_read
                0x0000000008005a10       0x44 ./Core/Src/main.o
                0x0000000008005a10                start_read
 .text.check_sum
                0x0000000008005a54       0x70 ./Core/Src/main.o
                0x0000000008005a54                check_sum
 .text.EmergencyBrake
                0x0000000008005ac4       0xa4 ./Core/Src/main.o
                0x0000000008005ac4                EmergencyBrake
 .text.HAL_TIM_PeriodElapsedCallback
                0x0000000008005b68       0xd0 ./Core/Src/main.o
                0x0000000008005b68                HAL_TIM_PeriodElapsedCallback
 .text.Error_Handler
                0x0000000008005c38        0xa ./Core/Src/main.o
                0x0000000008005c38                Error_Handler
 .text._ZN3ros4TimeC2Ev
                0x0000000008005c42       0x22 ./Core/Src/mainpp.o
                0x0000000008005c42                ros::Time::Time()
                0x0000000008005c42                ros::Time::Time()
 .text._ZN3ros3MsgC2Ev
                0x0000000008005c64       0x20 ./Core/Src/mainpp.o
                0x0000000008005c64                ros::Msg::Msg()
                0x0000000008005c64                ros::Msg::Msg()
 .text._ZN8std_msgs4TimeC2Ev
                0x0000000008005c84       0x30 ./Core/Src/mainpp.o
                0x0000000008005c84                std_msgs::Time::Time()
                0x0000000008005c84                std_msgs::Time::Time()
 .text._ZNK8std_msgs4Time9serializeEPh
                0x0000000008005cb4       0xb0 ./Core/Src/mainpp.o
                0x0000000008005cb4                std_msgs::Time::serialize(unsigned char*) const
 .text._ZN8std_msgs4Time11deserializeEPh
                0x0000000008005d64       0xc8 ./Core/Src/mainpp.o
                0x0000000008005d64                std_msgs::Time::deserialize(unsigned char*)
 .text._ZN8std_msgs4Time7getTypeEv
                0x0000000008005e2c       0x1c ./Core/Src/mainpp.o
                0x0000000008005e2c                std_msgs::Time::getType()
 .text._ZN8std_msgs4Time6getMD5Ev
                0x0000000008005e48       0x1c ./Core/Src/mainpp.o
                0x0000000008005e48                std_msgs::Time::getMD5()
 .text._ZN14rosserial_msgs9TopicInfoC2Ev
                0x0000000008005e64       0x48 ./Core/Src/mainpp.o
                0x0000000008005e64                rosserial_msgs::TopicInfo::TopicInfo()
                0x0000000008005e64                rosserial_msgs::TopicInfo::TopicInfo()
 .text._ZNK14rosserial_msgs9TopicInfo9serializeEPh
                0x0000000008005eac      0x136 ./Core/Src/mainpp.o
                0x0000000008005eac                rosserial_msgs::TopicInfo::serialize(unsigned char*) const
 .text._ZN14rosserial_msgs9TopicInfo11deserializeEPh
                0x0000000008005fe2      0x1d0 ./Core/Src/mainpp.o
                0x0000000008005fe2                rosserial_msgs::TopicInfo::deserialize(unsigned char*)
 *fill*         0x00000000080061b2        0x2 
 .text._ZN14rosserial_msgs9TopicInfo7getTypeEv
                0x00000000080061b4       0x1c ./Core/Src/mainpp.o
                0x00000000080061b4                rosserial_msgs::TopicInfo::getType()
 .text._ZN14rosserial_msgs9TopicInfo6getMD5Ev
                0x00000000080061d0       0x1c ./Core/Src/mainpp.o
                0x00000000080061d0                rosserial_msgs::TopicInfo::getMD5()
 .text._ZN14rosserial_msgs3LogC2Ev
                0x00000000080061ec       0x34 ./Core/Src/mainpp.o
                0x00000000080061ec                rosserial_msgs::Log::Log()
                0x00000000080061ec                rosserial_msgs::Log::Log()
 .text._ZNK14rosserial_msgs3Log9serializeEPh
                0x0000000008006220       0x64 ./Core/Src/mainpp.o
                0x0000000008006220                rosserial_msgs::Log::serialize(unsigned char*) const
 .text._ZN14rosserial_msgs3Log11deserializeEPh
                0x0000000008006284       0x90 ./Core/Src/mainpp.o
                0x0000000008006284                rosserial_msgs::Log::deserialize(unsigned char*)
 .text._ZN14rosserial_msgs3Log7getTypeEv
                0x0000000008006314       0x1c ./Core/Src/mainpp.o
                0x0000000008006314                rosserial_msgs::Log::getType()
 .text._ZN14rosserial_msgs3Log6getMD5Ev
                0x0000000008006330       0x1c ./Core/Src/mainpp.o
                0x0000000008006330                rosserial_msgs::Log::getMD5()
 .text._ZN14rosserial_msgs20RequestParamResponseC2Ev
                0x000000000800634c       0x48 ./Core/Src/mainpp.o
                0x000000000800634c                rosserial_msgs::RequestParamResponse::RequestParamResponse()
                0x000000000800634c                rosserial_msgs::RequestParamResponse::RequestParamResponse()
 .text._ZNK14rosserial_msgs20RequestParamResponse9serializeEPh
                0x0000000008006394      0x222 ./Core/Src/mainpp.o
                0x0000000008006394                rosserial_msgs::RequestParamResponse::serialize(unsigned char*) const
 .text._ZN14rosserial_msgs20RequestParamResponse11deserializeEPh
                0x00000000080065b6      0x2e2 ./Core/Src/mainpp.o
                0x00000000080065b6                rosserial_msgs::RequestParamResponse::deserialize(unsigned char*)
 .text._ZN14rosserial_msgs20RequestParamResponse7getTypeEv
                0x0000000008006898       0x1c ./Core/Src/mainpp.o
                0x0000000008006898                rosserial_msgs::RequestParamResponse::getType()
 .text._ZN14rosserial_msgs20RequestParamResponse6getMD5Ev
                0x00000000080068b4       0x1c ./Core/Src/mainpp.o
                0x00000000080068b4                rosserial_msgs::RequestParamResponse::getMD5()
 .text._ZN3ros9PublisherC2EPKcPNS_3MsgEi
                0x00000000080068d0       0x2e ./Core/Src/mainpp.o
                0x00000000080068d0                ros::Publisher::Publisher(char const*, ros::Msg*, int)
                0x00000000080068d0                ros::Publisher::Publisher(char const*, ros::Msg*, int)
 .text._ZN3ros9Publisher7publishEPKNS_3MsgE
                0x00000000080068fe       0x28 ./Core/Src/mainpp.o
                0x00000000080068fe                ros::Publisher::publish(ros::Msg const*)
 .text._ZN3ros9Publisher15getEndpointTypeEv
                0x0000000008006926       0x18 ./Core/Src/mainpp.o
                0x0000000008006926                ros::Publisher::getEndpointType()
 .text._ZN13STM32Hardware10getRdmaIndEv
                0x000000000800693e       0x26 ./Core/Src/mainpp.o
                0x000000000800693e                STM32Hardware::getRdmaInd()
 .text._ZN13STM32HardwareC2Ev
                0x0000000008006964       0x38 ./Core/Src/mainpp.o
                0x0000000008006964                STM32Hardware::STM32Hardware()
                0x0000000008006964                STM32Hardware::STM32Hardware()
 .text._ZN13STM32Hardware4initEv
                0x000000000800699c       0x16 ./Core/Src/mainpp.o
                0x000000000800699c                STM32Hardware::init()
 .text._ZN13STM32Hardware10reset_rbufEv
                0x00000000080069b2       0x22 ./Core/Src/mainpp.o
                0x00000000080069b2                STM32Hardware::reset_rbuf()
 .text._ZN13STM32Hardware4readEv
                0x00000000080069d4       0x5a ./Core/Src/mainpp.o
                0x00000000080069d4                STM32Hardware::read()
 *fill*         0x0000000008006a2e        0x2 
 .text._ZN13STM32Hardware5flushEv
                0x0000000008006a30       0xf0 ./Core/Src/mainpp.o
                0x0000000008006a30                STM32Hardware::flush()
 .text._ZN13STM32Hardware5writeEPhi
                0x0000000008006b20       0x8c ./Core/Src/mainpp.o
                0x0000000008006b20                STM32Hardware::write(unsigned char*, int)
 .text._ZN13STM32Hardware4timeEv
                0x0000000008006bac       0x16 ./Core/Src/mainpp.o
                0x0000000008006bac                STM32Hardware::time()
 *fill*         0x0000000008006bc2        0x2 
 .text._ZN13geometry_msgs7Vector3C2Ev
                0x0000000008006bc4       0x50 ./Core/Src/mainpp.o
                0x0000000008006bc4                geometry_msgs::Vector3::Vector3()
                0x0000000008006bc4                geometry_msgs::Vector3::Vector3()
 .text._ZNK13geometry_msgs7Vector39serializeEPh
                0x0000000008006c14      0x2e6 ./Core/Src/mainpp.o
                0x0000000008006c14                geometry_msgs::Vector3::serialize(unsigned char*) const
 .text._ZN13geometry_msgs7Vector311deserializeEPh
                0x0000000008006efa      0x6be ./Core/Src/mainpp.o
                0x0000000008006efa                geometry_msgs::Vector3::deserialize(unsigned char*)
 .text._ZN13geometry_msgs7Vector37getTypeEv
                0x00000000080075b8       0x1c ./Core/Src/mainpp.o
                0x00000000080075b8                geometry_msgs::Vector3::getType()
 .text._ZN13geometry_msgs7Vector36getMD5Ev
                0x00000000080075d4       0x1c ./Core/Src/mainpp.o
                0x00000000080075d4                geometry_msgs::Vector3::getMD5()
 .text._ZN13geometry_msgs5TwistC2Ev
                0x00000000080075f0       0x38 ./Core/Src/mainpp.o
                0x00000000080075f0                geometry_msgs::Twist::Twist()
                0x00000000080075f0                geometry_msgs::Twist::Twist()
 .text._ZNK13geometry_msgs5Twist9serializeEPh
                0x0000000008007628       0x4c ./Core/Src/mainpp.o
                0x0000000008007628                geometry_msgs::Twist::serialize(unsigned char*) const
 .text._ZN13geometry_msgs5Twist11deserializeEPh
                0x0000000008007674       0x4c ./Core/Src/mainpp.o
                0x0000000008007674                geometry_msgs::Twist::deserialize(unsigned char*)
 .text._ZN13geometry_msgs5Twist7getTypeEv
                0x00000000080076c0       0x1c ./Core/Src/mainpp.o
                0x00000000080076c0                geometry_msgs::Twist::getType()
 .text._ZN13geometry_msgs5Twist6getMD5Ev
                0x00000000080076dc       0x1c ./Core/Src/mainpp.o
                0x00000000080076dc                geometry_msgs::Twist::getMD5()
 .text._ZN3ros3MsgaSERKS0_
                0x00000000080076f8       0x18 ./Core/Src/mainpp.o
                0x00000000080076f8                ros::Msg::operator=(ros::Msg const&)
 .text._ZN13geometry_msgs7Vector3aSERKS0_
                0x0000000008007710       0x44 ./Core/Src/mainpp.o
                0x0000000008007710                geometry_msgs::Vector3::operator=(geometry_msgs::Vector3 const&)
 .text._ZN13geometry_msgs5TwistaSERKS0_
                0x0000000008007754       0x44 ./Core/Src/mainpp.o
                0x0000000008007754                geometry_msgs::Twist::operator=(geometry_msgs::Twist const&)
 .text._Z10command_cbRKN13geometry_msgs5TwistE
                0x0000000008007798       0x1c ./Core/Src/mainpp.o
                0x0000000008007798                command_cb(geometry_msgs::Twist const&)
 .text.HAL_UART_TxCpltCallback
                0x00000000080077b4       0x24 ./Core/Src/mainpp.o
                0x00000000080077b4                HAL_UART_TxCpltCallback
 .text.HAL_UART_RxCpltCallback
                0x00000000080077d8       0x24 ./Core/Src/mainpp.o
                0x00000000080077d8                HAL_UART_RxCpltCallback
 .text.setup    0x00000000080077fc       0x38 ./Core/Src/mainpp.o
                0x00000000080077fc                setup
 .text.loop2    0x0000000008007834      0x164 ./Core/Src/mainpp.o
                0x0000000008007834                loop2
 .text._ZN3ros3Msg8varToArrIPhmEEvT_T0_
                0x0000000008007998       0x3c ./Core/Src/mainpp.o
                0x0000000008007998                void ros::Msg::varToArr<unsigned char*, unsigned long>(unsigned char*, unsigned long)
 .text._ZN3ros3Msg8arrToVarImPhEEvRT_T0_
                0x00000000080079d4       0x4a ./Core/Src/mainpp.o
                0x00000000080079d4                void ros::Msg::arrToVar<unsigned long, unsigned char*>(unsigned long&, unsigned char*)
 *fill*         0x0000000008007a1e        0x2 
 .text._ZN3ros15NodeHandleBase_C2Ev
                0x0000000008007a20       0x20 ./Core/Src/mainpp.o
                0x0000000008007a20                ros::NodeHandleBase_::NodeHandleBase_()
                0x0000000008007a20                ros::NodeHandleBase_::NodeHandleBase_()
 .text._ZN3ros11NodeHandle_I13STM32HardwareLi25ELi25ELi512ELi512EEC2Ev
                0x0000000008007a40      0x100 ./Core/Src/mainpp.o
                0x0000000008007a40                ros::NodeHandle_<STM32Hardware, 25, 25, 512, 512>::NodeHandle_()
                0x0000000008007a40                ros::NodeHandle_<STM32Hardware, 25, 25, 512, 512>::NodeHandle_()
 .text._ZN3ros11Subscriber_C2Ev
                0x0000000008007b40       0x20 ./Core/Src/mainpp.o
                0x0000000008007b40                ros::Subscriber_::Subscriber_()
                0x0000000008007b40                ros::Subscriber_::Subscriber_()
 .text._ZN3ros10SubscriberIN13geometry_msgs5TwistEvEC2EPKcPFvRKS2_Ei
                0x0000000008007b60       0x48 ./Core/Src/mainpp.o
                0x0000000008007b60                ros::Subscriber<geometry_msgs::Twist, void>::Subscriber(char const*, void (*)(geometry_msgs::Twist const&), int)
                0x0000000008007b60                ros::Subscriber<geometry_msgs::Twist, void>::Subscriber(char const*, void (*)(geometry_msgs::Twist const&), int)
 .text._ZN3ros11NodeHandle_I13STM32HardwareLi25ELi25ELi512ELi512EE11getHardwareEv
                0x0000000008007ba8       0x18 ./Core/Src/mainpp.o
                0x0000000008007ba8                ros::NodeHandle_<STM32Hardware, 25, 25, 512, 512>::getHardware()
 .text._ZN3ros11NodeHandle_I13STM32HardwareLi25ELi25ELi512ELi512EE8initNodeEv
                0x0000000008007bc0       0x3a ./Core/Src/mainpp.o
                0x0000000008007bc0                ros::NodeHandle_<STM32Hardware, 25, 25, 512, 512>::initNode()
 .text._ZN3ros11NodeHandle_I13STM32HardwareLi25ELi25ELi512ELi512EE9advertiseERNS_9PublisherE
                0x0000000008007bfa       0x60 ./Core/Src/mainpp.o
                0x0000000008007bfa                ros::NodeHandle_<STM32Hardware, 25, 25, 512, 512>::advertise(ros::Publisher&)
 .text._ZN3ros11NodeHandle_I13STM32HardwareLi25ELi25ELi512ELi512EE9subscribeINS_10SubscriberIN13geometry_msgs5TwistEvEEEEbRT_
                0x0000000008007c5a       0x56 ./Core/Src/mainpp.o
                0x0000000008007c5a                bool ros::NodeHandle_<STM32Hardware, 25, 25, 512, 512>::subscribe<ros::Subscriber<geometry_msgs::Twist, void> >(ros::Subscriber<geometry_msgs::Twist, void>&)
 .text._ZN3ros11NodeHandle_I13STM32HardwareLi25ELi25ELi512ELi512EE9connectedEv
                0x0000000008007cb0       0x1a ./Core/Src/mainpp.o
                0x0000000008007cb0                ros::NodeHandle_<STM32Hardware, 25, 25, 512, 512>::connected()
 .text._ZN3ros11NodeHandle_I13STM32HardwareLi25ELi25ELi512ELi512EE8spinOnceEv
                0x0000000008007cca      0x3b2 ./Core/Src/mainpp.o
                0x0000000008007cca                ros::NodeHandle_<STM32Hardware, 25, 25, 512, 512>::spinOnce()
 .text._ZN3ros11NodeHandle_I13STM32HardwareLi25ELi25ELi512ELi512EE15requestSyncTimeEv
                0x000000000800807c       0x3c ./Core/Src/mainpp.o
                0x000000000800807c                ros::NodeHandle_<STM32Hardware, 25, 25, 512, 512>::requestSyncTime()
 .text._ZN3ros11NodeHandle_I13STM32HardwareLi25ELi25ELi512ELi512EE15negotiateTopicsEv
                0x00000000080080b8      0x1be ./Core/Src/mainpp.o
                0x00000000080080b8                ros::NodeHandle_<STM32Hardware, 25, 25, 512, 512>::negotiateTopics()
 *fill*         0x0000000008008276        0x2 
 .text._ZN3ros11NodeHandle_I13STM32HardwareLi25ELi25ELi512ELi512EE8syncTimeEPh
                0x0000000008008278       0x98 ./Core/Src/mainpp.o
                0x0000000008008278                ros::NodeHandle_<STM32Hardware, 25, 25, 512, 512>::syncTime(unsigned char*)
 .text._ZN3ros11NodeHandle_I13STM32HardwareLi25ELi25ELi512ELi512EE7publishEiPKNS_3MsgE
                0x0000000008008310      0x128 ./Core/Src/mainpp.o
                0x0000000008008310                ros::NodeHandle_<STM32Hardware, 25, 25, 512, 512>::publish(int, ros::Msg const*)
 .text._ZN3ros11NodeHandle_I13STM32HardwareLi25ELi25ELi512ELi512EE6setNowERNS_4TimeE
                0x0000000008008438       0x80 ./Core/Src/mainpp.o
                0x0000000008008438                ros::NodeHandle_<STM32Hardware, 25, 25, 512, 512>::setNow(ros::Time&)
 .text._ZN3ros11NodeHandle_I13STM32HardwareLi25ELi25ELi512ELi512EE8logerrorEPKc
                0x00000000080084b8       0x1c ./Core/Src/mainpp.o
                0x00000000080084b8                ros::NodeHandle_<STM32Hardware, 25, 25, 512, 512>::logerror(char const*)
 .text._ZN3ros11NodeHandle_I13STM32HardwareLi25ELi25ELi512ELi512EE3logEcPKc
                0x00000000080084d4       0x38 ./Core/Src/mainpp.o
                0x00000000080084d4                ros::NodeHandle_<STM32Hardware, 25, 25, 512, 512>::log(char, char const*)
 .text._Z41__static_initialization_and_destruction_0ii
                0x000000000800850c       0x8c ./Core/Src/mainpp.o
 .text._ZN3ros10SubscriberIN13geometry_msgs5TwistEvE8callbackEPh
                0x0000000008008598       0x2a ./Core/Src/mainpp.o
                0x0000000008008598                ros::Subscriber<geometry_msgs::Twist, void>::callback(unsigned char*)
 .text._ZN3ros10SubscriberIN13geometry_msgs5TwistEvE15getEndpointTypeEv
                0x00000000080085c2       0x18 ./Core/Src/mainpp.o
                0x00000000080085c2                ros::Subscriber<geometry_msgs::Twist, void>::getEndpointType()
 .text._ZN3ros10SubscriberIN13geometry_msgs5TwistEvE10getMsgTypeEv
                0x00000000080085da       0x1c ./Core/Src/mainpp.o
                0x00000000080085da                ros::Subscriber<geometry_msgs::Twist, void>::getMsgType()
 .text._ZN3ros10SubscriberIN13geometry_msgs5TwistEvE9getMsgMD5Ev
                0x00000000080085f6       0x1c ./Core/Src/mainpp.o
                0x00000000080085f6                ros::Subscriber<geometry_msgs::Twist, void>::getMsgMD5()
 .text._GLOBAL__sub_I_nh
                0x0000000008008612       0x10 ./Core/Src/mainpp.o
 *fill*         0x0000000008008622        0x2 
 .text.MX_SPI2_Init
                0x0000000008008624       0x70 ./Core/Src/spi.o
                0x0000000008008624                MX_SPI2_Init
 .text.HAL_SPI_MspInit
                0x0000000008008694       0x90 ./Core/Src/spi.o
                0x0000000008008694                HAL_SPI_MspInit
 .text.HAL_MspInit
                0x0000000008008724       0x50 ./Core/Src/stm32f4xx_hal_msp.o
                0x0000000008008724                HAL_MspInit
 .text.LL_DMA_EnableStream
                0x0000000008008774       0x40 ./Core/Src/stm32f4xx_it.o
 .text.LL_DMA_DisableStream
                0x00000000080087b4       0x40 ./Core/Src/stm32f4xx_it.o
 .text.LL_DMA_IsActiveFlag_TC3
                0x00000000080087f4       0x28 ./Core/Src/stm32f4xx_it.o
 .text.LL_DMA_ClearFlag_TC3
                0x000000000800881c       0x1c ./Core/Src/stm32f4xx_it.o
 .text.LL_TIM_ClearFlag_CC1
                0x0000000008008838       0x1c ./Core/Src/stm32f4xx_it.o
 .text.LL_TIM_IsActiveFlag_CC1
                0x0000000008008854       0x26 ./Core/Src/stm32f4xx_it.o
 .text.LL_USART_IsActiveFlag_RXNE
                0x000000000800887a       0x26 ./Core/Src/stm32f4xx_it.o
 .text.LL_USART_ClearFlag_RXNE
                0x00000000080088a0       0x1c ./Core/Src/stm32f4xx_it.o
 .text.LL_USART_EnableDMAReq_RX
                0x00000000080088bc       0x46 ./Core/Src/stm32f4xx_it.o
 .text.LL_USART_DisableDMAReq_RX
                0x0000000008008902       0x46 ./Core/Src/stm32f4xx_it.o
 .text.LL_GPIO_TogglePin
                0x0000000008008948       0x32 ./Core/Src/stm32f4xx_it.o
 .text.NMI_Handler
                0x000000000800897a        0x6 ./Core/Src/stm32f4xx_it.o
                0x000000000800897a                NMI_Handler
 .text.HardFault_Handler
                0x0000000008008980        0x6 ./Core/Src/stm32f4xx_it.o
                0x0000000008008980                HardFault_Handler
 .text.MemManage_Handler
                0x0000000008008986        0x6 ./Core/Src/stm32f4xx_it.o
                0x0000000008008986                MemManage_Handler
 .text.BusFault_Handler
                0x000000000800898c        0x6 ./Core/Src/stm32f4xx_it.o
                0x000000000800898c                BusFault_Handler
 .text.UsageFault_Handler
                0x0000000008008992        0x6 ./Core/Src/stm32f4xx_it.o
                0x0000000008008992                UsageFault_Handler
 .text.SVC_Handler
                0x0000000008008998        0xe ./Core/Src/stm32f4xx_it.o
                0x0000000008008998                SVC_Handler
 .text.DebugMon_Handler
                0x00000000080089a6        0xe ./Core/Src/stm32f4xx_it.o
                0x00000000080089a6                DebugMon_Handler
 .text.PendSV_Handler
                0x00000000080089b4        0xe ./Core/Src/stm32f4xx_it.o
                0x00000000080089b4                PendSV_Handler
 .text.SysTick_Handler
                0x00000000080089c2        0xc ./Core/Src/stm32f4xx_it.o
                0x00000000080089c2                SysTick_Handler
 .text.DMA1_Stream1_IRQHandler
                0x00000000080089ce        0xe ./Core/Src/stm32f4xx_it.o
                0x00000000080089ce                DMA1_Stream1_IRQHandler
 .text.DMA1_Stream3_IRQHandler
                0x00000000080089dc       0x28 ./Core/Src/stm32f4xx_it.o
                0x00000000080089dc                DMA1_Stream3_IRQHandler
 .text.DMA1_Stream5_IRQHandler
                0x0000000008008a04       0x14 ./Core/Src/stm32f4xx_it.o
                0x0000000008008a04                DMA1_Stream5_IRQHandler
 .text.DMA1_Stream6_IRQHandler
                0x0000000008008a18       0x14 ./Core/Src/stm32f4xx_it.o
                0x0000000008008a18                DMA1_Stream6_IRQHandler
 .text.CAN1_RX0_IRQHandler
                0x0000000008008a2c       0x78 ./Core/Src/stm32f4xx_it.o
                0x0000000008008a2c                CAN1_RX0_IRQHandler
 .text.TIM1_TRG_COM_TIM11_IRQHandler
                0x0000000008008aa4       0x14 ./Core/Src/stm32f4xx_it.o
                0x0000000008008aa4                TIM1_TRG_COM_TIM11_IRQHandler
 .text.TIM2_IRQHandler
                0x0000000008008ab8        0xc ./Core/Src/stm32f4xx_it.o
                0x0000000008008ab8                TIM2_IRQHandler
 .text.USART2_IRQHandler
                0x0000000008008ac4       0x14 ./Core/Src/stm32f4xx_it.o
                0x0000000008008ac4                USART2_IRQHandler
 .text.USART3_IRQHandler
                0x0000000008008ad8       0x78 ./Core/Src/stm32f4xx_it.o
                0x0000000008008ad8                USART3_IRQHandler
 .text.TIM8_BRK_TIM12_IRQHandler
                0x0000000008008b50       0x14 ./Core/Src/stm32f4xx_it.o
                0x0000000008008b50                TIM8_BRK_TIM12_IRQHandler
 .text.TIM8_TRG_COM_TIM14_IRQHandler
                0x0000000008008b64       0x14 ./Core/Src/stm32f4xx_it.o
                0x0000000008008b64                TIM8_TRG_COM_TIM14_IRQHandler
 .text.TIM8_CC_IRQHandler
                0x0000000008008b78       0x20 ./Core/Src/stm32f4xx_it.o
                0x0000000008008b78                TIM8_CC_IRQHandler
 .text.UART4_IRQHandler
                0x0000000008008b98        0xc ./Core/Src/stm32f4xx_it.o
                0x0000000008008b98                UART4_IRQHandler
 .text._getpid  0x0000000008008ba4       0x10 ./Core/Src/syscalls.o
                0x0000000008008ba4                _getpid
 .text._kill    0x0000000008008bb4       0x20 ./Core/Src/syscalls.o
                0x0000000008008bb4                _kill
 .text._exit    0x0000000008008bd4       0x14 ./Core/Src/syscalls.o
                0x0000000008008bd4                _exit
 .text._sbrk    0x0000000008008be8       0x6c ./Core/Src/sysmem.o
                0x0000000008008be8                _sbrk
 .text.SystemInit
                0x0000000008008c54       0x24 ./Core/Src/system_stm32f4xx.o
                0x0000000008008c54                SystemInit
 .text.__NVIC_GetPriorityGrouping
                0x0000000008008c78       0x1c ./Core/Src/tim.o
 .text.__NVIC_EnableIRQ
                0x0000000008008c94       0x3c ./Core/Src/tim.o
 .text.__NVIC_SetPriority
                0x0000000008008cd0       0x54 ./Core/Src/tim.o
 .text.NVIC_EncodePriority
                0x0000000008008d24       0x66 ./Core/Src/tim.o
 *fill*         0x0000000008008d8a        0x2 
 .text.LL_AHB1_GRP1_EnableClock
                0x0000000008008d8c       0x30 ./Core/Src/tim.o
 .text.LL_APB1_GRP1_EnableClock
                0x0000000008008dbc       0x30 ./Core/Src/tim.o
 .text.LL_APB2_GRP1_EnableClock
                0x0000000008008dec       0x30 ./Core/Src/tim.o
 .text.LL_TIM_DisableARRPreload
                0x0000000008008e1c       0x20 ./Core/Src/tim.o
 .text.LL_TIM_CC_DisableChannel
                0x0000000008008e3c       0x24 ./Core/Src/tim.o
 .text.LL_TIM_OC_DisableFast
                0x0000000008008e60       0x8c ./Core/Src/tim.o
 .text.LL_TIM_IC_SetActiveInput
                0x0000000008008eec       0x9c ./Core/Src/tim.o
 .text.LL_TIM_IC_SetPrescaler
                0x0000000008008f88       0x9c ./Core/Src/tim.o
 .text.LL_TIM_IC_SetFilter
                0x0000000008009024       0x9c ./Core/Src/tim.o
 .text.LL_TIM_IC_SetPolarity
                0x00000000080090c0       0x88 ./Core/Src/tim.o
 .text.LL_TIM_SetClockSource
                0x0000000008009148       0x2a ./Core/Src/tim.o
 .text.LL_TIM_SetTriggerOutput
                0x0000000008009172       0x26 ./Core/Src/tim.o
 .text.LL_TIM_SetSlaveMode
                0x0000000008009198       0x26 ./Core/Src/tim.o
 .text.LL_TIM_SetTriggerInput
                0x00000000080091be       0x26 ./Core/Src/tim.o
 .text.LL_TIM_DisableMasterSlaveMode
                0x00000000080091e4       0x20 ./Core/Src/tim.o
 .text.LL_TIM_DisableIT_TRIG
                0x0000000008009204       0x20 ./Core/Src/tim.o
 .text.LL_TIM_DisableDMAReq_TRIG
                0x0000000008009224       0x20 ./Core/Src/tim.o
 .text.MX_TIM2_Init
                0x0000000008009244       0xf8 ./Core/Src/tim.o
                0x0000000008009244                MX_TIM2_Init
 .text.MX_TIM5_Init
                0x000000000800933c       0xac ./Core/Src/tim.o
                0x000000000800933c                MX_TIM5_Init
 .text.MX_TIM8_Init
                0x00000000080093e8      0x1e8 ./Core/Src/tim.o
                0x00000000080093e8                MX_TIM8_Init
 .text.MX_TIM11_Init
                0x00000000080095d0       0x48 ./Core/Src/tim.o
                0x00000000080095d0                MX_TIM11_Init
 .text.MX_TIM12_Init
                0x0000000008009618       0x74 ./Core/Src/tim.o
                0x0000000008009618                MX_TIM12_Init
 .text.MX_TIM14_Init
                0x000000000800968c       0x48 ./Core/Src/tim.o
                0x000000000800968c                MX_TIM14_Init
 .text.HAL_TIM_OC_MspInit
                0x00000000080096d4       0x44 ./Core/Src/tim.o
                0x00000000080096d4                HAL_TIM_OC_MspInit
 .text.HAL_TIM_Base_MspInit
                0x0000000008009718       0xc8 ./Core/Src/tim.o
                0x0000000008009718                HAL_TIM_Base_MspInit
 .text.__NVIC_GetPriorityGrouping
                0x00000000080097e0       0x1c ./Core/Src/usart.o
 .text.__NVIC_EnableIRQ
                0x00000000080097fc       0x3c ./Core/Src/usart.o
 .text.__NVIC_SetPriority
                0x0000000008009838       0x54 ./Core/Src/usart.o
 .text.NVIC_EncodePriority
                0x000000000800988c       0x66 ./Core/Src/usart.o
 *fill*         0x00000000080098f2        0x2 
 .text.LL_DMA_SetDataTransferDirection
                0x00000000080098f4       0x48 ./Core/Src/usart.o
 .text.LL_DMA_SetMode
                0x000000000800993c       0x48 ./Core/Src/usart.o
 .text.LL_DMA_SetPeriphIncMode
                0x0000000008009984       0x48 ./Core/Src/usart.o
 .text.LL_DMA_SetMemoryIncMode
                0x00000000080099cc       0x48 ./Core/Src/usart.o
 .text.LL_DMA_SetPeriphSize
                0x0000000008009a14       0x48 ./Core/Src/usart.o
 .text.LL_DMA_SetMemorySize
                0x0000000008009a5c       0x48 ./Core/Src/usart.o
 .text.LL_DMA_SetStreamPriorityLevel
                0x0000000008009aa4       0x48 ./Core/Src/usart.o
 .text.LL_DMA_SetChannelSelection
                0x0000000008009aec       0x48 ./Core/Src/usart.o
 .text.LL_DMA_DisableFifoMode
                0x0000000008009b34       0x40 ./Core/Src/usart.o
 .text.LL_AHB1_GRP1_EnableClock
                0x0000000008009b74       0x30 ./Core/Src/usart.o
 .text.LL_APB1_GRP1_EnableClock
                0x0000000008009ba4       0x30 ./Core/Src/usart.o
 .text.LL_USART_Enable
                0x0000000008009bd4       0x20 ./Core/Src/usart.o
 .text.LL_USART_ConfigAsyncMode
                0x0000000008009bf4       0x2c ./Core/Src/usart.o
 .text.MX_UART4_Init
                0x0000000008009c20       0xc4 ./Core/Src/usart.o
                0x0000000008009c20                MX_UART4_Init
 .text.MX_UART5_Init
                0x0000000008009ce4       0x54 ./Core/Src/usart.o
                0x0000000008009ce4                MX_UART5_Init
 .text.MX_USART2_UART_Init
                0x0000000008009d38       0x54 ./Core/Src/usart.o
                0x0000000008009d38                MX_USART2_UART_Init
 .text.MX_USART3_UART_Init
                0x0000000008009d8c      0x180 ./Core/Src/usart.o
                0x0000000008009d8c                MX_USART3_UART_Init
 .text.HAL_UART_MspInit
                0x0000000008009f0c      0x1dc ./Core/Src/usart.o
                0x0000000008009f0c                HAL_UART_MspInit
 .text.Reset_Handler
                0x000000000800a0e8       0x50 ./Core/Startup/startup_stm32f446retx.o
                0x000000000800a0e8                Reset_Handler
 .text.Default_Handler
                0x000000000800a138        0x2 ./Core/Startup/startup_stm32f446retx.o
                0x000000000800a138                RTC_Alarm_IRQHandler
                0x000000000800a138                EXTI2_IRQHandler
                0x000000000800a138                FMPI2C1_EV_IRQHandler
                0x000000000800a138                SPI4_IRQHandler
                0x000000000800a138                TIM1_CC_IRQHandler
                0x000000000800a138                DMA2_Stream5_IRQHandler
                0x000000000800a138                PVD_IRQHandler
                0x000000000800a138                SDIO_IRQHandler
                0x000000000800a138                TAMP_STAMP_IRQHandler
                0x000000000800a138                CAN2_RX1_IRQHandler
                0x000000000800a138                EXTI3_IRQHandler
                0x000000000800a138                TIM1_UP_TIM10_IRQHandler
                0x000000000800a138                TIM8_UP_TIM13_IRQHandler
                0x000000000800a138                I2C3_ER_IRQHandler
                0x000000000800a138                EXTI0_IRQHandler
                0x000000000800a138                I2C2_EV_IRQHandler
                0x000000000800a138                DMA1_Stream2_IRQHandler
                0x000000000800a138                FPU_IRQHandler
                0x000000000800a138                OTG_HS_WKUP_IRQHandler
                0x000000000800a138                CAN2_SCE_IRQHandler
                0x000000000800a138                DMA2_Stream2_IRQHandler
                0x000000000800a138                SPI1_IRQHandler
                0x000000000800a138                TIM6_DAC_IRQHandler
                0x000000000800a138                TIM1_BRK_TIM9_IRQHandler
                0x000000000800a138                DCMI_IRQHandler
                0x000000000800a138                CAN2_RX0_IRQHandler
                0x000000000800a138                DMA2_Stream3_IRQHandler
                0x000000000800a138                SAI2_IRQHandler
                0x000000000800a138                USART6_IRQHandler
                0x000000000800a138                CAN1_RX1_IRQHandler
                0x000000000800a138                UART5_IRQHandler
                0x000000000800a138                DMA2_Stream0_IRQHandler
                0x000000000800a138                TIM4_IRQHandler
                0x000000000800a138                QUADSPI_IRQHandler
                0x000000000800a138                I2C1_EV_IRQHandler
                0x000000000800a138                TIM3_IRQHandler
                0x000000000800a138                RCC_IRQHandler
                0x000000000800a138                Default_Handler
                0x000000000800a138                CEC_IRQHandler
                0x000000000800a138                EXTI15_10_IRQHandler
                0x000000000800a138                ADC_IRQHandler
                0x000000000800a138                DMA1_Stream7_IRQHandler
                0x000000000800a138                TIM7_IRQHandler
                0x000000000800a138                CAN2_TX_IRQHandler
                0x000000000800a138                TIM5_IRQHandler
                0x000000000800a138                DMA2_Stream7_IRQHandler
                0x000000000800a138                I2C3_EV_IRQHandler
                0x000000000800a138                EXTI9_5_IRQHandler
                0x000000000800a138                RTC_WKUP_IRQHandler
                0x000000000800a138                SPDIF_RX_IRQHandler
                0x000000000800a138                SPI2_IRQHandler
                0x000000000800a138                OTG_HS_EP1_IN_IRQHandler
                0x000000000800a138                DMA1_Stream0_IRQHandler
                0x000000000800a138                CAN1_TX_IRQHandler
                0x000000000800a138                FMPI2C1_ER_IRQHandler
                0x000000000800a138                EXTI4_IRQHandler
                0x000000000800a138                OTG_HS_EP1_OUT_IRQHandler
                0x000000000800a138                WWDG_IRQHandler
                0x000000000800a138                OTG_FS_WKUP_IRQHandler
                0x000000000800a138                OTG_HS_IRQHandler
                0x000000000800a138                EXTI1_IRQHandler
                0x000000000800a138                I2C2_ER_IRQHandler
                0x000000000800a138                DMA2_Stream1_IRQHandler
                0x000000000800a138                CAN1_SCE_IRQHandler
                0x000000000800a138                FLASH_IRQHandler
                0x000000000800a138                DMA2_Stream4_IRQHandler
                0x000000000800a138                USART1_IRQHandler
                0x000000000800a138                OTG_FS_IRQHandler
                0x000000000800a138                SPI3_IRQHandler
                0x000000000800a138                DMA1_Stream4_IRQHandler
                0x000000000800a138                I2C1_ER_IRQHandler
                0x000000000800a138                FMC_IRQHandler
                0x000000000800a138                DMA2_Stream6_IRQHandler
                0x000000000800a138                SAI1_IRQHandler
 *fill*         0x000000000800a13a        0x2 
 .text.HAL_Init
                0x000000000800a13c       0x44 ./Drivers/STM32F4xx_HAL_Driver/Src/stm32f4xx_hal.o
                0x000000000800a13c                HAL_Init
 .text.HAL_InitTick
                0x000000000800a180       0x60 ./Drivers/STM32F4xx_HAL_Driver/Src/stm32f4xx_hal.o
                0x000000000800a180                HAL_InitTick
 .text.HAL_IncTick
                0x000000000800a1e0       0x28 ./Drivers/STM32F4xx_HAL_Driver/Src/stm32f4xx_hal.o
                0x000000000800a1e0                HAL_IncTick
 .text.HAL_GetTick
                0x000000000800a208       0x18 ./Drivers/STM32F4xx_HAL_Driver/Src/stm32f4xx_hal.o
                0x000000000800a208                HAL_GetTick
 .text.HAL_Delay
                0x000000000800a220       0x48 ./Drivers/STM32F4xx_HAL_Driver/Src/stm32f4xx_hal.o
                0x000000000800a220                HAL_Delay
 .text.HAL_CAN_Init
                0x000000000800a268      0x1f6 ./Drivers/STM32F4xx_HAL_Driver/Src/stm32f4xx_hal_can.o
                0x000000000800a268                HAL_CAN_Init
 *fill*         0x000000000800a45e        0x2 
 .text.HAL_CAN_ConfigFilter
                0x000000000800a460      0x1c0 ./Drivers/STM32F4xx_HAL_Driver/Src/stm32f4xx_hal_can.o
                0x000000000800a460                HAL_CAN_ConfigFilter
 .text.HAL_CAN_Start
                0x000000000800a620       0x88 ./Drivers/STM32F4xx_HAL_Driver/Src/stm32f4xx_hal_can.o
                0x000000000800a620                HAL_CAN_Start
 .text.HAL_CAN_AddTxMessage
                0x000000000800a6a8      0x1b6 ./Drivers/STM32F4xx_HAL_Driver/Src/stm32f4xx_hal_can.o
                0x000000000800a6a8                HAL_CAN_AddTxMessage
 .text.HAL_CAN_GetTxMailboxesFreeLevel
                0x000000000800a85e       0x6a ./Drivers/STM32F4xx_HAL_Driver/Src/stm32f4xx_hal_can.o
                0x000000000800a85e                HAL_CAN_GetTxMailboxesFreeLevel
 .text.HAL_CAN_GetRxMessage
                0x000000000800a8c8      0x224 ./Drivers/STM32F4xx_HAL_Driver/Src/stm32f4xx_hal_can.o
                0x000000000800a8c8                HAL_CAN_GetRxMessage
 .text.HAL_CAN_ActivateNotification
                0x000000000800aaec       0x4c ./Drivers/STM32F4xx_HAL_Driver/Src/stm32f4xx_hal_can.o
                0x000000000800aaec                HAL_CAN_ActivateNotification
 .text.HAL_CAN_IRQHandler
                0x000000000800ab38      0x36e ./Drivers/STM32F4xx_HAL_Driver/Src/stm32f4xx_hal_can.o
                0x000000000800ab38                HAL_CAN_IRQHandler
 .text.HAL_CAN_TxMailbox0CompleteCallback
                0x000000000800aea6       0x14 ./Drivers/STM32F4xx_HAL_Driver/Src/stm32f4xx_hal_can.o
                0x000000000800aea6                HAL_CAN_TxMailbox0CompleteCallback
 .text.HAL_CAN_TxMailbox1CompleteCallback
                0x000000000800aeba       0x14 ./Drivers/STM32F4xx_HAL_Driver/Src/stm32f4xx_hal_can.o
                0x000000000800aeba                HAL_CAN_TxMailbox1CompleteCallback
 .text.HAL_CAN_TxMailbox2CompleteCallback
                0x000000000800aece       0x14 ./Drivers/STM32F4xx_HAL_Driver/Src/stm32f4xx_hal_can.o
                0x000000000800aece                HAL_CAN_TxMailbox2CompleteCallback
 .text.HAL_CAN_TxMailbox0AbortCallback
                0x000000000800aee2       0x14 ./Drivers/STM32F4xx_HAL_Driver/Src/stm32f4xx_hal_can.o
                0x000000000800aee2                HAL_CAN_TxMailbox0AbortCallback
 .text.HAL_CAN_TxMailbox1AbortCallback
                0x000000000800aef6       0x14 ./Drivers/STM32F4xx_HAL_Driver/Src/stm32f4xx_hal_can.o
                0x000000000800aef6                HAL_CAN_TxMailbox1AbortCallback
 .text.HAL_CAN_TxMailbox2AbortCallback
                0x000000000800af0a       0x14 ./Drivers/STM32F4xx_HAL_Driver/Src/stm32f4xx_hal_can.o
                0x000000000800af0a                HAL_CAN_TxMailbox2AbortCallback
 .text.HAL_CAN_RxFifo0MsgPendingCallback
                0x000000000800af1e       0x14 ./Drivers/STM32F4xx_HAL_Driver/Src/stm32f4xx_hal_can.o
                0x000000000800af1e                HAL_CAN_RxFifo0MsgPendingCallback
 .text.HAL_CAN_RxFifo0FullCallback
                0x000000000800af32       0x14 ./Drivers/STM32F4xx_HAL_Driver/Src/stm32f4xx_hal_can.o
                0x000000000800af32                HAL_CAN_RxFifo0FullCallback
 .text.HAL_CAN_RxFifo1MsgPendingCallback
                0x000000000800af46       0x14 ./Drivers/STM32F4xx_HAL_Driver/Src/stm32f4xx_hal_can.o
                0x000000000800af46                HAL_CAN_RxFifo1MsgPendingCallback
 .text.HAL_CAN_RxFifo1FullCallback
                0x000000000800af5a       0x14 ./Drivers/STM32F4xx_HAL_Driver/Src/stm32f4xx_hal_can.o
                0x000000000800af5a                HAL_CAN_RxFifo1FullCallback
 .text.HAL_CAN_SleepCallback
                0x000000000800af6e       0x14 ./Drivers/STM32F4xx_HAL_Driver/Src/stm32f4xx_hal_can.o
                0x000000000800af6e                HAL_CAN_SleepCallback
 .text.HAL_CAN_WakeUpFromRxMsgCallback
                0x000000000800af82       0x14 ./Drivers/STM32F4xx_HAL_Driver/Src/stm32f4xx_hal_can.o
                0x000000000800af82                HAL_CAN_WakeUpFromRxMsgCallback
 .text.HAL_CAN_ErrorCallback
                0x000000000800af96       0x14 ./Drivers/STM32F4xx_HAL_Driver/Src/stm32f4xx_hal_can.o
                0x000000000800af96                HAL_CAN_ErrorCallback
 *fill*         0x000000000800afaa        0x2 
 .text.__NVIC_SetPriorityGrouping
                0x000000000800afac       0x48 ./Drivers/STM32F4xx_HAL_Driver/Src/stm32f4xx_hal_cortex.o
 .text.__NVIC_GetPriorityGrouping
                0x000000000800aff4       0x1c ./Drivers/STM32F4xx_HAL_Driver/Src/stm32f4xx_hal_cortex.o
 .text.__NVIC_EnableIRQ
                0x000000000800b010       0x3c ./Drivers/STM32F4xx_HAL_Driver/Src/stm32f4xx_hal_cortex.o
 .text.__NVIC_SetPriority
                0x000000000800b04c       0x54 ./Drivers/STM32F4xx_HAL_Driver/Src/stm32f4xx_hal_cortex.o
 .text.NVIC_EncodePriority
                0x000000000800b0a0       0x66 ./Drivers/STM32F4xx_HAL_Driver/Src/stm32f4xx_hal_cortex.o
 *fill*         0x000000000800b106        0x2 
 .text.SysTick_Config
                0x000000000800b108       0x44 ./Drivers/STM32F4xx_HAL_Driver/Src/stm32f4xx_hal_cortex.o
 .text.HAL_NVIC_SetPriorityGrouping
                0x000000000800b14c       0x16 ./Drivers/STM32F4xx_HAL_Driver/Src/stm32f4xx_hal_cortex.o
                0x000000000800b14c                HAL_NVIC_SetPriorityGrouping
 .text.HAL_NVIC_SetPriority
                0x000000000800b162       0x38 ./Drivers/STM32F4xx_HAL_Driver/Src/stm32f4xx_hal_cortex.o
                0x000000000800b162                HAL_NVIC_SetPriority
 .text.HAL_NVIC_EnableIRQ
                0x000000000800b19a       0x1c ./Drivers/STM32F4xx_HAL_Driver/Src/stm32f4xx_hal_cortex.o
                0x000000000800b19a                HAL_NVIC_EnableIRQ
 .text.HAL_SYSTICK_Config
                0x000000000800b1b6       0x18 ./Drivers/STM32F4xx_HAL_Driver/Src/stm32f4xx_hal_cortex.o
                0x000000000800b1b6                HAL_SYSTICK_Config
 *fill*         0x000000000800b1ce        0x2 
 .text.HAL_DMA_Init
                0x000000000800b1d0      0x15c ./Drivers/STM32F4xx_HAL_Driver/Src/stm32f4xx_hal_dma.o
                0x000000000800b1d0                HAL_DMA_Init
 .text.HAL_DMA_Start_IT
                0x000000000800b32c       0xb0 ./Drivers/STM32F4xx_HAL_Driver/Src/stm32f4xx_hal_dma.o
                0x000000000800b32c                HAL_DMA_Start_IT
 .text.HAL_DMA_Abort
                0x000000000800b3dc       0xe0 ./Drivers/STM32F4xx_HAL_Driver/Src/stm32f4xx_hal_dma.o
                0x000000000800b3dc                HAL_DMA_Abort
 .text.HAL_DMA_Abort_IT
                0x000000000800b4bc       0x44 ./Drivers/STM32F4xx_HAL_Driver/Src/stm32f4xx_hal_dma.o
                0x000000000800b4bc                HAL_DMA_Abort_IT
 .text.HAL_DMA_IRQHandler
                0x000000000800b500      0x314 ./Drivers/STM32F4xx_HAL_Driver/Src/stm32f4xx_hal_dma.o
                0x000000000800b500                HAL_DMA_IRQHandler
 .text.DMA_SetConfig
                0x000000000800b814       0x5c ./Drivers/STM32F4xx_HAL_Driver/Src/stm32f4xx_hal_dma.o
 .text.DMA_CalcBaseAndBitshift
                0x000000000800b870       0x6c ./Drivers/STM32F4xx_HAL_Driver/Src/stm32f4xx_hal_dma.o
 .text.DMA_CheckFifoParam
                0x000000000800b8dc       0xf8 ./Drivers/STM32F4xx_HAL_Driver/Src/stm32f4xx_hal_dma.o
 .text.HAL_GPIO_Init
                0x000000000800b9d4      0x328 ./Drivers/STM32F4xx_HAL_Driver/Src/stm32f4xx_hal_gpio.o
                0x000000000800b9d4                HAL_GPIO_Init
 .text.HAL_GPIO_WritePin
                0x000000000800bcfc       0x32 ./Drivers/STM32F4xx_HAL_Driver/Src/stm32f4xx_hal_gpio.o
                0x000000000800bcfc                HAL_GPIO_WritePin
 *fill*         0x000000000800bd2e        0x2 
 .text.HAL_RCC_GetHCLKFreq
                0x000000000800bd30       0x18 ./Drivers/STM32F4xx_HAL_Driver/Src/stm32f4xx_hal_rcc.o
                0x000000000800bd30                HAL_RCC_GetHCLKFreq
 .text.HAL_RCC_GetPCLK1Freq
                0x000000000800bd48       0x28 ./Drivers/STM32F4xx_HAL_Driver/Src/stm32f4xx_hal_rcc.o
                0x000000000800bd48                HAL_RCC_GetPCLK1Freq
 .text.HAL_RCC_GetPCLK2Freq
                0x000000000800bd70       0x28 ./Drivers/STM32F4xx_HAL_Driver/Src/stm32f4xx_hal_rcc.o
                0x000000000800bd70                HAL_RCC_GetPCLK2Freq
 .text.HAL_SPI_Init
                0x000000000800bd98      0x112 ./Drivers/STM32F4xx_HAL_Driver/Src/stm32f4xx_hal_spi.o
                0x000000000800bd98                HAL_SPI_Init
 .text.HAL_SPI_TransmitReceive
                0x000000000800beaa      0x344 ./Drivers/STM32F4xx_HAL_Driver/Src/stm32f4xx_hal_spi.o
                0x000000000800beaa                HAL_SPI_TransmitReceive
 *fill*         0x000000000800c1ee        0x2 
 .text.SPI_WaitFlagStateUntilTimeout
                0x000000000800c1f0      0x110 ./Drivers/STM32F4xx_HAL_Driver/Src/stm32f4xx_hal_spi.o
 .text.SPI_EndRxTxTransaction
                0x000000000800c300       0x84 ./Drivers/STM32F4xx_HAL_Driver/Src/stm32f4xx_hal_spi.o
 .text.HAL_TIM_Base_Init
                0x000000000800c384       0x9e ./Drivers/STM32F4xx_HAL_Driver/Src/stm32f4xx_hal_tim.o
                0x000000000800c384                HAL_TIM_Base_Init
 *fill*         0x000000000800c422        0x2 
 .text.HAL_TIM_Base_Start_IT
                0x000000000800c424       0xe0 ./Drivers/STM32F4xx_HAL_Driver/Src/stm32f4xx_hal_tim.o
                0x000000000800c424                HAL_TIM_Base_Start_IT
 .text.HAL_TIM_OC_Init
                0x000000000800c504       0x9e ./Drivers/STM32F4xx_HAL_Driver/Src/stm32f4xx_hal_tim.o
                0x000000000800c504                HAL_TIM_OC_Init
 .text.HAL_TIM_IRQHandler
                0x000000000800c5a2      0x210 ./Drivers/STM32F4xx_HAL_Driver/Src/stm32f4xx_hal_tim.o
                0x000000000800c5a2                HAL_TIM_IRQHandler
 *fill*         0x000000000800c7b2        0x2 
 .text.HAL_TIM_OC_ConfigChannel
                0x000000000800c7b4       0xb8 ./Drivers/STM32F4xx_HAL_Driver/Src/stm32f4xx_hal_tim.o
                0x000000000800c7b4                HAL_TIM_OC_ConfigChannel
 .text.HAL_TIM_ConfigClockSource
                0x000000000800c86c      0x18e ./Drivers/STM32F4xx_HAL_Driver/Src/stm32f4xx_hal_tim.o
                0x000000000800c86c                HAL_TIM_ConfigClockSource
 .text.HAL_TIM_OC_DelayElapsedCallback
                0x000000000800c9fa       0x14 ./Drivers/STM32F4xx_HAL_Driver/Src/stm32f4xx_hal_tim.o
                0x000000000800c9fa                HAL_TIM_OC_DelayElapsedCallback
 .text.HAL_TIM_IC_CaptureCallback
                0x000000000800ca0e       0x14 ./Drivers/STM32F4xx_HAL_Driver/Src/stm32f4xx_hal_tim.o
                0x000000000800ca0e                HAL_TIM_IC_CaptureCallback
 .text.HAL_TIM_PWM_PulseFinishedCallback
                0x000000000800ca22       0x14 ./Drivers/STM32F4xx_HAL_Driver/Src/stm32f4xx_hal_tim.o
                0x000000000800ca22                HAL_TIM_PWM_PulseFinishedCallback
 .text.HAL_TIM_TriggerCallback
                0x000000000800ca36       0x14 ./Drivers/STM32F4xx_HAL_Driver/Src/stm32f4xx_hal_tim.o
                0x000000000800ca36                HAL_TIM_TriggerCallback
 *fill*         0x000000000800ca4a        0x2 
 .text.TIM_Base_SetConfig
                0x000000000800ca4c      0x140 ./Drivers/STM32F4xx_HAL_Driver/Src/stm32f4xx_hal_tim.o
                0x000000000800ca4c                TIM_Base_SetConfig
 .text.TIM_OC1_SetConfig
                0x000000000800cb8c       0xe0 ./Drivers/STM32F4xx_HAL_Driver/Src/stm32f4xx_hal_tim.o
 .text.TIM_OC2_SetConfig
                0x000000000800cc6c       0xec ./Drivers/STM32F4xx_HAL_Driver/Src/stm32f4xx_hal_tim.o
                0x000000000800cc6c                TIM_OC2_SetConfig
 .text.TIM_OC3_SetConfig
                0x000000000800cd58       0xe8 ./Drivers/STM32F4xx_HAL_Driver/Src/stm32f4xx_hal_tim.o
 .text.TIM_OC4_SetConfig
                0x000000000800ce40       0xac ./Drivers/STM32F4xx_HAL_Driver/Src/stm32f4xx_hal_tim.o
 .text.TIM_TI1_ConfigInputStage
                0x000000000800ceec       0x5e ./Drivers/STM32F4xx_HAL_Driver/Src/stm32f4xx_hal_tim.o
 .text.TIM_TI2_ConfigInputStage
                0x000000000800cf4a       0x60 ./Drivers/STM32F4xx_HAL_Driver/Src/stm32f4xx_hal_tim.o
 .text.TIM_ITRx_SetConfig
                0x000000000800cfaa       0x36 ./Drivers/STM32F4xx_HAL_Driver/Src/stm32f4xx_hal_tim.o
 .text.TIM_ETR_SetConfig
                0x000000000800cfe0       0x40 ./Drivers/STM32F4xx_HAL_Driver/Src/stm32f4xx_hal_tim.o
                0x000000000800cfe0                TIM_ETR_SetConfig
 .text.HAL_TIMEx_MasterConfigSynchronization
                0x000000000800d020       0xf8 ./Drivers/STM32F4xx_HAL_Driver/Src/stm32f4xx_hal_tim_ex.o
                0x000000000800d020                HAL_TIMEx_MasterConfigSynchronization
 .text.HAL_TIMEx_CommutCallback
                0x000000000800d118       0x14 ./Drivers/STM32F4xx_HAL_Driver/Src/stm32f4xx_hal_tim_ex.o
                0x000000000800d118                HAL_TIMEx_CommutCallback
 .text.HAL_TIMEx_BreakCallback
                0x000000000800d12c       0x14 ./Drivers/STM32F4xx_HAL_Driver/Src/stm32f4xx_hal_tim_ex.o
                0x000000000800d12c                HAL_TIMEx_BreakCallback
 .text.HAL_UART_Init
                0x000000000800d140       0x9a ./Drivers/STM32F4xx_HAL_Driver/Src/stm32f4xx_hal_uart.o
                0x000000000800d140                HAL_UART_Init
 .text.HAL_HalfDuplex_Init
                0x000000000800d1da       0xaa ./Drivers/STM32F4xx_HAL_Driver/Src/stm32f4xx_hal_uart.o
                0x000000000800d1da                HAL_HalfDuplex_Init
 .text.HAL_UART_Transmit
                0x000000000800d284      0x124 ./Drivers/STM32F4xx_HAL_Driver/Src/stm32f4xx_hal_uart.o
                0x000000000800d284                HAL_UART_Transmit
 .text.HAL_UART_Transmit_DMA
                0x000000000800d3a8       0xfc ./Drivers/STM32F4xx_HAL_Driver/Src/stm32f4xx_hal_uart.o
                0x000000000800d3a8                HAL_UART_Transmit_DMA
 .text.HAL_UART_Receive_DMA
                0x000000000800d4a4       0x60 ./Drivers/STM32F4xx_HAL_Driver/Src/stm32f4xx_hal_uart.o
                0x000000000800d4a4                HAL_UART_Receive_DMA
 .text.HAL_UART_IRQHandler
                0x000000000800d504      0x51c ./Drivers/STM32F4xx_HAL_Driver/Src/stm32f4xx_hal_uart.o
                0x000000000800d504                HAL_UART_IRQHandler
 .text.HAL_UART_TxHalfCpltCallback
                0x000000000800da20       0x14 ./Drivers/STM32F4xx_HAL_Driver/Src/stm32f4xx_hal_uart.o
                0x000000000800da20                HAL_UART_TxHalfCpltCallback
 .text.HAL_UART_RxHalfCpltCallback
                0x000000000800da34       0x14 ./Drivers/STM32F4xx_HAL_Driver/Src/stm32f4xx_hal_uart.o
                0x000000000800da34                HAL_UART_RxHalfCpltCallback
 .text.HAL_UART_ErrorCallback
                0x000000000800da48       0x14 ./Drivers/STM32F4xx_HAL_Driver/Src/stm32f4xx_hal_uart.o
                0x000000000800da48                HAL_UART_ErrorCallback
 .text.HAL_UARTEx_RxEventCallback
                0x000000000800da5c       0x18 ./Drivers/STM32F4xx_HAL_Driver/Src/stm32f4xx_hal_uart.o
                0x000000000800da5c                HAL_UARTEx_RxEventCallback
 .text.HAL_HalfDuplex_EnableTransmitter
                0x000000000800da74       0x68 ./Drivers/STM32F4xx_HAL_Driver/Src/stm32f4xx_hal_uart.o
                0x000000000800da74                HAL_HalfDuplex_EnableTransmitter
 .text.UART_DMATransmitCplt
                0x000000000800dadc       0x9a ./Drivers/STM32F4xx_HAL_Driver/Src/stm32f4xx_hal_uart.o
 .text.UART_DMATxHalfCplt
                0x000000000800db76       0x1c ./Drivers/STM32F4xx_HAL_Driver/Src/stm32f4xx_hal_uart.o
 .text.UART_DMAReceiveCplt
                0x000000000800db92      0x126 ./Drivers/STM32F4xx_HAL_Driver/Src/stm32f4xx_hal_uart.o
 .text.UART_DMARxHalfCplt
                0x000000000800dcb8       0x36 ./Drivers/STM32F4xx_HAL_Driver/Src/stm32f4xx_hal_uart.o
 .text.UART_DMAError
                0x000000000800dcee       0x94 ./Drivers/STM32F4xx_HAL_Driver/Src/stm32f4xx_hal_uart.o
 .text.UART_WaitOnFlagUntilTimeout
                0x000000000800dd82       0xdc ./Drivers/STM32F4xx_HAL_Driver/Src/stm32f4xx_hal_uart.o
 *fill*         0x000000000800de5e        0x2 
 .text.UART_Start_Receive_DMA
                0x000000000800de60      0x13c ./Drivers/STM32F4xx_HAL_Driver/Src/stm32f4xx_hal_uart.o
                0x000000000800de60                UART_Start_Receive_DMA
 .text.UART_EndTxTransfer
                0x000000000800df9c       0x50 ./Drivers/STM32F4xx_HAL_Driver/Src/stm32f4xx_hal_uart.o
 .text.UART_EndRxTransfer
                0x000000000800dfec       0xc6 ./Drivers/STM32F4xx_HAL_Driver/Src/stm32f4xx_hal_uart.o
 .text.UART_DMAAbortOnError
                0x000000000800e0b2       0x28 ./Drivers/STM32F4xx_HAL_Driver/Src/stm32f4xx_hal_uart.o
 .text.UART_Transmit_IT
                0x000000000800e0da       0xa0 ./Drivers/STM32F4xx_HAL_Driver/Src/stm32f4xx_hal_uart.o
 .text.UART_EndTransmit_IT
                0x000000000800e17a       0x30 ./Drivers/STM32F4xx_HAL_Driver/Src/stm32f4xx_hal_uart.o
 .text.UART_Receive_IT
                0x000000000800e1aa      0x176 ./Drivers/STM32F4xx_HAL_Driver/Src/stm32f4xx_hal_uart.o
 .text.UART_SetConfig
                0x000000000800e320      0x4e8 ./Drivers/STM32F4xx_HAL_Driver/Src/stm32f4xx_hal_uart.o
 .text.LL_EXTI_EnableIT_0_31
                0x000000000800e808       0x24 ./Drivers/STM32F4xx_HAL_Driver/Src/stm32f4xx_ll_exti.o
 .text.LL_EXTI_DisableIT_0_31
                0x000000000800e82c       0x28 ./Drivers/STM32F4xx_HAL_Driver/Src/stm32f4xx_ll_exti.o
 .text.LL_EXTI_EnableEvent_0_31
                0x000000000800e854       0x24 ./Drivers/STM32F4xx_HAL_Driver/Src/stm32f4xx_ll_exti.o
 .text.LL_EXTI_DisableEvent_0_31
                0x000000000800e878       0x28 ./Drivers/STM32F4xx_HAL_Driver/Src/stm32f4xx_ll_exti.o
 .text.LL_EXTI_EnableRisingTrig_0_31
                0x000000000800e8a0       0x24 ./Drivers/STM32F4xx_HAL_Driver/Src/stm32f4xx_ll_exti.o
 .text.LL_EXTI_DisableRisingTrig_0_31
                0x000000000800e8c4       0x28 ./Drivers/STM32F4xx_HAL_Driver/Src/stm32f4xx_ll_exti.o
 .text.LL_EXTI_EnableFallingTrig_0_31
                0x000000000800e8ec       0x24 ./Drivers/STM32F4xx_HAL_Driver/Src/stm32f4xx_ll_exti.o
 .text.LL_EXTI_DisableFallingTrig_0_31
                0x000000000800e910       0x28 ./Drivers/STM32F4xx_HAL_Driver/Src/stm32f4xx_ll_exti.o
 .text.LL_EXTI_Init
                0x000000000800e938      0x102 ./Drivers/STM32F4xx_HAL_Driver/Src/stm32f4xx_ll_exti.o
                0x000000000800e938                LL_EXTI_Init
 .text.LL_GPIO_SetPinMode
                0x000000000800ea3a       0x5e ./Drivers/STM32F4xx_HAL_Driver/Src/stm32f4xx_ll_gpio.o
 .text.LL_GPIO_SetPinOutputType
                0x000000000800ea98       0x30 ./Drivers/STM32F4xx_HAL_Driver/Src/stm32f4xx_ll_gpio.o
 .text.LL_GPIO_SetPinSpeed
                0x000000000800eac8       0x5e ./Drivers/STM32F4xx_HAL_Driver/Src/stm32f4xx_ll_gpio.o
 .text.LL_GPIO_SetPinPull
                0x000000000800eb26       0x5e ./Drivers/STM32F4xx_HAL_Driver/Src/stm32f4xx_ll_gpio.o
 .text.LL_GPIO_SetAFPin_0_7
                0x000000000800eb84       0x5e ./Drivers/STM32F4xx_HAL_Driver/Src/stm32f4xx_ll_gpio.o
 .text.LL_GPIO_SetAFPin_8_15
                0x000000000800ebe2       0x62 ./Drivers/STM32F4xx_HAL_Driver/Src/stm32f4xx_ll_gpio.o
 .text.LL_GPIO_Init
                0x000000000800ec44       0xe6 ./Drivers/STM32F4xx_HAL_Driver/Src/stm32f4xx_ll_gpio.o
                0x000000000800ec44                LL_GPIO_Init
 *fill*         0x000000000800ed2a        0x2 
 .text.LL_RCC_GetSysClkSource
                0x000000000800ed2c       0x1c ./Drivers/STM32F4xx_HAL_Driver/Src/stm32f4xx_ll_rcc.o
 .text.LL_RCC_GetAHBPrescaler
                0x000000000800ed48       0x1c ./Drivers/STM32F4xx_HAL_Driver/Src/stm32f4xx_ll_rcc.o
 .text.LL_RCC_GetAPB1Prescaler
                0x000000000800ed64       0x1c ./Drivers/STM32F4xx_HAL_Driver/Src/stm32f4xx_ll_rcc.o
 .text.LL_RCC_GetAPB2Prescaler
                0x000000000800ed80       0x1c ./Drivers/STM32F4xx_HAL_Driver/Src/stm32f4xx_ll_rcc.o
 .text.LL_RCC_PLL_GetMainSource
                0x000000000800ed9c       0x1c ./Drivers/STM32F4xx_HAL_Driver/Src/stm32f4xx_ll_rcc.o
 .text.LL_RCC_PLL_GetN
                0x000000000800edb8       0x1c ./Drivers/STM32F4xx_HAL_Driver/Src/stm32f4xx_ll_rcc.o
 .text.LL_RCC_PLL_GetP
                0x000000000800edd4       0x1c ./Drivers/STM32F4xx_HAL_Driver/Src/stm32f4xx_ll_rcc.o
 .text.LL_RCC_PLL_GetR
                0x000000000800edf0       0x1c ./Drivers/STM32F4xx_HAL_Driver/Src/stm32f4xx_ll_rcc.o
 .text.LL_RCC_PLL_GetDivider
                0x000000000800ee0c       0x1c ./Drivers/STM32F4xx_HAL_Driver/Src/stm32f4xx_ll_rcc.o
 .text.LL_RCC_GetSystemClocksFreq
                0x000000000800ee28       0x4a ./Drivers/STM32F4xx_HAL_Driver/Src/stm32f4xx_ll_rcc.o
                0x000000000800ee28                LL_RCC_GetSystemClocksFreq
 *fill*         0x000000000800ee72        0x2 
 .text.RCC_GetSystemClockFreq
                0x000000000800ee74       0x88 ./Drivers/STM32F4xx_HAL_Driver/Src/stm32f4xx_ll_rcc.o
                0x000000000800ee74                RCC_GetSystemClockFreq
 .text.RCC_GetHCLKClockFreq
                0x000000000800eefc       0x2c ./Drivers/STM32F4xx_HAL_Driver/Src/stm32f4xx_ll_rcc.o
                0x000000000800eefc                RCC_GetHCLKClockFreq
 .text.RCC_GetPCLK1ClockFreq
                0x000000000800ef28       0x28 ./Drivers/STM32F4xx_HAL_Driver/Src/stm32f4xx_ll_rcc.o
                0x000000000800ef28                RCC_GetPCLK1ClockFreq
 .text.RCC_GetPCLK2ClockFreq
                0x000000000800ef50       0x28 ./Drivers/STM32F4xx_HAL_Driver/Src/stm32f4xx_ll_rcc.o
                0x000000000800ef50                RCC_GetPCLK2ClockFreq
 .text.RCC_PLL_GetFreqDomain_SYS
                0x000000000800ef78       0xa4 ./Drivers/STM32F4xx_HAL_Driver/Src/stm32f4xx_ll_rcc.o
                0x000000000800ef78                RCC_PLL_GetFreqDomain_SYS
 .text.LL_TIM_SetPrescaler
                0x000000000800f01c       0x1c ./Drivers/STM32F4xx_HAL_Driver/Src/stm32f4xx_ll_tim.o
 .text.LL_TIM_SetAutoReload
                0x000000000800f038       0x1c ./Drivers/STM32F4xx_HAL_Driver/Src/stm32f4xx_ll_tim.o
 .text.LL_TIM_SetRepetitionCounter
                0x000000000800f054       0x1c ./Drivers/STM32F4xx_HAL_Driver/Src/stm32f4xx_ll_tim.o
 .text.LL_TIM_OC_SetCompareCH1
                0x000000000800f070       0x1c ./Drivers/STM32F4xx_HAL_Driver/Src/stm32f4xx_ll_tim.o
 .text.LL_TIM_OC_SetCompareCH2
                0x000000000800f08c       0x1c ./Drivers/STM32F4xx_HAL_Driver/Src/stm32f4xx_ll_tim.o
 .text.LL_TIM_OC_SetCompareCH3
                0x000000000800f0a8       0x1c ./Drivers/STM32F4xx_HAL_Driver/Src/stm32f4xx_ll_tim.o
 .text.LL_TIM_OC_SetCompareCH4
                0x000000000800f0c4       0x1c ./Drivers/STM32F4xx_HAL_Driver/Src/stm32f4xx_ll_tim.o
 .text.LL_TIM_GenerateEvent_UPDATE
                0x000000000800f0e0       0x20 ./Drivers/STM32F4xx_HAL_Driver/Src/stm32f4xx_ll_tim.o
 .text.LL_TIM_Init
                0x000000000800f100      0x134 ./Drivers/STM32F4xx_HAL_Driver/Src/stm32f4xx_ll_tim.o
                0x000000000800f100                LL_TIM_Init
 .text.LL_TIM_OC_Init
                0x000000000800f234       0x82 ./Drivers/STM32F4xx_HAL_Driver/Src/stm32f4xx_ll_tim.o
                0x000000000800f234                LL_TIM_OC_Init
 *fill*         0x000000000800f2b6        0x2 
 .text.OC1Config
                0x000000000800f2b8       0xd8 ./Drivers/STM32F4xx_HAL_Driver/Src/stm32f4xx_ll_tim.o
 .text.OC2Config
                0x000000000800f390       0xe0 ./Drivers/STM32F4xx_HAL_Driver/Src/stm32f4xx_ll_tim.o
 .text.OC3Config
                0x000000000800f470       0xe0 ./Drivers/STM32F4xx_HAL_Driver/Src/stm32f4xx_ll_tim.o
 .text.OC4Config
                0x000000000800f550       0xb0 ./Drivers/STM32F4xx_HAL_Driver/Src/stm32f4xx_ll_tim.o
 .text.LL_USART_IsEnabled
                0x000000000800f600       0x28 ./Drivers/STM32F4xx_HAL_Driver/Src/stm32f4xx_ll_usart.o
 .text.LL_USART_SetStopBitsLength
                0x000000000800f628       0x26 ./Drivers/STM32F4xx_HAL_Driver/Src/stm32f4xx_ll_usart.o
 .text.LL_USART_SetHWFlowCtrl
                0x000000000800f64e       0x26 ./Drivers/STM32F4xx_HAL_Driver/Src/stm32f4xx_ll_usart.o
 .text.LL_USART_SetBaudRate
                0x000000000800f674      0x458 ./Drivers/STM32F4xx_HAL_Driver/Src/stm32f4xx_ll_usart.o
 .text.LL_USART_Init
                0x000000000800facc      0x100 ./Drivers/STM32F4xx_HAL_Driver/Src/stm32f4xx_ll_usart.o
                0x000000000800facc                LL_USART_Init
 .text.LL_InitTick
                0x000000000800fbcc       0x34 ./Drivers/STM32F4xx_HAL_Driver/Src/stm32f4xx_ll_utils.o
 .text.LL_Init1msTick
                0x000000000800fc00       0x1a ./Drivers/STM32F4xx_HAL_Driver/Src/stm32f4xx_ll_utils.o
                0x000000000800fc00                LL_Init1msTick
 *fill*         0x000000000800fc1a        0x2 
 .text.LL_SetSystemCoreClock
                0x000000000800fc1c       0x20 ./Drivers/STM32F4xx_HAL_Driver/Src/stm32f4xx_ll_utils.o
                0x000000000800fc1c                LL_SetSystemCoreClock
 .text.__cxa_pure_virtual
                0x000000000800fc3c        0x6 c:/st/stm32cubeide_1.11.2/stm32cubeide/plugins/com.st.stm32cube.ide.mcu.externaltools.gnu-tools-for-stm32.10.3-2021.10.win32_1.0.100.202210260954/tools/bin/../lib/gcc/arm-none-eabi/10.3.1/../../../../arm-none-eabi/lib/thumb/v7e-m+fp/hard\libstdc++_nano.a(pure.o)
                0x000000000800fc3c                __cxa_pure_virtual
 .text._ZN10__cxxabiv111__terminateEPFvvE
                0x000000000800fc42        0x8 c:/st/stm32cubeide_1.11.2/stm32cubeide/plugins/com.st.stm32cube.ide.mcu.externaltools.gnu-tools-for-stm32.10.3-2021.10.win32_1.0.100.202210260954/tools/bin/../lib/gcc/arm-none-eabi/10.3.1/../../../../arm-none-eabi/lib/thumb/v7e-m+fp/hard\libstdc++_nano.a(eh_terminate.o)
                0x000000000800fc42                __cxxabiv1::__terminate(void (*)())
 *fill*         0x000000000800fc4a        0x2 
 .text._ZSt13get_terminatev
                0x000000000800fc4c       0x10 c:/st/stm32cubeide_1.11.2/stm32cubeide/plugins/com.st.stm32cube.ide.mcu.externaltools.gnu-tools-for-stm32.10.3-2021.10.win32_1.0.100.202210260954/tools/bin/../lib/gcc/arm-none-eabi/10.3.1/../../../../arm-none-eabi/lib/thumb/v7e-m+fp/hard\libstdc++_nano.a(eh_terminate.o)
                0x000000000800fc4c                std::get_terminate()
 .text._ZSt9terminatev
                0x000000000800fc5c        0xa c:/st/stm32cubeide_1.11.2/stm32cubeide/plugins/com.st.stm32cube.ide.mcu.externaltools.gnu-tools-for-stm32.10.3-2021.10.win32_1.0.100.202210260954/tools/bin/../lib/gcc/arm-none-eabi/10.3.1/../../../../arm-none-eabi/lib/thumb/v7e-m+fp/hard\libstdc++_nano.a(eh_terminate.o)
                0x000000000800fc5c                std::terminate()
 *fill*         0x000000000800fc66        0x2 
 .text.atan     0x000000000800fc68      0x340 c:/st/stm32cubeide_1.11.2/stm32cubeide/plugins/com.st.stm32cube.ide.mcu.externaltools.gnu-tools-for-stm32.10.3-2021.10.win32_1.0.100.202210260954/tools/bin/../lib/gcc/arm-none-eabi/10.3.1/../../../../arm-none-eabi/lib/thumb/v7e-m+fp/hard\libm.a(lib_a-s_atan.o)
                0x000000000800fc68                atan
 .text.cos      0x000000000800ffa8       0xa8 c:/st/stm32cubeide_1.11.2/stm32cubeide/plugins/com.st.stm32cube.ide.mcu.externaltools.gnu-tools-for-stm32.10.3-2021.10.win32_1.0.100.202210260954/tools/bin/../lib/gcc/arm-none-eabi/10.3.1/../../../../arm-none-eabi/lib/thumb/v7e-m+fp/hard\libm.a(lib_a-s_cos.o)
                0x000000000800ffa8                cos
 .text.fabs     0x0000000008010050       0x12 c:/st/stm32cubeide_1.11.2/stm32cubeide/plugins/com.st.stm32cube.ide.mcu.externaltools.gnu-tools-for-stm32.10.3-2021.10.win32_1.0.100.202210260954/tools/bin/../lib/gcc/arm-none-eabi/10.3.1/../../../../arm-none-eabi/lib/thumb/v7e-m+fp/hard\libm.a(lib_a-s_fabs.o)
                0x0000000008010050                fabs
 *fill*         0x0000000008010062        0x6 
 .text.sin      0x0000000008010068       0xb0 c:/st/stm32cubeide_1.11.2/stm32cubeide/plugins/com.st.stm32cube.ide.mcu.externaltools.gnu-tools-for-stm32.10.3-2021.10.win32_1.0.100.202210260954/tools/bin/../lib/gcc/arm-none-eabi/10.3.1/../../../../arm-none-eabi/lib/thumb/v7e-m+fp/hard\libm.a(lib_a-s_sin.o)
                0x0000000008010068                sin
 .text.tan      0x0000000008010118       0x68 c:/st/stm32cubeide_1.11.2/stm32cubeide/plugins/com.st.stm32cube.ide.mcu.externaltools.gnu-tools-for-stm32.10.3-2021.10.win32_1.0.100.202210260954/tools/bin/../lib/gcc/arm-none-eabi/10.3.1/../../../../arm-none-eabi/lib/thumb/v7e-m+fp/hard\libm.a(lib_a-s_tan.o)
                0x0000000008010118                tan
 .text.cosf     0x0000000008010180       0x88 c:/st/stm32cubeide_1.11.2/stm32cubeide/plugins/com.st.stm32cube.ide.mcu.externaltools.gnu-tools-for-stm32.10.3-2021.10.win32_1.0.100.202210260954/tools/bin/../lib/gcc/arm-none-eabi/10.3.1/../../../../arm-none-eabi/lib/thumb/v7e-m+fp/hard\libm.a(lib_a-sf_cos.o)
                0x0000000008010180                cosf
 .text.fabsf    0x0000000008010208        0xe c:/st/stm32cubeide_1.11.2/stm32cubeide/plugins/com.st.stm32cube.ide.mcu.externaltools.gnu-tools-for-stm32.10.3-2021.10.win32_1.0.100.202210260954/tools/bin/../lib/gcc/arm-none-eabi/10.3.1/../../../../arm-none-eabi/lib/thumb/v7e-m+fp/hard\libm.a(lib_a-sf_fabs.o)
                0x0000000008010208                fabsf
 *fill*         0x0000000008010216        0x2 
 .text.sinf     0x0000000008010218       0x8c c:/st/stm32cubeide_1.11.2/stm32cubeide/plugins/com.st.stm32cube.ide.mcu.externaltools.gnu-tools-for-stm32.10.3-2021.10.win32_1.0.100.202210260954/tools/bin/../lib/gcc/arm-none-eabi/10.3.1/../../../../arm-none-eabi/lib/thumb/v7e-m+fp/hard\libm.a(lib_a-sf_sin.o)
                0x0000000008010218                sinf
 .text.pow      0x00000000080102a4       0xe0 c:/st/stm32cubeide_1.11.2/stm32cubeide/plugins/com.st.stm32cube.ide.mcu.externaltools.gnu-tools-for-stm32.10.3-2021.10.win32_1.0.100.202210260954/tools/bin/../lib/gcc/arm-none-eabi/10.3.1/../../../../arm-none-eabi/lib/thumb/v7e-m+fp/hard\libm.a(lib_a-w_pow.o)
                0x00000000080102a4                pow