../Core/Src/dynamixel.c:19:5:dxl_initialize	24	static
../Core/Src/dynamixel.c:35:6:dxl_terminate	8	static
../Core/Src/dynamixel.c:40:6:dxl_tx_packet	16	static
../Core/Src/dynamixel.c:108:6:dxl_rx_packet	16	static
../Core/Src/dynamixel.c:214:6:dxl_txrx_packet	8	static
../Core/Src/dynamixel.c:231:5:dxl_get_result	4	static
../Core/Src/dynamixel.c:236:6:dxl_set_txpacket_id	16	static
../Core/Src/dynamixel.c:241:6:dxl_set_txpacket_instruction	16	static
../Core/Src/dynamixel.c:246:6:dxl_set_txpacket_parameter	16	static
../Core/Src/dynamixel.c:251:6:dxl_set_txpacket_length	16	static
../Core/Src/dynamixel.c:256:5:dxl_get_rxpacket_error	16	static
../Core/Src/dynamixel.c:264:5:dxl_get_rxpacket_length	4	static
../Core/Src/dynamixel.c:269:5:dxl_get_rxpacket_parameter	16	static
../Core/Src/dynamixel.c:274:5:dxl_makeword	24	static
../Core/Src/dynamixel.c:284:5:dxl_get_lowbyte	24	static
../Core/Src/dynamixel.c:292:5:dxl_get_highbyte	24	static
../Core/Src/dynamixel.c:301:6:dxl_ping	16	static
../Core/Src/dynamixel.c:312:5:dxl_read_byte	16	static
../Core/Src/dynamixel.c:327:6:dxl_write_byte	24	static
../Core/Src/dynamixel.c:340:5:dxl_read_word	16	static
../Core/Src/dynamixel.c:358:6:dxl_write_word	24	static
../Core/Src/dynamixel.c:374:5:LL_dxl_read	24	static
../Core/Src/dynamixel.c:389:6:LL_dxl_write	24	static
