../Drivers/STM32F4xx_HAL_Driver/Inc/stm32f4xx_ll_tim.h:2117:22:LL_TIM_OC_SetCompareCH1	16	static
../Drivers/STM32F4xx_HAL_Driver/Inc/stm32f4xx_ll_tim.h:2184:26:LL_TIM_OC_GetCompareCH1	16	static
../Drivers/STM32F4xx_HAL_Driver/Inc/stm32f4xx_ll_tim.h:3204:22:LL_TIM_ClearFlag_CC1	16	static
../Drivers/STM32F4xx_HAL_Driver/Inc/stm32f4xx_ll_tim.h:3215:26:LL_TIM_IsActiveFlag_CC1	16	static
../Drivers/STM32F4xx_HAL_Driver/Inc/stm32f4xx_ll_usart.h:1803:26:LL_USART_IsActiveFlag_TC	16	static
../Drivers/STM32F4xx_HAL_Driver/Inc/stm32f4xx_ll_usart.h:1814:26:LL_USART_IsActiveFlag_TXE	16	static
../Drivers/STM32F4xx_HAL_Driver/Inc/stm32f4xx_ll_usart.h:2227:26:LL_USART_IsEnabledIT_RXNE	16	static
../Drivers/STM32F4xx_HAL_Driver/Inc/stm32f4xx_ll_usart.h:2403:25:LL_USART_ReceiveData8	16	static
../Drivers/STM32F4xx_HAL_Driver/Inc/stm32f4xx_ll_usart.h:2426:22:LL_USART_TransmitData8	16	static
../Core/Src/MxMotor.c:37:6:ClearBuffer256	4	static
../Core/Src/MxMotor.c:41:9:CheckNewArrive	4	static
../Core/Src/MxMotor.c:48:6:TxDByte_DXL	16	static
../Core/Src/MxMotor.c:66:9:RxDByte_DXL	16	static
../Core/Src/MxMotor.c:81:6:PrintCommStatus	16	static
../Core/Src/MxMotor.c:116:6:PrintErrorCode	4	static
../Core/Src/MxMotor.c:141:6:TxDString	16	static
../Core/Src/MxMotor.c:146:6:TxDWord16	16	static
../Core/Src/MxMotor.c:151:6:TxDByte16	24	static
../Core/Src/MxMotor.c:164:6:TxDByte_PC	16	static
../Core/Src/MxMotor.c:170:6:TimerInterrupt_1ms	8	static
../Core/Src/MxMotor.c:184:6:RxD0Interrupt	16	static
../Core/Src/MxMotor.c:191:6:mDelay	16	static
../Core/Src/MxMotor.c:195:6:StartDiscount	16	static
../Core/Src/MxMotor.c:199:9:CheckTimeOut	4	static
../Core/Src/MxMotor.c:210:6:Motor	8	static
../Core/Src/MxMotor.c:236:6:PIDsetup	24	static
../Core/Src/MxMotor.c:242:6:AngleLimit	16	static
../Core/Src/MxMotor.c:247:6:Torque_off	8	static
../Core/Src/MxMotor.c:250:6:Torque_on	8	static
../Core/Src/MxMotor.c:254:9:TorqueState	8	static
